<?xml version="1.0" encoding="ISO-8859-1" ?>
<link_info>
   <banner>TMS320C2000 Linker PC v22.6.1.LTS</banner>
   <copyright>Copyright (c) 1996-2018 Texas Instruments Incorporated</copyright>
   <link_time>0x685e58c8</link_time>
   <link_errors>0x0</link_errors>
   <output_file>adc_ex2_soc_epwm.out</output_file>
   <entry_point>
      <name>code_start</name>
      <address>0x80000</address>
   </entry_point>
   <input_file_list>
      <input_file id="fl-2">
         <path>.\</path>
         <kind>object</kind>
         <file>adc_ex2_soc_epwm.obj</file>
         <name>adc_ex2_soc_epwm.obj</name>
      </input_file>
      <input_file id="fl-3">
         <path>.\syscfg\</path>
         <kind>object</kind>
         <file>board.obj</file>
         <name>board.obj</name>
      </input_file>
      <input_file id="fl-4">
         <path>.\syscfg\</path>
         <kind>object</kind>
         <file>c2000ware_libraries.obj</file>
         <name>c2000ware_libraries.obj</name>
      </input_file>
      <input_file id="fl-5">
         <path>.\</path>
         <kind>object</kind>
         <file>board_module.obj</file>
         <name>board_module.obj</name>
      </input_file>
      <input_file id="fl-6">
         <path>.\</path>
         <kind>object</kind>
         <file>bu_runtime.obj</file>
         <name>bu_runtime.obj</name>
      </input_file>
      <input_file id="fl-7">
         <path>.\</path>
         <kind>object</kind>
         <file>can_module.obj</file>
         <name>can_module.obj</name>
      </input_file>
      <input_file id="fl-8">
         <path>.\</path>
         <kind>object</kind>
         <file>dww_power.obj</file>
         <name>dww_power.obj</name>
      </input_file>
      <input_file id="fl-9">
         <path>.\</path>
         <kind>object</kind>
         <file>flash_module.obj</file>
         <name>flash_module.obj</name>
      </input_file>
      <input_file id="fl-a">
         <path>.\</path>
         <kind>object</kind>
         <file>flashapi_128bit_programming.obj</file>
         <name>flashapi_128bit_programming.obj</name>
      </input_file>
      <input_file id="fl-b">
         <path>.\</path>
         <kind>object</kind>
         <file>runtime.obj</file>
         <name>runtime.obj</name>
      </input_file>
      <input_file id="fl-c">
         <path>.\</path>
         <kind>object</kind>
         <file>s_board_adc.obj</file>
         <name>s_board_adc.obj</name>
      </input_file>
      <input_file id="fl-d">
         <path>.\</path>
         <kind>object</kind>
         <file>timer_module.obj</file>
         <name>timer_module.obj</name>
      </input_file>
      <input_file id="fl-e">
         <path>.\</path>
         <kind>object</kind>
         <file>utilities.obj</file>
         <name>utilities.obj</name>
      </input_file>
      <input_file id="fl-f">
         <path>.\device\</path>
         <kind>object</kind>
         <file>device.obj</file>
         <name>device.obj</name>
      </input_file>
      <input_file id="fl-10">
         <path>.\device\</path>
         <kind>object</kind>
         <file>f28p55x_codestartbranch.obj</file>
         <name>f28p55x_codestartbranch.obj</name>
      </input_file>
      <input_file id="fl-19">
         <kind>object</kind>
         <file>&lt;internal&gt;</file>
         <name>&lt;internal&gt;</name>
      </input_file>
      <input_file id="fl-1a">
         <path>C:\ti\c2000\C2000Ware_5_03_00_00\libraries\flash_api\f28p55x\lib\</path>
         <kind>archive</kind>
         <file>FAPI_F28P55x_EABI_v4.00.00.lib</file>
         <name>Async.obj</name>
      </input_file>
      <input_file id="fl-1b">
         <path>C:\ti\c2000\C2000Ware_5_03_00_00\libraries\flash_api\f28p55x\lib\</path>
         <kind>archive</kind>
         <file>FAPI_F28P55x_EABI_v4.00.00.lib</file>
         <name>Program.obj</name>
      </input_file>
      <input_file id="fl-1c">
         <path>C:\ti\c2000\C2000Ware_5_03_00_00\libraries\flash_api\f28p55x\lib\</path>
         <kind>archive</kind>
         <file>FAPI_F28P55x_EABI_v4.00.00.lib</file>
         <name>BlankCheck.obj</name>
      </input_file>
      <input_file id="fl-1d">
         <path>C:\ti\c2000\C2000Ware_5_03_00_00\libraries\flash_api\f28p55x\lib\</path>
         <kind>archive</kind>
         <file>FAPI_F28P55x_EABI_v4.00.00.lib</file>
         <name>Read.obj</name>
      </input_file>
      <input_file id="fl-1e">
         <path>C:\ti\c2000\C2000Ware_5_03_00_00\libraries\flash_api\f28p55x\lib\</path>
         <kind>archive</kind>
         <file>FAPI_F28P55x_EABI_v4.00.00.lib</file>
         <name>Verify.obj</name>
      </input_file>
      <input_file id="fl-1f">
         <path>C:\ti\c2000\C2000Ware_5_03_00_00\libraries\flash_api\f28p55x\lib\</path>
         <kind>archive</kind>
         <file>FAPI_F28P55x_EABI_v4.00.00.lib</file>
         <name>FlashStateMachine.obj</name>
      </input_file>
      <input_file id="fl-20">
         <path>C:\ti\c2000\C2000Ware_5_03_00_00\libraries\flash_api\f28p55x\lib\</path>
         <kind>archive</kind>
         <file>FAPI_F28P55x_EABI_v4.00.00.lib</file>
         <name>Init.obj</name>
      </input_file>
      <input_file id="fl-21">
         <path>C:\ti\c2000\C2000Ware_5_03_00_00\libraries\flash_api\f28p55x\lib\</path>
         <kind>archive</kind>
         <file>FAPI_F28P55x_EABI_v4.00.00.lib</file>
         <name>Utilities.obj</name>
      </input_file>
      <input_file id="fl-22">
         <path>..\</path>
         <kind>archive</kind>
         <file>driverlib.lib</file>
         <name>adc.obj</name>
      </input_file>
      <input_file id="fl-23">
         <path>..\</path>
         <kind>archive</kind>
         <file>driverlib.lib</file>
         <name>asysctl.obj</name>
      </input_file>
      <input_file id="fl-24">
         <path>..\</path>
         <kind>archive</kind>
         <file>driverlib.lib</file>
         <name>cputimer.obj</name>
      </input_file>
      <input_file id="fl-25">
         <path>..\</path>
         <kind>archive</kind>
         <file>driverlib.lib</file>
         <name>dcc.obj</name>
      </input_file>
      <input_file id="fl-26">
         <path>..\</path>
         <kind>archive</kind>
         <file>driverlib.lib</file>
         <name>flash.obj</name>
      </input_file>
      <input_file id="fl-27">
         <path>..\</path>
         <kind>archive</kind>
         <file>driverlib.lib</file>
         <name>gpio.obj</name>
      </input_file>
      <input_file id="fl-28">
         <path>..\</path>
         <kind>archive</kind>
         <file>driverlib.lib</file>
         <name>interrupt.obj</name>
      </input_file>
      <input_file id="fl-29">
         <path>..\</path>
         <kind>archive</kind>
         <file>driverlib.lib</file>
         <name>mcan.obj</name>
      </input_file>
      <input_file id="fl-2a">
         <path>..\</path>
         <kind>archive</kind>
         <file>driverlib.lib</file>
         <name>pga.obj</name>
      </input_file>
      <input_file id="fl-2b">
         <path>..\</path>
         <kind>archive</kind>
         <file>driverlib.lib</file>
         <name>sysctl.obj</name>
      </input_file>
      <input_file id="fl-37">
         <path>C:\ti\ccs1281\ccs\tools\compiler\ti-cgt-c2000_22.6.1.LTS\lib\</path>
         <kind>archive</kind>
         <file>rts2800_fpu32_eabi.lib</file>
         <name>e_sqrtf.c.obj</name>
      </input_file>
      <input_file id="fl-38">
         <path>C:\ti\ccs1281\ccs\tools\compiler\ti-cgt-c2000_22.6.1.LTS\lib\</path>
         <kind>archive</kind>
         <file>rts2800_fpu32_eabi.lib</file>
         <name>boot28.asm.obj</name>
      </input_file>
      <input_file id="fl-39">
         <path>C:\ti\ccs1281\ccs\tools\compiler\ti-cgt-c2000_22.6.1.LTS\lib\</path>
         <kind>archive</kind>
         <file>rts2800_fpu32_eabi.lib</file>
         <name>fd_sub28.asm.obj</name>
      </input_file>
      <input_file id="fl-3a">
         <path>C:\ti\ccs1281\ccs\tools\compiler\ti-cgt-c2000_22.6.1.LTS\lib\</path>
         <kind>archive</kind>
         <file>rts2800_fpu32_eabi.lib</file>
         <name>fd_toul28.asm.obj</name>
      </input_file>
      <input_file id="fl-3b">
         <path>C:\ti\ccs1281\ccs\tools\compiler\ti-cgt-c2000_22.6.1.LTS\lib\</path>
         <kind>archive</kind>
         <file>rts2800_fpu32_eabi.lib</file>
         <name>fs_div28.asm.obj</name>
      </input_file>
      <input_file id="fl-3c">
         <path>C:\ti\ccs1281\ccs\tools\compiler\ti-cgt-c2000_22.6.1.LTS\lib\</path>
         <kind>archive</kind>
         <file>rts2800_fpu32_eabi.lib</file>
         <name>ll_aox28.asm.obj</name>
      </input_file>
      <input_file id="fl-3d">
         <path>C:\ti\ccs1281\ccs\tools\compiler\ti-cgt-c2000_22.6.1.LTS\lib\</path>
         <kind>archive</kind>
         <file>rts2800_fpu32_eabi.lib</file>
         <name>ll_cmp28.asm.obj</name>
      </input_file>
      <input_file id="fl-3e">
         <path>C:\ti\ccs1281\ccs\tools\compiler\ti-cgt-c2000_22.6.1.LTS\lib\</path>
         <kind>archive</kind>
         <file>rts2800_fpu32_eabi.lib</file>
         <name>i_div28.asm.obj</name>
      </input_file>
      <input_file id="fl-3f">
         <path>C:\ti\ccs1281\ccs\tools\compiler\ti-cgt-c2000_22.6.1.LTS\lib\</path>
         <kind>archive</kind>
         <file>rts2800_fpu32_eabi.lib</file>
         <name>u_div28.asm.obj</name>
      </input_file>
      <input_file id="fl-40">
         <path>C:\ti\ccs1281\ccs\tools\compiler\ti-cgt-c2000_22.6.1.LTS\lib\</path>
         <kind>archive</kind>
         <file>rts2800_fpu32_eabi.lib</file>
         <name>ul_tofd28.asm.obj</name>
      </input_file>
      <input_file id="fl-41">
         <path>C:\ti\ccs1281\ccs\tools\compiler\ti-cgt-c2000_22.6.1.LTS\lib\</path>
         <kind>archive</kind>
         <file>rts2800_fpu32_eabi.lib</file>
         <name>fd_div28.asm.obj</name>
      </input_file>
      <input_file id="fl-42">
         <path>C:\ti\ccs1281\ccs\tools\compiler\ti-cgt-c2000_22.6.1.LTS\lib\</path>
         <kind>archive</kind>
         <file>rts2800_fpu32_eabi.lib</file>
         <name>memcpy.c.obj</name>
      </input_file>
      <input_file id="fl-43">
         <path>C:\ti\ccs1281\ccs\tools\compiler\ti-cgt-c2000_22.6.1.LTS\lib\</path>
         <kind>archive</kind>
         <file>rts2800_fpu32_eabi.lib</file>
         <name>pre_init.c.obj</name>
      </input_file>
      <input_file id="fl-44">
         <path>C:\ti\ccs1281\ccs\tools\compiler\ti-cgt-c2000_22.6.1.LTS\lib\</path>
         <kind>archive</kind>
         <file>rts2800_fpu32_eabi.lib</file>
         <name>autoinit.c.obj</name>
      </input_file>
      <input_file id="fl-45">
         <path>C:\ti\ccs1281\ccs\tools\compiler\ti-cgt-c2000_22.6.1.LTS\lib\</path>
         <kind>archive</kind>
         <file>rts2800_fpu32_eabi.lib</file>
         <name>copy_zero_init.c.obj</name>
      </input_file>
      <input_file id="fl-46">
         <path>C:\ti\ccs1281\ccs\tools\compiler\ti-cgt-c2000_22.6.1.LTS\lib\</path>
         <kind>archive</kind>
         <file>rts2800_fpu32_eabi.lib</file>
         <name>copy_decompress_none.c.obj</name>
      </input_file>
      <input_file id="fl-47">
         <path>C:\ti\ccs1281\ccs\tools\compiler\ti-cgt-c2000_22.6.1.LTS\lib\</path>
         <kind>archive</kind>
         <file>rts2800_fpu32_eabi.lib</file>
         <name>copy_decompress_lzss.c.obj</name>
      </input_file>
      <input_file id="fl-48">
         <path>C:\ti\ccs1281\ccs\tools\compiler\ti-cgt-c2000_22.6.1.LTS\lib\</path>
         <kind>archive</kind>
         <file>rts2800_fpu32_eabi.lib</file>
         <name>exit.c.obj</name>
      </input_file>
      <input_file id="fl-49">
         <path>C:\ti\ccs1281\ccs\tools\compiler\ti-cgt-c2000_22.6.1.LTS\lib\</path>
         <kind>archive</kind>
         <file>rts2800_fpu32_eabi.lib</file>
         <name>_lock.c.obj</name>
      </input_file>
      <input_file id="fl-4a">
         <path>C:\ti\ccs1281\ccs\tools\compiler\ti-cgt-c2000_22.6.1.LTS\lib\</path>
         <kind>archive</kind>
         <file>rts2800_fpu32_eabi.lib</file>
         <name>args_main.c.obj</name>
      </input_file>
      <input_file id="fl-4b">
         <path>C:\ti\ccs1281\ccs\tools\compiler\ti-cgt-c2000_22.6.1.LTS\lib\</path>
         <kind>archive</kind>
         <file>rts2800_fpu32_eabi.lib</file>
         <name>memset.c.obj</name>
      </input_file>
      <input_file id="fl-4c">
         <path>C:\ti\ccs1281\ccs\tools\compiler\ti-cgt-c2000_22.6.1.LTS\lib\</path>
         <kind>archive</kind>
         <file>rts2800_fpu32_eabi.lib</file>
         <name>errno.c.obj</name>
      </input_file>
      <input_file id="fl-4d">
         <path>C:\ti\ccs1281\ccs\tools\compiler\ti-cgt-c2000_22.6.1.LTS\lib\</path>
         <kind>archive</kind>
         <file>rts2800_fpu32_eabi.lib</file>
         <name>fd_add28.asm.obj</name>
      </input_file>
      <input_file id="fl-4e">
         <path>C:\ti\ccs1281\ccs\tools\compiler\ti-cgt-c2000_22.6.1.LTS\lib\</path>
         <kind>archive</kind>
         <file>rts2800_fpu32_eabi.lib</file>
         <name>cpy_tbl.c.obj</name>
      </input_file>
      <input_file id="fl-4f">
         <path>C:\ti\ccs1281\ccs\tools\compiler\ti-cgt-c2000_22.6.1.LTS\lib\</path>
         <kind>archive</kind>
         <file>rts2800_fpu32_eabi.lib</file>
         <name>startup.c.obj</name>
      </input_file>
   </input_file_list>
   <object_component_list>
      <object_component id="oc-23">
         <name>codestart</name>
         <load_address>0x80000</load_address>
         <run_address>0x80000</run_address>
         <size>0x2</size>
         <input_file_ref idref="fl-10"/>
      </object_component>
      <object_component id="oc-6a2">
         <name>.text:MCAN_msgRAMConfig</name>
         <load_address>0x80008</load_address>
         <run_address>0x80008</run_address>
         <size>0x1c2</size>
         <input_file_ref idref="fl-29"/>
      </object_component>
      <object_component id="oc-3a">
         <name>.text:adcA1ISR</name>
         <load_address>0x801ca</load_address>
         <run_address>0x801ca</run_address>
         <size>0x17a</size>
         <input_file_ref idref="fl-c"/>
      </object_component>
      <object_component id="oc-6b7">
         <name>.text:PinMux_init</name>
         <load_address>0x80344</load_address>
         <run_address>0x80344</run_address>
         <size>0x155</size>
         <input_file_ref idref="fl-3"/>
      </object_component>
      <object_component id="oc-4e8">
         <name>.text:MCANConfig</name>
         <load_address>0x80499</load_address>
         <run_address>0x80499</run_address>
         <size>0x12c</size>
         <input_file_ref idref="fl-7"/>
      </object_component>
      <object_component id="oc-5ed">
         <name>.text:SysCtl_setClock</name>
         <load_address>0x805c5</load_address>
         <run_address>0x805c5</run_address>
         <size>0x123</size>
         <input_file_ref idref="fl-2b"/>
      </object_component>
      <object_component id="oc-496">
         <name>.text:MCAN_writeMsg</name>
         <load_address>0x806e8</load_address>
         <run_address>0x806e8</run_address>
         <size>0x122</size>
         <input_file_ref idref="fl-29"/>
      </object_component>
      <object_component id="oc-7c0">
         <name>.text:myADC0_init</name>
         <load_address>0x8080a</load_address>
         <run_address>0x8080a</run_address>
         <size>0x11e</size>
         <input_file_ref idref="fl-3"/>
      </object_component>
      <object_component id="oc-1c8">
         <name>.text:MCAN_readMsg</name>
         <load_address>0x80928</load_address>
         <run_address>0x80928</run_address>
         <size>0x107</size>
         <input_file_ref idref="fl-29"/>
      </object_component>
      <object_component id="oc-76a">
         <name>.text:SysCtl_isPLLValid</name>
         <load_address>0x80a2f</load_address>
         <run_address>0x80a2f</run_address>
         <size>0xfe</size>
         <input_file_ref idref="fl-2b"/>
      </object_component>
      <object_component id="oc-2e">
         <name>.text:MCANIntr1ISR</name>
         <load_address>0x80b2d</load_address>
         <run_address>0x80b2d</run_address>
         <size>0xf8</size>
         <input_file_ref idref="fl-7"/>
      </object_component>
      <object_component id="oc-696">
         <name>.text:MCAN_init</name>
         <load_address>0x80c25</load_address>
         <run_address>0x80c25</run_address>
         <size>0xf0</size>
         <input_file_ref idref="fl-29"/>
      </object_component>
      <object_component id="oc-61e">
         <name>.text:GPIO_setAnalogMode</name>
         <load_address>0x80d15</load_address>
         <run_address>0x80d15</run_address>
         <size>0xeb</size>
         <input_file_ref idref="fl-27"/>
      </object_component>
      <object_component id="oc-606">
         <name>.text:Device_enableAllPeripherals</name>
         <load_address>0x80e00</load_address>
         <run_address>0x80e00</run_address>
         <size>0xd8</size>
         <input_file_ref idref="fl-f"/>
      </object_component>
      <object_component id="oc-4ac">
         <name>.text:Device_init</name>
         <load_address>0x80ed8</load_address>
         <run_address>0x80ed8</run_address>
         <size>0xc5</size>
         <input_file_ref idref="fl-f"/>
      </object_component>
      <object_component id="oc-310">
         <name>.text:main</name>
         <load_address>0x80f9d</load_address>
         <run_address>0x80f9d</run_address>
         <size>0xc2</size>
         <input_file_ref idref="fl-2"/>
      </object_component>
      <object_component id="oc-69c">
         <name>.text:MCAN_setBitTime</name>
         <load_address>0x8105f</load_address>
         <run_address>0x8105f</run_address>
         <size>0xb9</size>
         <input_file_ref idref="fl-29"/>
      </object_component>
      <object_component id="oc-3fe">
         <name>.text:handleMissingFrames</name>
         <load_address>0x81118</load_address>
         <run_address>0x81118</run_address>
         <size>0xa5</size>
         <input_file_ref idref="fl-7"/>
      </object_component>
      <object_component id="oc-500">
         <name>.text:initBranchRuntime</name>
         <load_address>0x811bd</load_address>
         <run_address>0x811bd</run_address>
         <size>0xa4</size>
         <input_file_ref idref="fl-6"/>
      </object_component>
      <object_component id="oc-1e5">
         <name>.text:processBUFrames</name>
         <load_address>0x81261</load_address>
         <run_address>0x81261</run_address>
         <size>0x9e</size>
         <input_file_ref idref="fl-7"/>
      </object_component>
      <object_component id="oc-ae">
         <name>.text:MCAN_readMsgRam</name>
         <load_address>0x812ff</load_address>
         <run_address>0x812ff</run_address>
         <size>0x98</size>
         <input_file_ref idref="fl-29"/>
      </object_component>
      <object_component id="oc-54a">
         <name>.text:processVoltageFrame</name>
         <load_address>0x81397</load_address>
         <run_address>0x81397</run_address>
         <size>0x8b</size>
         <input_file_ref idref="fl-b"/>
      </object_component>
      <object_component id="oc-10e">
         <name>.text</name>
         <load_address>0x81422</load_address>
         <run_address>0x81422</run_address>
         <size>0x88</size>
         <input_file_ref idref="fl-3b"/>
      </object_component>
      <object_component id="oc-57e">
         <name>.text:resetCANModule</name>
         <load_address>0x814aa</load_address>
         <run_address>0x814aa</run_address>
         <size>0x87</size>
         <input_file_ref idref="fl-7"/>
      </object_component>
      <object_component id="oc-58b">
         <name>.text:processBUBoardData</name>
         <load_address>0x81531</load_address>
         <run_address>0x81531</run_address>
         <size>0x7f</size>
         <input_file_ref idref="fl-5"/>
      </object_component>
      <object_component id="oc-564">
         <name>.text:transmitGainFrames</name>
         <load_address>0x815b0</load_address>
         <run_address>0x815b0</run_address>
         <size>0x7e</size>
         <input_file_ref idref="fl-7"/>
      </object_component>
      <object_component id="oc-7c6">
         <name>.text:myADC1_init</name>
         <load_address>0x8162e</load_address>
         <run_address>0x8162e</run_address>
         <size>0x7d</size>
         <input_file_ref idref="fl-3"/>
      </object_component>
      <object_component id="oc-53b">
         <name>.text:MCAN_getRxFIFOStatus</name>
         <load_address>0x816ab</load_address>
         <run_address>0x816ab</run_address>
         <size>0x78</size>
         <input_file_ref idref="fl-29"/>
      </object_component>
      <object_component id="oc-645">
         <name>.text:EPWM_setADCTriggerSource</name>
         <load_address>0x81723</load_address>
         <run_address>0x81723</run_address>
         <size>0x75</size>
         <input_file_ref idref="fl-c"/>
      </object_component>
      <object_component id="oc-831">
         <name>.text:DCC_setCounterSeeds</name>
         <load_address>0x81798</load_address>
         <run_address>0x81798</run_address>
         <size>0x73</size>
         <input_file_ref idref="fl-2b"/>
      </object_component>
      <object_component id="oc-404">
         <name>.text:copyRxFIFO</name>
         <load_address>0x8180b</load_address>
         <run_address>0x8180b</run_address>
         <size>0x71</size>
         <input_file_ref idref="fl-7"/>
      </object_component>
      <object_component id="oc-3d4">
         <name>.text:transmit</name>
         <load_address>0x8187c</load_address>
         <run_address>0x8187c</run_address>
         <size>0x71</size>
         <input_file_ref idref="fl-7"/>
      </object_component>
      <object_component id="oc-2b8">
         <name>.text:sendBUFrameAcknowledgment</name>
         <load_address>0x818ed</load_address>
         <run_address>0x818ed</run_address>
         <size>0x6d</size>
         <input_file_ref idref="fl-7"/>
      </object_component>
      <object_component id="oc-3ce">
         <name>.text:prepareFramesForTransmission</name>
         <load_address>0x8195a</load_address>
         <run_address>0x8195a</run_address>
         <size>0x6a</size>
         <input_file_ref idref="fl-7"/>
      </object_component>
      <object_component id="oc-3c8">
         <name>.text:sendCalibrationDataFormatVersion</name>
         <load_address>0x819c4</load_address>
         <run_address>0x819c4</run_address>
         <size>0x6a</size>
         <input_file_ref idref="fl-7"/>
      </object_component>
      <object_component id="oc-70c">
         <name>.text:calibDataUpdateFailAck</name>
         <load_address>0x81a2e</load_address>
         <run_address>0x81a2e</run_address>
         <size>0x68</size>
         <input_file_ref idref="fl-e"/>
      </object_component>
      <object_component id="oc-706">
         <name>.text:calibDataUpdateSuccessAck</name>
         <load_address>0x81a96</load_address>
         <run_address>0x81a96</run_address>
         <size>0x68</size>
         <input_file_ref idref="fl-e"/>
      </object_component>
      <object_component id="oc-416">
         <name>.text:erasedBank4Ack</name>
         <load_address>0x81afe</load_address>
         <run_address>0x81afe</run_address>
         <size>0x68</size>
         <input_file_ref idref="fl-e"/>
      </object_component>
      <object_component id="oc-55d">
         <name>.text:maxRetriesExceeded</name>
         <load_address>0x81b66</load_address>
         <run_address>0x81b66</run_address>
         <size>0x68</size>
         <input_file_ref idref="fl-7"/>
      </object_component>
      <object_component id="oc-41c">
         <name>.text:writtenDefaultCalibrationValuesAck</name>
         <load_address>0x81bce</load_address>
         <run_address>0x81bce</run_address>
         <size>0x68</size>
         <input_file_ref idref="fl-e"/>
      </object_component>
      <object_component id="oc-5f9">
         <name>.text:SysCtl_getClock</name>
         <load_address>0x81c36</load_address>
         <run_address>0x81c36</run_address>
         <size>0x65</size>
         <input_file_ref idref="fl-2b"/>
      </object_component>
      <object_component id="oc-3e5">
         <name>.text:copyVoltageRxFIFO</name>
         <load_address>0x81c9b</load_address>
         <run_address>0x81c9b</run_address>
         <size>0x5e</size>
         <input_file_ref idref="fl-b"/>
      </object_component>
      <object_component id="oc-40a">
         <name>.text:sendDiscoveryMessage</name>
         <load_address>0x81cf9</load_address>
         <run_address>0x81cf9</run_address>
         <size>0x5d</size>
         <input_file_ref idref="fl-7"/>
      </object_component>
      <object_component id="oc-3b6">
         <name>.text:startupfunc</name>
         <load_address>0x81d56</load_address>
         <run_address>0x81d56</run_address>
         <size>0x5c</size>
         <input_file_ref idref="fl-5"/>
      </object_component>
      <object_component id="oc-544">
         <name>.text:MCAN_writeRxFIFOAck</name>
         <load_address>0x81db2</load_address>
         <run_address>0x81db2</run_address>
         <size>0x5a</size>
         <input_file_ref idref="fl-29"/>
      </object_component>
      <object_component id="oc-3c2">
         <name>.text:writeDefaultCalibrationValues</name>
         <load_address>0x81e0c</load_address>
         <run_address>0x81e0c</run_address>
         <size>0x58</size>
         <input_file_ref idref="fl-9"/>
      </object_component>
      <object_component id="oc-384">
         <name>.text:MCAN_writeMsgRam</name>
         <load_address>0x81e64</load_address>
         <run_address>0x81e64</run_address>
         <size>0x57</size>
         <input_file_ref idref="fl-29"/>
      </object_component>
      <object_component id="oc-4d0">
         <name>.text:GPIO_setPadConfig</name>
         <load_address>0x81ebb</load_address>
         <run_address>0x81ebb</run_address>
         <size>0x52</size>
         <input_file_ref idref="fl-27"/>
      </object_component>
      <object_component id="oc-3bc">
         <name>.text:adc_init</name>
         <load_address>0x81f0d</load_address>
         <run_address>0x81f0d</run_address>
         <size>0x52</size>
         <input_file_ref idref="fl-c"/>
      </object_component>
      <object_component id="oc-2a0">
         <name>.text:findReadAndWriteAddress</name>
         <load_address>0x81f5f</load_address>
         <run_address>0x81f5f</run_address>
         <size>0x51</size>
         <input_file_ref idref="fl-9"/>
      </object_component>
      <object_component id="oc-6a8">
         <name>.text:MCAN_addStdMsgIDFilter</name>
         <load_address>0x81fb0</load_address>
         <run_address>0x81fb0</run_address>
         <size>0x4f</size>
         <input_file_ref idref="fl-29"/>
      </object_component>
      <object_component id="oc-46">
         <name>.text:frameTrackingTimerISR</name>
         <load_address>0x81fff</load_address>
         <run_address>0x81fff</run_address>
         <size>0x4f</size>
         <input_file_ref idref="fl-d"/>
      </object_component>
      <object_component id="oc-29a">
         <name>.text:eraseBank4</name>
         <load_address>0x8204e</load_address>
         <run_address>0x8204e</run_address>
         <size>0x4e</size>
         <input_file_ref idref="fl-9"/>
      </object_component>
      <object_component id="oc-4b2">
         <name>.text:initDIPSwitchGPIO</name>
         <load_address>0x8209c</load_address>
         <run_address>0x8209c</run_address>
         <size>0x4e</size>
         <input_file_ref idref="fl-5"/>
      </object_component>
      <object_component id="oc-422">
         <name>.text:checkAddressChange</name>
         <load_address>0x820ea</load_address>
         <run_address>0x820ea</run_address>
         <size>0x4d</size>
         <input_file_ref idref="fl-5"/>
      </object_component>
      <object_component id="oc-75e">
         <name>.text:SysCtl_selectOscSource</name>
         <load_address>0x82137</load_address>
         <run_address>0x82137</run_address>
         <size>0x47</size>
         <input_file_ref idref="fl-2b"/>
      </object_component>
      <object_component id="oc-87a">
         <name>.text:ADC_setupSOC</name>
         <load_address>0x8217e</load_address>
         <run_address>0x8217e</run_address>
         <size>0x46</size>
         <input_file_ref idref="fl-3"/>
      </object_component>
      <object_component id="oc-7f3">
         <name>.text:SysCtl_selectXTAL</name>
         <load_address>0x821c4</load_address>
         <run_address>0x821c4</run_address>
         <size>0x46</size>
         <input_file_ref idref="fl-2b"/>
      </object_component>
      <object_component id="oc-8a5">
         <name>.text:SysCtl_pollX1Counter</name>
         <load_address>0x8220a</load_address>
         <run_address>0x8220a</run_address>
         <size>0x45</size>
         <input_file_ref idref="fl-2b"/>
      </object_component>
      <object_component id="oc-612">
         <name>.text:PGA_setOffsetTrimPMOS</name>
         <load_address>0x8224f</load_address>
         <run_address>0x8224f</run_address>
         <size>0x44</size>
         <input_file_ref idref="fl-2a"/>
      </object_component>
      <object_component id="oc-60c">
         <name>.text:PGA_setOffsetTrimNMOS</name>
         <load_address>0x82293</load_address>
         <run_address>0x82293</run_address>
         <size>0x41</size>
         <input_file_ref idref="fl-2a"/>
      </object_component>
      <object_component id="oc-c3">
         <name>.text:processBUSpecificMessage</name>
         <load_address>0x822d4</load_address>
         <run_address>0x822d4</run_address>
         <size>0x3f</size>
         <input_file_ref idref="fl-7"/>
      </object_component>
      <object_component id="oc-519">
         <name>.text:ADC_setVREF</name>
         <load_address>0x82313</load_address>
         <run_address>0x82313</run_address>
         <size>0x3e</size>
         <input_file_ref idref="fl-22"/>
      </object_component>
      <object_component id="oc-2a6">
         <name>.text:eraseSectorOrFindEmptySector</name>
         <load_address>0x82351</load_address>
         <run_address>0x82351</run_address>
         <size>0x3e</size>
         <input_file_ref idref="fl-9"/>
      </object_component>
      <object_component id="oc-e1">
         <name>.text:Interrupt_initModule</name>
         <load_address>0x8238f</load_address>
         <run_address>0x8238f</run_address>
         <size>0x3d</size>
         <input_file_ref idref="fl-28"/>
      </object_component>
      <object_component id="oc-6d8">
         <name>.text:EPWM_isBaseValid</name>
         <load_address>0x823cc</load_address>
         <run_address>0x823cc</run_address>
         <size>0x3b</size>
         <input_file_ref idref="fl-c"/>
      </object_component>
      <object_component id="oc-64b">
         <name>.text:EPWM_setADCTriggerEventPrescale</name>
         <load_address>0x82407</load_address>
         <run_address>0x82407</run_address>
         <size>0x3a</size>
         <input_file_ref idref="fl-c"/>
      </object_component>
      <object_component id="oc-62b">
         <name>.text:GPIO_setQualificationPeriod</name>
         <load_address>0x82441</load_address>
         <run_address>0x82441</run_address>
         <size>0x39</size>
         <input_file_ref idref="fl-27"/>
      </object_component>
      <object_component id="oc-4e2">
         <name>.text:GPIO_setPinConfig</name>
         <load_address>0x8247a</load_address>
         <run_address>0x8247a</run_address>
         <size>0x37</size>
         <input_file_ref idref="fl-27"/>
      </object_component>
      <object_component id="oc-625">
         <name>.text:GPIO_setQualificationMode</name>
         <load_address>0x824b1</load_address>
         <run_address>0x824b1</run_address>
         <size>0x37</size>
         <input_file_ref idref="fl-27"/>
      </object_component>
      <object_component id="oc-ed">
         <name>.text:Interrupt_enable</name>
         <load_address>0x824e8</load_address>
         <run_address>0x824e8</run_address>
         <size>0x37</size>
         <input_file_ref idref="fl-28"/>
      </object_component>
      <object_component id="oc-14f">
         <name>.text:configCPUTimer</name>
         <load_address>0x8251f</load_address>
         <run_address>0x8251f</run_address>
         <size>0x36</size>
         <input_file_ref idref="fl-d"/>
      </object_component>
      <object_component id="oc-58">
         <name>.text:configureTimer2</name>
         <load_address>0x82555</load_address>
         <run_address>0x82555</run_address>
         <size>0x35</size>
         <input_file_ref idref="fl-d"/>
      </object_component>
      <object_component id="oc-4be">
         <name>.text:initEPWM</name>
         <load_address>0x8258a</load_address>
         <run_address>0x8258a</run_address>
         <size>0x34</size>
         <input_file_ref idref="fl-c"/>
      </object_component>
      <object_component id="oc-4ee">
         <name>.text:MCAN_enableIntr</name>
         <load_address>0x825be</load_address>
         <run_address>0x825be</run_address>
         <size>0x33</size>
         <input_file_ref idref="fl-29"/>
      </object_component>
      <object_component id="oc-4f4">
         <name>.text:MCAN_selectIntrLine</name>
         <load_address>0x825f1</load_address>
         <run_address>0x825f1</run_address>
         <size>0x33</size>
         <input_file_ref idref="fl-29"/>
      </object_component>
      <object_component id="oc-52">
         <name>.text:cpuTimer2ISR</name>
         <load_address>0x82624</load_address>
         <run_address>0x82624</run_address>
         <size>0x32</size>
         <input_file_ref idref="fl-d"/>
      </object_component>
      <object_component id="oc-4d6">
         <name>.text:GPIO_setDirectionMode</name>
         <load_address>0x82656</load_address>
         <run_address>0x82656</run_address>
         <size>0x31</size>
         <input_file_ref idref="fl-27"/>
      </object_component>
      <object_component id="oc-16">
         <name>.text:decompress:lzss</name>
         <load_address>0x82687</load_address>
         <run_address>0x82687</run_address>
         <size>0x30</size>
         <input_file_ref idref="fl-47"/>
      </object_component>
      <object_component id="oc-886">
         <name>.text:ADC_setInterruptSource</name>
         <load_address>0x826b7</load_address>
         <run_address>0x826b7</run_address>
         <size>0x2f</size>
         <input_file_ref idref="fl-3"/>
      </object_component>
      <object_component id="oc-880">
         <name>.text:ADC_setInterruptSOCTrigger</name>
         <load_address>0x826e6</load_address>
         <run_address>0x826e6</run_address>
         <size>0x2e</size>
         <input_file_ref idref="fl-3"/>
      </object_component>
      <object_component id="oc-149">
         <name>.text:initCPUTimers</name>
         <load_address>0x82714</load_address>
         <run_address>0x82714</run_address>
         <size>0x2e</size>
         <input_file_ref idref="fl-d"/>
      </object_component>
      <object_component id="oc-38a">
         <name>.text:MCAN_txBufAddReq</name>
         <load_address>0x82742</load_address>
         <run_address>0x82742</run_address>
         <size>0x2c</size>
         <input_file_ref idref="fl-29"/>
      </object_component>
      <object_component id="oc-2e0">
         <name>.text:__TI_auto_init_nobinit_nopinit</name>
         <load_address>0x8276e</load_address>
         <run_address>0x8276e</run_address>
         <size>0x2b</size>
         <input_file_ref idref="fl-44"/>
      </object_component>
      <object_component id="oc-4fa">
         <name>.text:MCAN_enableIntrLine</name>
         <load_address>0x82799</load_address>
         <run_address>0x82799</run_address>
         <size>0x29</size>
         <input_file_ref idref="fl-29"/>
      </object_component>
      <object_component id="oc-4dc">
         <name>.text:SysCtl_setMCANClk</name>
         <load_address>0x827c2</load_address>
         <run_address>0x827c2</run_address>
         <size>0x29</size>
         <input_file_ref idref="fl-5"/>
      </object_component>
      <object_component id="oc-267">
         <name>.text</name>
         <load_address>0x827eb</load_address>
         <run_address>0x827eb</run_address>
         <size>0x29</size>
         <input_file_ref idref="fl-48"/>
      </object_component>
      <object_component id="oc-113">
         <name>.text</name>
         <load_address>0x82814</load_address>
         <run_address>0x82814</run_address>
         <size>0x27</size>
         <input_file_ref idref="fl-37"/>
      </object_component>
      <object_component id="oc-7f9">
         <name>.text:SysCtl_selectXTALSingleEnded</name>
         <load_address>0x8283b</load_address>
         <run_address>0x8283b</run_address>
         <size>0x25</size>
         <input_file_ref idref="fl-2b"/>
      </object_component>
      <object_component id="oc-3f8">
         <name>.text:readCANAddress</name>
         <load_address>0x82860</load_address>
         <run_address>0x82860</run_address>
         <size>0x25</size>
         <input_file_ref idref="fl-5"/>
      </object_component>
      <object_component id="oc-837">
         <name>.text:DCC_enableSingleShotMode</name>
         <load_address>0x82885</load_address>
         <run_address>0x82885</run_address>
         <size>0x24</size>
         <input_file_ref idref="fl-2b"/>
      </object_component>
      <object_component id="oc-7d6">
         <name>.text:GPIO_isPinValid</name>
         <load_address>0x828a9</load_address>
         <run_address>0x828a9</run_address>
         <size>0x23</size>
         <input_file_ref idref="fl-5"/>
      </object_component>
      <object_component id="oc-678">
         <name>.text:GPIO_isPinValid</name>
         <load_address>0x828cc</load_address>
         <run_address>0x828cc</run_address>
         <size>0x23</size>
         <input_file_ref idref="fl-27"/>
      </object_component>
      <object_component id="oc-6f7">
         <name>.text:GPIO_readPin</name>
         <load_address>0x828ef</load_address>
         <run_address>0x828ef</run_address>
         <size>0x23</size>
         <input_file_ref idref="fl-5"/>
      </object_component>
      <object_component id="oc-105">
         <name>.text:ADC_readResult</name>
         <load_address>0x82912</load_address>
         <run_address>0x82912</run_address>
         <size>0x22</size>
         <input_file_ref idref="fl-c"/>
      </object_component>
      <object_component id="oc-651">
         <name>.text:EPWM_setCounterCompareValue</name>
         <load_address>0x82934</load_address>
         <run_address>0x82934</run_address>
         <size>0x22</size>
         <input_file_ref idref="fl-c"/>
      </object_component>
      <object_component id="oc-3e0">
         <name>.text</name>
         <load_address>0x82956</load_address>
         <run_address>0x82956</run_address>
         <size>0x22</size>
         <input_file_ref idref="fl-3e"/>
      </object_component>
      <object_component id="oc-892">
         <name>.text:ADC_disableContinuousMode</name>
         <load_address>0x82978</load_address>
         <run_address>0x82978</run_address>
         <size>0x21</size>
         <input_file_ref idref="fl-3"/>
      </object_component>
      <object_component id="oc-898">
         <name>.text:ADC_enableInterrupt</name>
         <load_address>0x82999</load_address>
         <run_address>0x82999</run_address>
         <size>0x20</size>
         <input_file_ref idref="fl-3"/>
      </object_component>
      <object_component id="oc-11f">
         <name>.text:ADC_getInterruptOverflowStatus</name>
         <load_address>0x829b9</load_address>
         <run_address>0x829b9</run_address>
         <size>0x1f</size>
         <input_file_ref idref="fl-c"/>
      </object_component>
      <object_component id="oc-8c7">
         <name>.text:ADC_isBaseValid</name>
         <load_address>0x829d8</load_address>
         <run_address>0x829d8</run_address>
         <size>0x1f</size>
         <input_file_ref idref="fl-3"/>
      </object_component>
      <object_component id="oc-6cf">
         <name>.text:ADC_isBaseValid</name>
         <load_address>0x829f7</load_address>
         <run_address>0x829f7</run_address>
         <size>0x1f</size>
         <input_file_ref idref="fl-22"/>
      </object_component>
      <object_component id="oc-220">
         <name>.text:ADC_isBaseValid</name>
         <load_address>0x82a16</load_address>
         <run_address>0x82a16</run_address>
         <size>0x1f</size>
         <input_file_ref idref="fl-c"/>
      </object_component>
      <object_component id="oc-c9">
         <name>.text:MCAN_clearNewDataStatus</name>
         <load_address>0x82a35</load_address>
         <run_address>0x82a35</run_address>
         <size>0x1f</size>
         <input_file_ref idref="fl-29"/>
      </object_component>
      <object_component id="oc-684">
         <name>.text:MCAN_isMemInitDone</name>
         <load_address>0x82a54</load_address>
         <run_address>0x82a54</run_address>
         <size>0x1f</size>
         <input_file_ref idref="fl-29"/>
      </object_component>
      <object_component id="oc-4c">
         <name>.text:initFrameTracking</name>
         <load_address>0x82a73</load_address>
         <run_address>0x82a73</run_address>
         <size>0x1f</size>
         <input_file_ref idref="fl-d"/>
      </object_component>
      <object_component id="oc-825">
         <name>.text:DCC_setCounter0ClkSource</name>
         <load_address>0x82a92</load_address>
         <run_address>0x82a92</run_address>
         <size>0x1e</size>
         <input_file_ref idref="fl-2b"/>
      </object_component>
      <object_component id="oc-82b">
         <name>.text:DCC_setCounter1ClkSource</name>
         <load_address>0x82ab0</load_address>
         <run_address>0x82ab0</run_address>
         <size>0x1e</size>
         <input_file_ref idref="fl-2b"/>
      </object_component>
      <object_component id="oc-60">
         <name>.text:Interrupt_initVectorTable</name>
         <load_address>0x82ace</load_address>
         <run_address>0x82ace</run_address>
         <size>0x1e</size>
         <input_file_ref idref="fl-28"/>
      </object_component>
      <object_component id="oc-7b3">
         <name>.text:ASysCtl_setAnalogReferenceInternal</name>
         <load_address>0x82aec</load_address>
         <run_address>0x82aec</run_address>
         <size>0x1d</size>
         <input_file_ref idref="fl-23"/>
      </object_component>
      <object_component id="oc-a5">
         <name>.text:MCAN_getNewDataStatus</name>
         <load_address>0x82b09</load_address>
         <run_address>0x82b09</run_address>
         <size>0x1d</size>
         <input_file_ref idref="fl-29"/>
      </object_component>
      <object_component id="oc-79">
         <name>.text</name>
         <load_address>0x82b26</load_address>
         <run_address>0x82b26</run_address>
         <size>0x1d</size>
         <input_file_ref idref="fl-42"/>
      </object_component>
      <object_component id="oc-874">
         <name>.text:ADC_setSOCPriority</name>
         <load_address>0x82b43</load_address>
         <run_address>0x82b43</run_address>
         <size>0x1c</size>
         <input_file_ref idref="fl-3"/>
      </object_component>
      <object_component id="oc-63f">
         <name>.text:EPWM_disableADCTrigger</name>
         <load_address>0x82b5f</load_address>
         <run_address>0x82b5f</run_address>
         <size>0x1c</size>
         <input_file_ref idref="fl-c"/>
      </object_component>
      <object_component id="oc-51f">
         <name>.text:EPWM_enableADCTrigger</name>
         <load_address>0x82b7b</load_address>
         <run_address>0x82b7b</run_address>
         <size>0x1c</size>
         <input_file_ref idref="fl-c"/>
      </object_component>
      <object_component id="oc-65d">
         <name>.text:EPWM_setClockPrescaler</name>
         <load_address>0x82b97</load_address>
         <run_address>0x82b97</run_address>
         <size>0x1c</size>
         <input_file_ref idref="fl-c"/>
      </object_component>
      <object_component id="oc-570">
         <name>.text:CPUTimer_startTimer</name>
         <load_address>0x82bb3</load_address>
         <run_address>0x82bb3</run_address>
         <size>0x1a</size>
         <input_file_ref idref="fl-5"/>
      </object_component>
      <object_component id="oc-599">
         <name>.text:CPUTimer_startTimer</name>
         <load_address>0x82bcd</load_address>
         <run_address>0x82bcd</run_address>
         <size>0x1a</size>
         <input_file_ref idref="fl-d"/>
      </object_component>
      <object_component id="oc-4ca">
         <name>.text:Device_initGPIO</name>
         <load_address>0x82be7</load_address>
         <run_address>0x82be7</run_address>
         <size>0x1a</size>
         <input_file_ref idref="fl-f"/>
      </object_component>
      <object_component id="oc-9f">
         <name>.text:MCAN_clearInterrupt</name>
         <load_address>0x82c01</load_address>
         <run_address>0x82c01</run_address>
         <size>0x1a</size>
         <input_file_ref idref="fl-29"/>
      </object_component>
      <object_component id="oc-600">
         <name>.text:SysCtl_getLowSpeedClock</name>
         <load_address>0x82c1b</load_address>
         <run_address>0x82c1b</run_address>
         <size>0x1a</size>
         <input_file_ref idref="fl-2b"/>
      </object_component>
      <object_component id="oc-3ec">
         <name>.text:handleDiscoveryProcess</name>
         <load_address>0x82c35</load_address>
         <run_address>0x82c35</run_address>
         <size>0x1a</size>
         <input_file_ref idref="fl-5"/>
      </object_component>
      <object_component id="oc-5a8">
         <name>.text:resetFrameTrackingVariables</name>
         <load_address>0x82c4f</load_address>
         <run_address>0x82c4f</run_address>
         <size>0x1a</size>
         <input_file_ref idref="fl-5"/>
      </object_component>
      <object_component id="oc-7b9">
         <name>.text:ASysCtl_setAnalogReference1P65</name>
         <load_address>0x82c69</load_address>
         <run_address>0x82c69</run_address>
         <size>0x19</size>
         <input_file_ref idref="fl-3"/>
      </object_component>
      <object_component id="oc-68a">
         <name>.text:MCAN_setOpMode</name>
         <load_address>0x82c82</load_address>
         <run_address>0x82c82</run_address>
         <size>0x19</size>
         <input_file_ref idref="fl-29"/>
      </object_component>
      <object_component id="oc-49d">
         <name>.text:MCAN_writeProtectedRegAccessLock</name>
         <load_address>0x82c9b</load_address>
         <run_address>0x82c9b</run_address>
         <size>0x19</size>
         <input_file_ref idref="fl-29"/>
      </object_component>
      <object_component id="oc-79d">
         <name>.text:MCAN_writeProtectedRegAccessUnlock</name>
         <load_address>0x82cb4</load_address>
         <run_address>0x82cb4</run_address>
         <size>0x19</size>
         <input_file_ref idref="fl-29"/>
      </object_component>
      <object_component id="oc-764">
         <name>.text:SysCtl_setPLLSysClk</name>
         <load_address>0x82ccd</load_address>
         <run_address>0x82ccd</run_address>
         <size>0x19</size>
         <input_file_ref idref="fl-2b"/>
      </object_component>
      <object_component id="oc-3f2">
         <name>.text:handleGainRetransmission</name>
         <load_address>0x82ce6</load_address>
         <run_address>0x82ce6</run_address>
         <size>0x19</size>
         <input_file_ref idref="fl-5"/>
      </object_component>
      <object_component id="oc-663">
         <name>.text:EPWM_setPeriodLoadMode</name>
         <load_address>0x82cff</load_address>
         <run_address>0x82cff</run_address>
         <size>0x18</size>
         <input_file_ref idref="fl-c"/>
      </object_component>
      <object_component id="oc-125">
         <name>.text:ADC_clearInterruptOverflowStatus</name>
         <load_address>0x82d17</load_address>
         <run_address>0x82d17</run_address>
         <size>0x17</size>
         <input_file_ref idref="fl-c"/>
      </object_component>
      <object_component id="oc-88c">
         <name>.text:ADC_clearInterruptStatus</name>
         <load_address>0x82d2e</load_address>
         <run_address>0x82d2e</run_address>
         <size>0x17</size>
         <input_file_ref idref="fl-3"/>
      </object_component>
      <object_component id="oc-119">
         <name>.text:ADC_clearInterruptStatus</name>
         <load_address>0x82d45</load_address>
         <run_address>0x82d45</run_address>
         <size>0x17</size>
         <input_file_ref idref="fl-c"/>
      </object_component>
      <object_component id="oc-32a">
         <name>.text:CPUTimer_isBaseValid</name>
         <load_address>0x82d5c</load_address>
         <run_address>0x82d5c</run_address>
         <size>0x17</size>
         <input_file_ref idref="fl-5"/>
      </object_component>
      <object_component id="oc-286">
         <name>.text:CPUTimer_isBaseValid</name>
         <load_address>0x82d73</load_address>
         <run_address>0x82d73</run_address>
         <size>0x17</size>
         <input_file_ref idref="fl-7"/>
      </object_component>
      <object_component id="oc-2d2">
         <name>.text:CPUTimer_isBaseValid</name>
         <load_address>0x82d8a</load_address>
         <run_address>0x82d8a</run_address>
         <size>0x17</size>
         <input_file_ref idref="fl-24"/>
      </object_component>
      <object_component id="oc-231">
         <name>.text:CPUTimer_isBaseValid</name>
         <load_address>0x82da1</load_address>
         <run_address>0x82da1</run_address>
         <size>0x17</size>
         <input_file_ref idref="fl-d"/>
      </object_component>
      <object_component id="oc-16c">
         <name>.text:CPUTimer_setPreScaler</name>
         <load_address>0x82db8</load_address>
         <run_address>0x82db8</run_address>
         <size>0x17</size>
         <input_file_ref idref="fl-d"/>
      </object_component>
      <object_component id="oc-1b1">
         <name>.text:HW_WR_FIELD32_RAW</name>
         <load_address>0x82dcf</load_address>
         <run_address>0x82dcf</run_address>
         <size>0x17</size>
         <input_file_ref idref="fl-29"/>
      </object_component>
      <object_component id="oc-690">
         <name>.text:MCAN_getOpMode</name>
         <load_address>0x82de6</load_address>
         <run_address>0x82de6</run_address>
         <size>0x17</size>
         <input_file_ref idref="fl-29"/>
      </object_component>
      <object_component id="oc-77c">
         <name>.text:PGA_isBaseValid</name>
         <load_address>0x82dfd</load_address>
         <run_address>0x82dfd</run_address>
         <size>0x17</size>
         <input_file_ref idref="fl-2a"/>
      </object_component>
      <object_component id="oc-775">
         <name>.text:SysCtl_enablePeripheral</name>
         <load_address>0x82e14</load_address>
         <run_address>0x82e14</run_address>
         <size>0x17</size>
         <input_file_ref idref="fl-f"/>
      </object_component>
      <object_component id="oc-801">
         <name>.text:SysCtl_enablePeripheral</name>
         <load_address>0x82e2b</load_address>
         <run_address>0x82e2b</run_address>
         <size>0x17</size>
         <input_file_ref idref="fl-2b"/>
      </object_component>
      <object_component id="oc-18f">
         <name>.text</name>
         <load_address>0x82e42</load_address>
         <run_address>0x82e42</run_address>
         <size>0x17</size>
         <input_file_ref idref="fl-38"/>
      </object_component>
      <object_component id="oc-85c">
         <name>.text:ADC_setInterruptPulseMode</name>
         <load_address>0x82e59</load_address>
         <run_address>0x82e59</run_address>
         <size>0x16</size>
         <input_file_ref idref="fl-3"/>
      </object_component>
      <object_component id="oc-856">
         <name>.text:ADC_setPrescaler</name>
         <load_address>0x82e6f</load_address>
         <run_address>0x82e6f</run_address>
         <size>0x16</size>
         <input_file_ref idref="fl-3"/>
      </object_component>
      <object_component id="oc-81f">
         <name>.text:DCC_disableDoneSignal</name>
         <load_address>0x82e85</load_address>
         <run_address>0x82e85</run_address>
         <size>0x16</size>
         <input_file_ref idref="fl-2b"/>
      </object_component>
      <object_component id="oc-5e">
         <name>.text:Interrupt_defaultHandler</name>
         <load_address>0x82e9b</load_address>
         <run_address>0x82e9b</run_address>
         <size>0x16</size>
         <input_file_ref idref="fl-28"/>
      </object_component>
      <object_component id="oc-86e">
         <name>.text:ADC_disableBurstMode</name>
         <load_address>0x82eb1</load_address>
         <run_address>0x82eb1</run_address>
         <size>0x15</size>
         <input_file_ref idref="fl-3"/>
      </object_component>
      <object_component id="oc-15b">
         <name>.text:CPUTimer_enableInterrupt</name>
         <load_address>0x82ec6</load_address>
         <run_address>0x82ec6</run_address>
         <size>0x15</size>
         <input_file_ref idref="fl-d"/>
      </object_component>
      <object_component id="oc-80d">
         <name>.text:DCC_clearDoneFlag</name>
         <load_address>0x82edb</load_address>
         <run_address>0x82edb</run_address>
         <size>0x15</size>
         <input_file_ref idref="fl-2b"/>
      </object_component>
      <object_component id="oc-807">
         <name>.text:DCC_clearErrorFlag</name>
         <load_address>0x82ef0</load_address>
         <run_address>0x82ef0</run_address>
         <size>0x15</size>
         <input_file_ref idref="fl-2b"/>
      </object_component>
      <object_component id="oc-819">
         <name>.text:DCC_disableErrorSignal</name>
         <load_address>0x82f05</load_address>
         <run_address>0x82f05</run_address>
         <size>0x15</size>
         <input_file_ref idref="fl-2b"/>
      </object_component>
      <object_component id="oc-8b4">
         <name>.text:DCC_isBaseValid</name>
         <load_address>0x82f1a</load_address>
         <run_address>0x82f1a</run_address>
         <size>0x15</size>
         <input_file_ref idref="fl-2b"/>
      </object_component>
      <object_component id="oc-671">
         <name>.text:GPIO_unlockPortConfig</name>
         <load_address>0x82f2f</load_address>
         <run_address>0x82f2f</run_address>
         <size>0x15</size>
         <input_file_ref idref="fl-f"/>
      </object_component>
      <object_component id="oc-99">
         <name>.text:MCAN_clearIntrStatus</name>
         <load_address>0x82f44</load_address>
         <run_address>0x82f44</run_address>
         <size>0x15</size>
         <input_file_ref idref="fl-29"/>
      </object_component>
      <object_component id="oc-195">
         <name>.text:MCAN_isBaseValid</name>
         <load_address>0x82f59</load_address>
         <run_address>0x82f59</run_address>
         <size>0x15</size>
         <input_file_ref idref="fl-29"/>
      </object_component>
      <object_component id="oc-50d">
         <name>.text:configureGPIO28</name>
         <load_address>0x82f6e</load_address>
         <run_address>0x82f6e</run_address>
         <size>0x15</size>
         <input_file_ref idref="fl-c"/>
      </object_component>
      <object_component id="oc-b7">
         <name>.text:processDiscoveryAck</name>
         <load_address>0x82f83</load_address>
         <run_address>0x82f83</run_address>
         <size>0x15</size>
         <input_file_ref idref="fl-7"/>
      </object_component>
      <object_component id="oc-56a">
         <name>.text:CPUTimer_reloadTimerCounter</name>
         <load_address>0x82f98</load_address>
         <run_address>0x82f98</run_address>
         <size>0x14</size>
         <input_file_ref idref="fl-5"/>
      </object_component>
      <object_component id="oc-172">
         <name>.text:CPUTimer_reloadTimerCounter</name>
         <load_address>0x82fac</load_address>
         <run_address>0x82fac</run_address>
         <size>0x14</size>
         <input_file_ref idref="fl-d"/>
      </object_component>
      <object_component id="oc-28e">
         <name>.text:CPUTimer_stopTimer</name>
         <load_address>0x82fc0</load_address>
         <run_address>0x82fc0</run_address>
         <size>0x14</size>
         <input_file_ref idref="fl-5"/>
      </object_component>
      <object_component id="oc-1d1">
         <name>.text:CPUTimer_stopTimer</name>
         <load_address>0x82fd4</load_address>
         <run_address>0x82fd4</run_address>
         <size>0x14</size>
         <input_file_ref idref="fl-7"/>
      </object_component>
      <object_component id="oc-13b">
         <name>.text:CPUTimer_stopTimer</name>
         <load_address>0x82fe8</load_address>
         <run_address>0x82fe8</run_address>
         <size>0x14</size>
         <input_file_ref idref="fl-d"/>
      </object_component>
      <object_component id="oc-813">
         <name>.text:DCC_disableModule</name>
         <load_address>0x82ffc</load_address>
         <run_address>0x82ffc</run_address>
         <size>0x14</size>
         <input_file_ref idref="fl-2b"/>
      </object_component>
      <object_component id="oc-83d">
         <name>.text:DCC_enableModule</name>
         <load_address>0x83010</load_address>
         <run_address>0x83010</run_address>
         <size>0x14</size>
         <input_file_ref idref="fl-2b"/>
      </object_component>
      <object_component id="oc-525">
         <name>.text:EPWM_setTimeBaseCounterMode</name>
         <load_address>0x83024</load_address>
         <run_address>0x83024</run_address>
         <size>0x14</size>
         <input_file_ref idref="fl-c"/>
      </object_component>
      <object_component id="oc-657">
         <name>.text:EPWM_setTimeBasePeriod</name>
         <load_address>0x83038</load_address>
         <run_address>0x83038</run_address>
         <size>0x14</size>
         <input_file_ref idref="fl-c"/>
      </object_component>
      <object_component id="oc-27f">
         <name>.text:MCAN_getDataSize</name>
         <load_address>0x8304c</load_address>
         <run_address>0x8304c</run_address>
         <size>0x14</size>
         <input_file_ref idref="fl-29"/>
      </object_component>
      <object_component id="oc-1c2">
         <name>.text:MCAN_getMsgObjSize</name>
         <load_address>0x83060</load_address>
         <run_address>0x83060</run_address>
         <size>0x14</size>
         <input_file_ref idref="fl-29"/>
      </object_component>
      <object_component id="oc-592">
         <name>.text:startDiscoveryTimer</name>
         <load_address>0x83074</load_address>
         <run_address>0x83074</run_address>
         <size>0x14</size>
         <input_file_ref idref="fl-d"/>
      </object_component>
      <object_component id="oc-868">
         <name>.text:ADC_enableAltDMATiming</name>
         <load_address>0x83088</load_address>
         <run_address>0x83088</run_address>
         <size>0x13</size>
         <input_file_ref idref="fl-3"/>
      </object_component>
      <object_component id="oc-862">
         <name>.text:ADC_enableConverter</name>
         <load_address>0x8309b</load_address>
         <run_address>0x8309b</run_address>
         <size>0x13</size>
         <input_file_ref idref="fl-3"/>
      </object_component>
      <object_component id="oc-241">
         <name>.text:CPUTimer_setEmulationMode</name>
         <load_address>0x830ae</load_address>
         <run_address>0x830ae</run_address>
         <size>0x13</size>
         <input_file_ref idref="fl-24"/>
      </object_component>
      <object_component id="oc-2f">
         <name>.text:MCANIntrConfig</name>
         <load_address>0x830c1</load_address>
         <run_address>0x830c1</run_address>
         <size>0x13</size>
         <input_file_ref idref="fl-7"/>
      </object_component>
      <object_component id="oc-93">
         <name>.text:MCAN_getIntrStatus</name>
         <load_address>0x830d4</load_address>
         <run_address>0x830d4</run_address>
         <size>0x13</size>
         <input_file_ref idref="fl-29"/>
      </object_component>
      <object_component id="oc-390">
         <name>.text:MCAN_getTxBufReqPend</name>
         <load_address>0x830e7</load_address>
         <run_address>0x830e7</run_address>
         <size>0x13</size>
         <input_file_ref idref="fl-29"/>
      </object_component>
      <object_component id="oc-550">
         <name>.text:isVoltageDataComplete</name>
         <load_address>0x830fa</load_address>
         <run_address>0x830fa</run_address>
         <size>0x13</size>
         <input_file_ref idref="fl-b"/>
      </object_component>
      <object_component id="oc-669">
         <name>.text:EPWM_setTimeBaseCounter</name>
         <load_address>0x8310d</load_address>
         <run_address>0x8310d</run_address>
         <size>0x12</size>
         <input_file_ref idref="fl-c"/>
      </object_component>
      <object_component id="oc-166">
         <name>.text:CPUTimer_setPeriod</name>
         <load_address>0x8311f</load_address>
         <run_address>0x8311f</run_address>
         <size>0x11</size>
         <input_file_ref idref="fl-d"/>
      </object_component>
      <object_component id="oc-1d7">
         <name>.text:resetDiscoveryFlags</name>
         <load_address>0x83130</load_address>
         <run_address>0x83130</run_address>
         <size>0x11</size>
         <input_file_ref idref="fl-5"/>
      </object_component>
      <object_component id="oc-724">
         <name>.text:Flash_isCtrlBaseValid</name>
         <load_address>0x83141</load_address>
         <run_address>0x83141</run_address>
         <size>0x10</size>
         <input_file_ref idref="fl-26"/>
      </object_component>
      <object_component id="oc-72b">
         <name>.text:Flash_isECCBaseValid</name>
         <load_address>0x83151</load_address>
         <run_address>0x83151</run_address>
         <size>0x10</size>
         <input_file_ref idref="fl-26"/>
      </object_component>
      <object_component id="oc-131">
         <name>.text:Interrupt_register</name>
         <load_address>0x83161</load_address>
         <run_address>0x83161</run_address>
         <size>0xf</size>
         <input_file_ref idref="fl-3"/>
      </object_component>
      <object_component id="oc-e7">
         <name>.text:Interrupt_register</name>
         <load_address>0x83170</load_address>
         <run_address>0x83170</run_address>
         <size>0xf</size>
         <input_file_ref idref="fl-7"/>
      </object_component>
      <object_component id="oc-155">
         <name>.text:Interrupt_register</name>
         <load_address>0x8317f</load_address>
         <run_address>0x8317f</run_address>
         <size>0xf</size>
         <input_file_ref idref="fl-d"/>
      </object_component>
      <object_component id="oc-577">
         <name>.text:readDIPSwitch</name>
         <load_address>0x8318e</load_address>
         <run_address>0x8318e</run_address>
         <size>0xf</size>
         <input_file_ref idref="fl-5"/>
      </object_component>
      <object_component id="oc-1bc">
         <name>.text:HW_RD_FIELD32_RAW</name>
         <load_address>0x8319d</load_address>
         <run_address>0x8319d</run_address>
         <size>0xd</size>
         <input_file_ref idref="fl-29"/>
      </object_component>
      <object_component id="oc-3b">
         <name>.text:INTERRUPT_init</name>
         <load_address>0x831aa</load_address>
         <run_address>0x831aa</run_address>
         <size>0xd</size>
         <input_file_ref idref="fl-3"/>
      </object_component>
      <object_component id="oc-1fd">
         <name>.text:Interrupt_disableGlobal</name>
         <load_address>0x831b7</load_address>
         <run_address>0x831b7</run_address>
         <size>0xd</size>
         <input_file_ref idref="fl-28"/>
      </object_component>
      <object_component id="oc-f3">
         <name>.text:Interrupt_enableGlobal</name>
         <load_address>0x831c4</load_address>
         <run_address>0x831c4</run_address>
         <size>0xd</size>
         <input_file_ref idref="fl-7"/>
      </object_component>
      <object_component id="oc-205">
         <name>.text:Interrupt_enableGlobal</name>
         <load_address>0x831d1</load_address>
         <run_address>0x831d1</run_address>
         <size>0xd</size>
         <input_file_ref idref="fl-28"/>
      </object_component>
      <object_component id="oc-5f3">
         <name>.text:SysCtl_setLowSpeedClock</name>
         <load_address>0x831de</load_address>
         <run_address>0x831de</run_address>
         <size>0xd</size>
         <input_file_ref idref="fl-f"/>
      </object_component>
      <object_component id="oc-4c4">
         <name>.text:initializePDUManager</name>
         <load_address>0x831eb</load_address>
         <run_address>0x831eb</run_address>
         <size>0xd</size>
         <input_file_ref idref="fl-e"/>
      </object_component>
      <object_component id="oc-bd">
         <name>.text:processGainAcknowledgment</name>
         <load_address>0x831f8</load_address>
         <run_address>0x831f8</run_address>
         <size>0xc</size>
         <input_file_ref idref="fl-7"/>
      </object_component>
      <object_component id="oc-261">
         <name>.text</name>
         <load_address>0x83204</load_address>
         <run_address>0x83204</run_address>
         <size>0xc</size>
         <input_file_ref idref="fl-4a"/>
      </object_component>
      <object_component id="oc-410">
         <name>.text:startGainTransmissionRetry</name>
         <load_address>0x83210</load_address>
         <run_address>0x83210</run_address>
         <size>0xc</size>
         <input_file_ref idref="fl-d"/>
      </object_component>
      <object_component id="oc-507">
         <name>.text:Board_init</name>
         <load_address>0x8321c</load_address>
         <run_address>0x8321c</run_address>
         <size>0xb</size>
         <input_file_ref idref="fl-3"/>
      </object_component>
      <object_component id="oc-5e1">
         <name>.text:SysCtl_disableWatchdog</name>
         <load_address>0x83227</load_address>
         <run_address>0x83227</run_address>
         <size>0xb</size>
         <input_file_ref idref="fl-f"/>
      </object_component>
      <object_component id="oc-758">
         <name>.text:SysCtl_isMCDClockFailureDetected</name>
         <load_address>0x83232</load_address>
         <run_address>0x83232</run_address>
         <size>0xb</size>
         <input_file_ref idref="fl-2b"/>
      </object_component>
      <object_component id="oc-2b2">
         <name>.text:syncReadWriteToWorking</name>
         <load_address>0x8323d</load_address>
         <run_address>0x8323d</run_address>
         <size>0xb</size>
         <input_file_ref idref="fl-e"/>
      </object_component>
      <object_component id="oc-6bd">
         <name>.text:ASYSCTL_init</name>
         <load_address>0x83248</load_address>
         <run_address>0x83248</run_address>
         <size>0xa</size>
         <input_file_ref idref="fl-3"/>
      </object_component>
      <object_component id="oc-6a">
         <name>.text:Interrupt_illegalOperationHandler</name>
         <load_address>0x83252</load_address>
         <run_address>0x83252</run_address>
         <size>0xa</size>
         <input_file_ref idref="fl-28"/>
      </object_component>
      <object_component id="oc-70">
         <name>.text:Interrupt_nmiHandler</name>
         <load_address>0x8325c</load_address>
         <run_address>0x8325c</run_address>
         <size>0xa</size>
         <input_file_ref idref="fl-28"/>
      </object_component>
      <object_component id="oc-42e">
         <name>.text</name>
         <load_address>0x83266</load_address>
         <run_address>0x83266</run_address>
         <size>0x9</size>
         <input_file_ref idref="fl-49"/>
      </object_component>
      <object_component id="oc-556">
         <name>.text:syncVoltageData</name>
         <load_address>0x8326f</load_address>
         <run_address>0x8326f</run_address>
         <size>0x9</size>
         <input_file_ref idref="fl-b"/>
      </object_component>
      <object_component id="oc-34d">
         <name>.text:Example_Error</name>
         <load_address>0x83278</load_address>
         <run_address>0x83278</run_address>
         <size>0x8</size>
         <input_file_ref idref="fl-9"/>
      </object_component>
      <object_component id="oc-1c">
         <name>.text:decompress:none</name>
         <load_address>0x83280</load_address>
         <run_address>0x83280</run_address>
         <size>0x8</size>
         <input_file_ref idref="fl-46"/>
      </object_component>
      <object_component id="oc-8d">
         <name>.text</name>
         <load_address>0x83288</load_address>
         <run_address>0x83288</run_address>
         <size>0x8</size>
         <input_file_ref idref="fl-10"/>
      </object_component>
      <object_component id="oc-7ad">
         <name>.text:ASysCtl_disableTemperatureSensor</name>
         <load_address>0x83290</load_address>
         <run_address>0x83290</run_address>
         <size>0x7</size>
         <input_file_ref idref="fl-3"/>
      </object_component>
      <object_component id="oc-618">
         <name>.text:ASysCtl_lockVREG</name>
         <load_address>0x83297</load_address>
         <run_address>0x83297</run_address>
         <size>0x7</size>
         <input_file_ref idref="fl-f"/>
      </object_component>
      <object_component id="oc-1a2">
         <name>.text:HW_RD_REG32_RAW</name>
         <load_address>0x8329e</load_address>
         <run_address>0x8329e</run_address>
         <size>0x7</size>
         <input_file_ref idref="fl-29"/>
      </object_component>
      <object_component id="oc-1aa">
         <name>.text:HW_WR_REG32_RAW</name>
         <load_address>0x832a5</load_address>
         <run_address>0x832a5</run_address>
         <size>0x7</size>
         <input_file_ref idref="fl-29"/>
      </object_component>
      <object_component id="oc-8ab">
         <name>.text:SysCtl_resetMCD</name>
         <load_address>0x832ac</load_address>
         <run_address>0x832ac</run_address>
         <size>0x7</size>
         <input_file_ref idref="fl-2b"/>
      </object_component>
      <object_component id="oc-188">
         <name>.text</name>
         <load_address>0x832b3</load_address>
         <run_address>0x832b3</run_address>
         <size>0x7</size>
         <input_file_ref idref="fl-4b"/>
      </object_component>
      <object_component id="oc-cf">
         <name>.text:Interrupt_clearACKGroup</name>
         <load_address>0x832ba</load_address>
         <run_address>0x832ba</run_address>
         <size>0x6</size>
         <input_file_ref idref="fl-7"/>
      </object_component>
      <object_component id="oc-12b">
         <name>.text:Interrupt_clearACKGroup</name>
         <load_address>0x832c0</load_address>
         <run_address>0x832c0</run_address>
         <size>0x6</size>
         <input_file_ref idref="fl-c"/>
      </object_component>
      <object_component id="oc-141">
         <name>.text:Interrupt_clearACKGroup</name>
         <load_address>0x832c6</load_address>
         <run_address>0x832c6</run_address>
         <size>0x6</size>
         <input_file_ref idref="fl-d"/>
      </object_component>
      <object_component id="oc-87">
         <name>.text:decompress:ZI</name>
         <load_address>0x832cc</load_address>
         <run_address>0x832cc</run_address>
         <size>0x6</size>
         <input_file_ref idref="fl-45"/>
      </object_component>
      <object_component id="oc-6c3">
         <name>.text:ADC_init</name>
         <load_address>0x832d2</load_address>
         <run_address>0x832d2</run_address>
         <size>0x5</size>
         <input_file_ref idref="fl-3"/>
      </object_component>
      <object_component id="oc-359">
         <name>.text:FMSTAT_Fail</name>
         <load_address>0x832d7</load_address>
         <run_address>0x832d7</run_address>
         <size>0x5</size>
         <input_file_ref idref="fl-9"/>
      </object_component>
      <object_component id="oc-19c">
         <name>.text:__error__</name>
         <load_address>0x832dc</load_address>
         <run_address>0x832dc</run_address>
         <size>0x5</size>
         <input_file_ref idref="fl-f"/>
      </object_component>
      <object_component id="oc-37b">
         <name>.text:Example_Done</name>
         <load_address>0x832e1</load_address>
         <run_address>0x832e1</run_address>
         <size>0x4</size>
         <input_file_ref idref="fl-9"/>
      </object_component>
      <object_component id="oc-3da">
         <name>.text:adc_start_process</name>
         <load_address>0x832e5</load_address>
         <run_address>0x832e5</run_address>
         <size>0x4</size>
         <input_file_ref idref="fl-c"/>
      </object_component>
      <object_component id="oc-25a">
         <name>.text</name>
         <load_address>0x832e9</load_address>
         <run_address>0x832e9</run_address>
         <size>0x2</size>
         <input_file_ref idref="fl-43"/>
      </object_component>
      <object_component id="oc-3a1">
         <name>.text</name>
         <load_address>0x832eb</load_address>
         <run_address>0x832eb</run_address>
         <size>0x1</size>
         <input_file_ref idref="fl-4f"/>
      </object_component>
      <object_component id="oc-907">
         <name>.cinit..data.load</name>
         <load_address>0x842f8</load_address>
         <run_address>0x842f8</run_address>
         <size>0x5c</size>
      </object_component>
      <object_component id="oc-904">
         <name>__TI_handler_table</name>
         <load_address>0x84354</load_address>
         <run_address>0x84354</run_address>
         <size>0x6</size>
      </object_component>
      <object_component id="oc-906">
         <name>.cinit..bss.load</name>
         <load_address>0x8435a</load_address>
         <run_address>0x8435a</run_address>
         <size>0x4</size>
      </object_component>
      <object_component id="oc-905">
         <name>__TI_cinit_table</name>
         <load_address>0x8435e</load_address>
         <run_address>0x8435e</run_address>
         <size>0x8</size>
      </object_component>
      <object_component id="oc-76">
         <name>.stack</name>
         <uninitialized>true</uninitialized>
         <run_address>0xc7b8</run_address>
         <size>0x0</size>
         <input_file_ref idref="fl-38"/>
      </object_component>
      <object_component id="oc-908">
         <name>.stack</name>
         <uninitialized>true</uninitialized>
         <run_address>0xc7b8</run_address>
         <size>0x0</size>
      </object_component>
      <object_component id="oc-db">
         <name>.bss</name>
         <uninitialized>true</uninitialized>
         <run_address>0xfcc0</run_address>
         <size>0x8d</size>
         <input_file_ref idref="fl-2"/>
      </object_component>
      <object_component id="oc-b4">
         <name>.bss:retransmissionData</name>
         <uninitialized>true</uninitialized>
         <run_address>0xfd8d</run_address>
         <size>0x40</size>
         <input_file_ref idref="fl-2"/>
      </object_component>
      <object_component id="oc-ab">
         <name>.bss:rxMsg</name>
         <uninitialized>true</uninitialized>
         <run_address>0xf7a8</run_address>
         <size>0x348</size>
         <input_file_ref idref="fl-2"/>
      </object_component>
      <object_component id="oc-534">
         <name>.bss:storedFrames</name>
         <uninitialized>true</uninitialized>
         <run_address>0xf3d8</run_address>
         <size>0x3cf</size>
         <input_file_ref idref="fl-2"/>
      </object_component>
      <object_component id="oc-588">
         <name>.bss:receivedBuffer</name>
         <uninitialized>true</uninitialized>
         <run_address>0xefd8</run_address>
         <size>0x400</size>
         <input_file_ref idref="fl-2"/>
      </object_component>
      <object_component id="oc-1f4">
         <name>.bss:Buffer</name>
         <uninitialized>true</uninitialized>
         <run_address>0xebd8</run_address>
         <size>0x400</size>
         <input_file_ref idref="fl-2"/>
      </object_component>
      <object_component id="oc-541">
         <name>.bss:rxFIFO0Msg</name>
         <uninitialized>true</uninitialized>
         <run_address>0xe000</run_address>
         <size>0x6e4</size>
         <input_file_ref idref="fl-2"/>
      </object_component>
      <object_component id="oc-6b2">
         <name>.bss:branchData</name>
         <uninitialized>true</uninitialized>
         <run_address>0xfaf0</run_address>
         <size>0x10e</size>
         <input_file_ref idref="fl-6"/>
      </object_component>
      <object_component id="oc-de">
         <name>.bss</name>
         <uninitialized>true</uninitialized>
         <run_address>0xe6f6</run_address>
         <size>0x2</size>
         <input_file_ref idref="fl-7"/>
      </object_component>
      <object_component id="oc-1df">
         <name>.bss:firstBUFrameData</name>
         <uninitialized>true</uninitialized>
         <run_address>0xfd4d</run_address>
         <size>0x40</size>
         <input_file_ref idref="fl-7"/>
      </object_component>
      <object_component id="oc-1e2">
         <name>.bss:secondBUFrameData</name>
         <uninitialized>true</uninitialized>
         <run_address>0xfdcd</run_address>
         <size>0x40</size>
         <input_file_ref idref="fl-7"/>
      </object_component>
      <object_component id="oc-6ea">
         <name>.bss</name>
         <uninitialized>true</uninitialized>
         <run_address>0xe700</run_address>
         <size>0x4d8</size>
         <input_file_ref idref="fl-b"/>
      </object_component>
      <object_component id="oc-fc">
         <name>.bss</name>
         <uninitialized>true</uninitialized>
         <run_address>0xfc00</run_address>
         <size>0xbe</size>
         <input_file_ref idref="fl-c"/>
      </object_component>
      <object_component id="oc-ff">
         <name>.bss:myADC0Results</name>
         <uninitialized>true</uninitialized>
         <run_address>0xe6e4</run_address>
         <size>0x12</size>
         <input_file_ref idref="fl-c"/>
      </object_component>
      <object_component id="oc-23d">
         <name>.bss</name>
         <uninitialized>true</uninitialized>
         <run_address>0xe6f8</run_address>
         <size>0x1</size>
         <input_file_ref idref="fl-d"/>
      </object_component>
      <object_component id="oc-72a">
         <name>.const:.string</name>
         <load_address>0x832f0</load_address>
         <run_address>0x832f0</run_address>
         <size>0x9b</size>
         <input_file_ref idref="fl-26"/>
      </object_component>
      <object_component id="oc-757">
         <name>.const:.string</name>
         <load_address>0x8338c</load_address>
         <run_address>0x8338c</run_address>
         <size>0x9a</size>
         <input_file_ref idref="fl-2b"/>
      </object_component>
      <object_component id="oc-67e">
         <name>.const:.string</name>
         <load_address>0x83426</load_address>
         <run_address>0x83426</run_address>
         <size>0x98</size>
         <input_file_ref idref="fl-27"/>
      </object_component>
      <object_component id="oc-6d5">
         <name>.const:.string</name>
         <load_address>0x834be</load_address>
         <run_address>0x834be</run_address>
         <size>0x97</size>
         <input_file_ref idref="fl-22"/>
      </object_component>
      <object_component id="oc-330">
         <name>.const:.string</name>
[...]
         <value>0xa864</value>
         <object_component_ref idref="oc-516"/>
      </symbol>
      <symbol id="sm-583">
         <name>offset_value</name>
         <value>0xa824</value>
         <object_component_ref idref="oc-102"/>
      </symbol>
      <symbol id="sm-584">
         <name>theta_p</name>
         <value>0xfc2a</value>
         <object_component_ref idref="oc-fc"/>
      </symbol>
      <symbol id="sm-621">
         <name>gainAckReceived</name>
         <value>0xa8d6</value>
         <object_component_ref idref="oc-162"/>
      </symbol>
      <symbol id="sm-622">
         <name>cpuTimer1IntCount</name>
         <value>0xe6f8</value>
         <object_component_ref idref="oc-23d"/>
      </symbol>
      <symbol id="sm-623">
         <name>startGainTransmissionRetry</name>
         <value>0x83210</value>
         <object_component_ref idref="oc-410"/>
      </symbol>
      <symbol id="sm-624">
         <name>configCPUTimer</name>
         <value>0x8251f</value>
         <object_component_ref idref="oc-14f"/>
      </symbol>
      <symbol id="sm-625">
         <name>timer2Expired</name>
         <value>0xa8d5</value>
         <object_component_ref idref="oc-162"/>
      </symbol>
      <symbol id="sm-626">
         <name>initCPUTimers</name>
         <value>0x82714</value>
         <object_component_ref idref="oc-149"/>
      </symbol>
      <symbol id="sm-627">
         <name>startDiscoveryTimer</name>
         <value>0x83074</value>
         <object_component_ref idref="oc-592"/>
      </symbol>
      <symbol id="sm-628">
         <name>cpuTimer2ISR</name>
         <value>0x82624</value>
         <object_component_ref idref="oc-52"/>
      </symbol>
      <symbol id="sm-629">
         <name>configureTimer2</name>
         <value>0x82555</value>
         <object_component_ref idref="oc-58"/>
      </symbol>
      <symbol id="sm-62a">
         <name>frameTrackingTimerISR</name>
         <value>0x81fff</value>
         <object_component_ref idref="oc-46"/>
      </symbol>
      <symbol id="sm-62b">
         <name>retryCount</name>
         <value>0xa8d7</value>
         <object_component_ref idref="oc-162"/>
      </symbol>
      <symbol id="sm-62c">
         <name>initFrameTracking</name>
         <value>0x82a73</value>
         <object_component_ref idref="oc-4c"/>
      </symbol>
      <symbol id="sm-680">
         <name>syncReadWriteToWorking</name>
         <value>0x8323d</value>
         <object_component_ref idref="oc-2b2"/>
      </symbol>
      <symbol id="sm-681">
         <name>writtenDefaultCalibrationValuesAck</name>
         <value>0x81bce</value>
         <object_component_ref idref="oc-41c"/>
      </symbol>
      <symbol id="sm-682">
         <name>erasedBank4Ack</name>
         <value>0x81afe</value>
         <object_component_ref idref="oc-416"/>
      </symbol>
      <symbol id="sm-683">
         <name>calibDataUpdateFailAck</name>
         <value>0x81a2e</value>
         <object_component_ref idref="oc-70c"/>
      </symbol>
      <symbol id="sm-684">
         <name>calibDataUpdateSuccessAck</name>
         <value>0x81a96</value>
         <object_component_ref idref="oc-706"/>
      </symbol>
      <symbol id="sm-685">
         <name>initializePDUManager</name>
         <value>0x831eb</value>
         <object_component_ref idref="oc-4c4"/>
      </symbol>
      <symbol id="sm-6da">
         <name>Device_enableAllPeripherals</name>
         <value>0x80e00</value>
         <object_component_ref idref="oc-606"/>
      </symbol>
      <symbol id="sm-6db">
         <name>Device_initGPIO</name>
         <value>0x82be7</value>
         <object_component_ref idref="oc-4ca"/>
      </symbol>
      <symbol id="sm-6dc">
         <name>Device_init</name>
         <value>0x80ed8</value>
         <object_component_ref idref="oc-4ac"/>
      </symbol>
      <symbol id="sm-6dd">
         <name>__error__</name>
         <value>0x832dc</value>
         <object_component_ref idref="oc-19c"/>
      </symbol>
      <symbol id="sm-6ec">
         <name>code_start</name>
         <value>0x80000</value>
         <object_component_ref idref="oc-23"/>
      </symbol>
      <symbol id="sm-715">
         <name>Fapi_issueAsyncCommandWithAddress</name>
         <value>0xc47c</value>
         <object_component_ref idref="oc-47b"/>
      </symbol>
      <symbol id="sm-716">
         <name>Fapi_issueAsyncCommand</name>
         <value>0xc53e</value>
         <object_component_ref idref="oc-43d"/>
      </symbol>
      <symbol id="sm-717">
         <name>Fapi_issueBankEraseCommand</name>
         <value>0xc3c3</value>
         <object_component_ref idref="oc-341"/>
      </symbol>
      <symbol id="sm-73f">
         <name>Fapi_issueProgrammingCommand</name>
         <value>0xc000</value>
         <object_component_ref idref="oc-36f"/>
      </symbol>
      <symbol id="sm-74f">
         <name>Fapi_doBlankCheck</name>
         <value>0xc375</value>
         <object_component_ref idref="oc-35f"/>
      </symbol>
      <symbol id="sm-777">
         <name>Fapi_checkRegionForValue</name>
         <value>0xc562</value>
         <object_component_ref idref="oc-48a"/>
      </symbol>
      <symbol id="sm-778">
         <name>Fapi_flushPipeline</name>
         <value>0xc5c2</value>
         <object_component_ref idref="oc-46a"/>
      </symbol>
      <symbol id="sm-779">
         <name>Fapi_loopRegionForValue</name>
         <value>0xc303</value>
         <object_component_ref idref="oc-470"/>
      </symbol>
      <symbol id="sm-786">
         <name>Fapi_doVerify</name>
         <value>0xc4b6</value>
         <object_component_ref idref="oc-375"/>
      </symbol>
      <symbol id="sm-7cd">
         <name>Fapi_CheckLinkPointers</name>
         <value>0xc5a6</value>
         <object_component_ref idref="oc-482"/>
      </symbol>
      <symbol id="sm-7ce">
         <name>Fapi_setActiveFlashBank</name>
         <value>0xc605</value>
         <object_component_ref idref="oc-638"/>
      </symbol>
      <symbol id="sm-7cf">
         <name>Fapi_isAddressEcc</name>
         <value>0xc405</value>
         <object_component_ref idref="oc-5c6"/>
      </symbol>
      <symbol id="sm-7d0">
         <name>Fapi_setupBankSectorEnable</name>
         <value>0xc585</value>
         <object_component_ref idref="oc-33b"/>
      </symbol>
      <symbol id="sm-7d1">
         <name>Fapi_issueFsmCommand</name>
         <value>0xc5d7</value>
         <object_component_ref idref="oc-452"/>
      </symbol>
      <symbol id="sm-7d2">
         <name>Fapi_checkFsmForReady</name>
         <value>0xc5f8</value>
         <object_component_ref idref="oc-347"/>
      </symbol>
      <symbol id="sm-7d3">
         <name>Fapi_getFsmStatus</name>
         <value>0xc60b</value>
         <object_component_ref idref="oc-353"/>
      </symbol>
      <symbol id="sm-7f3">
         <name>Fapi_initializeAPI</name>
         <value>0xc189</value>
         <object_component_ref idref="oc-632"/>
      </symbol>
      <symbol id="sm-81e">
         <name>Fapi_regReadback</name>
         <value>0xc5e8</value>
         <object_component_ref idref="oc-446"/>
      </symbol>
      <symbol id="sm-81f">
         <name>Write_32</name>
         <value>0xc518</value>
         <object_component_ref idref="oc-464"/>
      </symbol>
      <symbol id="sm-820">
         <name>Write_32bp</name>
         <value>0xc4ee</value>
         <object_component_ref idref="oc-44c"/>
      </symbol>
      <symbol id="sm-821">
         <name>Fapi_isAddressValid</name>
         <value>0xc441</value>
         <object_component_ref idref="oc-45e"/>
      </symbol>
      <symbol id="sm-841">
         <name>ADC_setVREF</name>
         <value>0x82313</value>
         <object_component_ref idref="oc-519"/>
      </symbol>
      <symbol id="sm-851">
         <name>ASysCtl_setAnalogReferenceInternal</name>
         <value>0x82aec</value>
         <object_component_ref idref="oc-7b3"/>
      </symbol>
      <symbol id="sm-86b">
         <name>CPUTimer_setEmulationMode</name>
         <value>0x830ae</value>
         <object_component_ref idref="oc-241"/>
      </symbol>
      <symbol id="sm-8ca">
         <name>Flash_initModule</name>
         <value>0xc6af</value>
         <object_component_ref idref="oc-5e7"/>
      </symbol>
      <symbol id="sm-925">
         <name>GPIO_setQualificationMode</name>
         <value>0x824b1</value>
         <object_component_ref idref="oc-625"/>
      </symbol>
      <symbol id="sm-926">
         <name>GPIO_setPadConfig</name>
         <value>0x81ebb</value>
         <object_component_ref idref="oc-4d0"/>
      </symbol>
      <symbol id="sm-927">
         <name>GPIO_setAnalogMode</name>
         <value>0x80d15</value>
         <object_component_ref idref="oc-61e"/>
      </symbol>
      <symbol id="sm-928">
         <name>GPIO_setDirectionMode</name>
         <value>0x82656</value>
         <object_component_ref idref="oc-4d6"/>
      </symbol>
      <symbol id="sm-929">
         <name>GPIO_setQualificationPeriod</name>
         <value>0x82441</value>
         <object_component_ref idref="oc-62b"/>
      </symbol>
      <symbol id="sm-92a">
         <name>GPIO_setPinConfig</name>
         <value>0x8247a</value>
         <object_component_ref idref="oc-4e2"/>
      </symbol>
      <symbol id="sm-979">
         <name>Interrupt_defaultHandler</name>
         <value>0x82e9b</value>
         <object_component_ref idref="oc-5e"/>
      </symbol>
      <symbol id="sm-97a">
         <name>Interrupt_initModule</name>
         <value>0x8238f</value>
         <object_component_ref idref="oc-e1"/>
      </symbol>
      <symbol id="sm-97b">
         <name>Interrupt_nmiHandler</name>
         <value>0x8325c</value>
         <object_component_ref idref="oc-70"/>
      </symbol>
      <symbol id="sm-97c">
         <name>Interrupt_enable</name>
         <value>0x824e8</value>
         <object_component_ref idref="oc-ed"/>
      </symbol>
      <symbol id="sm-97d">
         <name>Interrupt_initVectorTable</name>
         <value>0x82ace</value>
         <object_component_ref idref="oc-60"/>
      </symbol>
      <symbol id="sm-97e">
         <name>Interrupt_illegalOperationHandler</name>
         <value>0x83252</value>
         <object_component_ref idref="oc-6a"/>
      </symbol>
      <symbol id="sm-ace">
         <name>MCAN_getRxFIFOStatus</name>
         <value>0x816ab</value>
         <object_component_ref idref="oc-53b"/>
      </symbol>
      <symbol id="sm-acf">
         <name>MCAN_enableIntrLine</name>
         <value>0x82799</value>
         <object_component_ref idref="oc-4fa"/>
      </symbol>
      <symbol id="sm-ad0">
         <name>MCAN_getOpMode</name>
         <value>0x82de6</value>
         <object_component_ref idref="oc-690"/>
      </symbol>
      <symbol id="sm-ad1">
         <name>MCAN_writeMsgRam</name>
         <value>0x81e64</value>
         <object_component_ref idref="oc-384"/>
      </symbol>
      <symbol id="sm-ad2">
         <name>MCAN_clearNewDataStatus</name>
         <value>0x82a35</value>
         <object_component_ref idref="oc-c9"/>
      </symbol>
      <symbol id="sm-ad3">
         <name>MCAN_addStdMsgIDFilter</name>
         <value>0x81fb0</value>
         <object_component_ref idref="oc-6a8"/>
      </symbol>
      <symbol id="sm-ad4">
         <name>MCAN_getMsgObjSize</name>
         <value>0x83060</value>
         <object_component_ref idref="oc-1c2"/>
      </symbol>
      <symbol id="sm-ad5">
         <name>MCAN_isMemInitDone</name>
         <value>0x82a54</value>
         <object_component_ref idref="oc-684"/>
      </symbol>
      <symbol id="sm-ad6">
         <name>MCAN_getTxBufReqPend</name>
         <value>0x830e7</value>
         <object_component_ref idref="oc-390"/>
      </symbol>
      <symbol id="sm-ad7">
         <name>MCAN_enableIntr</name>
         <value>0x825be</value>
         <object_component_ref idref="oc-4ee"/>
      </symbol>
      <symbol id="sm-ad8">
         <name>MCAN_setOpMode</name>
         <value>0x82c82</value>
         <object_component_ref idref="oc-68a"/>
      </symbol>
      <symbol id="sm-ad9">
         <name>MCAN_readMsgRam</name>
         <value>0x812ff</value>
         <object_component_ref idref="oc-ae"/>
      </symbol>
      <symbol id="sm-ada">
         <name>MCAN_getIntrStatus</name>
         <value>0x830d4</value>
         <object_component_ref idref="oc-93"/>
      </symbol>
      <symbol id="sm-adb">
         <name>MCAN_clearIntrStatus</name>
         <value>0x82f44</value>
         <object_component_ref idref="oc-99"/>
      </symbol>
      <symbol id="sm-adc">
         <name>MCAN_selectIntrLine</name>
         <value>0x825f1</value>
         <object_component_ref idref="oc-4f4"/>
      </symbol>
      <symbol id="sm-add">
         <name>MCAN_init</name>
         <value>0x80c25</value>
         <object_component_ref idref="oc-696"/>
      </symbol>
      <symbol id="sm-ade">
         <name>MCAN_clearInterrupt</name>
         <value>0x82c01</value>
         <object_component_ref idref="oc-9f"/>
      </symbol>
      <symbol id="sm-adf">
         <name>MCAN_txBufAddReq</name>
         <value>0x82742</value>
         <object_component_ref idref="oc-38a"/>
      </symbol>
      <symbol id="sm-ae0">
         <name>MCAN_getNewDataStatus</name>
         <value>0x82b09</value>
         <object_component_ref idref="oc-a5"/>
      </symbol>
      <symbol id="sm-ae1">
         <name>MCAN_writeRxFIFOAck</name>
         <value>0x81db2</value>
         <object_component_ref idref="oc-544"/>
      </symbol>
      <symbol id="sm-ae2">
         <name>MCAN_msgRAMConfig</name>
         <value>0x80008</value>
         <object_component_ref idref="oc-6a2"/>
      </symbol>
      <symbol id="sm-ae3">
         <name>MCAN_setBitTime</name>
         <value>0x8105f</value>
         <object_component_ref idref="oc-69c"/>
      </symbol>
      <symbol id="sm-b15">
         <name>PGA_setOffsetTrimNMOS</name>
         <value>0x82293</value>
         <object_component_ref idref="oc-60c"/>
      </symbol>
      <symbol id="sm-b16">
         <name>PGA_setOffsetTrimPMOS</name>
         <value>0x8224f</value>
         <object_component_ref idref="oc-612"/>
      </symbol>
      <symbol id="sm-c28">
         <name>SysCtl_isPLLValid</name>
         <value>0x80a2f</value>
         <object_component_ref idref="oc-76a"/>
      </symbol>
      <symbol id="sm-c29">
         <name>SysCtl_delay</name>
         <value>0xc7b3</value>
         <object_component_ref idref="oc-3eb"/>
      </symbol>
      <symbol id="sm-c2a">
         <name>SysCtl_selectXTALSingleEnded</name>
         <value>0x8283b</value>
         <object_component_ref idref="oc-7f9"/>
      </symbol>
      <symbol id="sm-c2b">
         <name>SysCtl_selectXTAL</name>
         <value>0x821c4</value>
         <object_component_ref idref="oc-7f3"/>
      </symbol>
      <symbol id="sm-c2c">
         <name>SysCtl_selectOscSource</name>
         <value>0x82137</value>
         <object_component_ref idref="oc-75e"/>
      </symbol>
      <symbol id="sm-c2d">
         <name>SysCtl_getLowSpeedClock</name>
         <value>0x82c1b</value>
         <object_component_ref idref="oc-600"/>
      </symbol>
      <symbol id="sm-c2e">
         <name>SysCtl_setClock</name>
         <value>0x805c5</value>
         <object_component_ref idref="oc-5ed"/>
      </symbol>
      <symbol id="sm-c2f">
         <name>SysCtl_getClock</name>
         <value>0x81c36</value>
         <object_component_ref idref="oc-5f9"/>
      </symbol>
      <symbol id="sm-c40">
         <name>sqrtf</name>
         <value>0x82814</value>
         <object_component_ref idref="oc-113"/>
      </symbol>
      <symbol id="sm-c4a">
         <name>_c_int00</name>
         <value>0x82e42</value>
         <object_component_ref idref="oc-18f"/>
      </symbol>
      <symbol id="sm-c4b">
         <name>__stack</name>
         <value>0xc7b8</value>
         <object_component_ref idref="oc-76"/>
      </symbol>
      <symbol id="sm-c5a">
         <name>__c28xabi_divf</name>
         <value>0x81422</value>
         <object_component_ref idref="oc-10e"/>
      </symbol>
      <symbol id="sm-c66">
         <name>__c28xabi_modi</name>
         <value>0x82967</value>
         <object_component_ref idref="oc-3e0"/>
      </symbol>
      <symbol id="sm-c67">
         <name>__c28xabi_divi</name>
         <value>0x82956</value>
         <object_component_ref idref="oc-3e0"/>
      </symbol>
      <symbol id="sm-c7c">
         <name>memcpy</name>
         <value>0x82b26</value>
         <object_component_ref idref="oc-79"/>
      </symbol>
      <symbol id="sm-c89">
         <name>_system_pre_init</name>
         <value>0x832e9</value>
         <object_component_ref idref="oc-25a"/>
      </symbol>
      <symbol id="sm-c98">
         <name>__TI_auto_init_nobinit_nopinit</name>
         <value>0x8276e</value>
         <object_component_ref idref="oc-2e0"/>
      </symbol>
      <symbol id="sm-ca5">
         <name>__TI_zero_init</name>
         <value>0x832cc</value>
         <object_component_ref idref="oc-87"/>
      </symbol>
      <symbol id="sm-cb2">
         <name>__TI_decompress_none</name>
         <value>0x83280</value>
         <object_component_ref idref="oc-1c"/>
      </symbol>
      <symbol id="sm-cc6">
         <name>__TI_decompress_lzss</name>
         <value>0x82687</value>
         <object_component_ref idref="oc-16"/>
      </symbol>
      <symbol id="sm-cdc">
         <name>C$$EXIT</name>
         <value>0x827eb</value>
         <object_component_ref idref="oc-267"/>
      </symbol>
      <symbol id="sm-cdd">
         <name>abort</name>
         <value>0x827eb</value>
         <object_component_ref idref="oc-267"/>
      </symbol>
      <symbol id="sm-cde">
         <name>exit</name>
         <value>0x827ed</value>
         <object_component_ref idref="oc-267"/>
      </symbol>
      <symbol id="sm-cdf">
         <name>__TI_dtors_ptr</name>
         <value>0xa8d0</value>
         <object_component_ref idref="oc-318"/>
      </symbol>
      <symbol id="sm-ce0">
         <name>__TI_cleanup_ptr</name>
         <value>0xa8ce</value>
         <object_component_ref idref="oc-318"/>
      </symbol>
      <symbol id="sm-ce1">
         <name>__TI_enable_exit_profile_output</name>
         <value>0xa8cc</value>
         <object_component_ref idref="oc-318"/>
      </symbol>
      <symbol id="sm-cf8">
         <name>_nop</name>
         <value>0x8326e</value>
         <object_component_ref idref="oc-42e"/>
      </symbol>
      <symbol id="sm-cf9">
         <name>_lock</name>
         <value>0xa8d8</value>
         <object_component_ref idref="oc-31b"/>
      </symbol>
      <symbol id="sm-cfa">
         <name>_unlock</name>
         <value>0xa8da</value>
         <object_component_ref idref="oc-5b0"/>
      </symbol>
      <symbol id="sm-cfb">
         <name>_register_lock</name>
         <value>0x8326a</value>
         <object_component_ref idref="oc-42e"/>
      </symbol>
      <symbol id="sm-cfc">
         <name>_register_unlock</name>
         <value>0x83266</value>
         <object_component_ref idref="oc-42e"/>
      </symbol>
      <symbol id="sm-d0b">
         <name>_args_main</name>
         <value>0x83204</value>
         <object_component_ref idref="oc-261"/>
      </symbol>
      <symbol id="sm-d1a">
         <name>memset</name>
         <value>0x832b3</value>
         <object_component_ref idref="oc-188"/>
      </symbol>
      <symbol id="sm-d25">
         <name>errno</name>
         <value>0xa8cb</value>
         <object_component_ref idref="oc-21b"/>
      </symbol>
      <symbol id="sm-d34">
         <name>_system_post_cinit</name>
         <value>0x832eb</value>
         <object_component_ref idref="oc-3a1"/>
      </symbol>
      <symbol id="sm-d36">
         <name>__c_args__</name>
         <value>0x0</value>
      </symbol>
   </symbol_table>
   <title>Link successful</title>
</link_info>
