<?xml version="1.0" encoding="ISO-8859-1" ?>
<link_info>
   <banner>TMS320C2000 Linker PC v22.6.1.LTS</banner>
   <copyright>Copyright (c) 1996-2018 Texas Instruments Incorporated</copyright>
   <link_time>0x68621280</link_time>
   <link_errors>0x0</link_errors>
   <output_file>adc_ex2_soc_epwm.out</output_file>
   <entry_point>
      <name>code_start</name>
      <address>0x80000</address>
   </entry_point>
   <input_file_list>
      <input_file id="fl-2">
         <path>.\</path>
         <kind>object</kind>
         <file>adc_ex2_soc_epwm.obj</file>
         <name>adc_ex2_soc_epwm.obj</name>
      </input_file>
      <input_file id="fl-3">
         <path>.\syscfg\</path>
         <kind>object</kind>
         <file>board.obj</file>
         <name>board.obj</name>
      </input_file>
      <input_file id="fl-4">
         <path>.\syscfg\</path>
         <kind>object</kind>
         <file>c2000ware_libraries.obj</file>
         <name>c2000ware_libraries.obj</name>
      </input_file>
      <input_file id="fl-5">
         <path>.\</path>
         <kind>object</kind>
         <file>board_module.obj</file>
         <name>board_module.obj</name>
      </input_file>
      <input_file id="fl-6">
         <path>.\</path>
         <kind>object</kind>
         <file>bu_runtime.obj</file>
         <name>bu_runtime.obj</name>
      </input_file>
      <input_file id="fl-7">
         <path>.\</path>
         <kind>object</kind>
         <file>can_module.obj</file>
         <name>can_module.obj</name>
      </input_file>
      <input_file id="fl-8">
         <path>.\</path>
         <kind>object</kind>
         <file>dww_power.obj</file>
         <name>dww_power.obj</name>
      </input_file>
      <input_file id="fl-9">
         <path>.\</path>
         <kind>object</kind>
         <file>flash_module.obj</file>
         <name>flash_module.obj</name>
      </input_file>
      <input_file id="fl-a">
         <path>.\</path>
         <kind>object</kind>
         <file>flashapi_128bit_programming.obj</file>
         <name>flashapi_128bit_programming.obj</name>
      </input_file>
      <input_file id="fl-b">
         <path>.\</path>
         <kind>object</kind>
         <file>runtime.obj</file>
         <name>runtime.obj</name>
      </input_file>
      <input_file id="fl-c">
         <path>.\</path>
         <kind>object</kind>
         <file>s_board_adc.obj</file>
         <name>s_board_adc.obj</name>
      </input_file>
      <input_file id="fl-d">
         <path>.\</path>
         <kind>object</kind>
         <file>timer_module.obj</file>
         <name>timer_module.obj</name>
      </input_file>
      <input_file id="fl-e">
         <path>.\</path>
         <kind>object</kind>
         <file>utilities.obj</file>
         <name>utilities.obj</name>
      </input_file>
      <input_file id="fl-f">
         <path>.\device\</path>
         <kind>object</kind>
         <file>device.obj</file>
         <name>device.obj</name>
      </input_file>
      <input_file id="fl-10">
         <path>.\device\</path>
         <kind>object</kind>
         <file>f28p55x_codestartbranch.obj</file>
         <name>f28p55x_codestartbranch.obj</name>
      </input_file>
      <input_file id="fl-19">
         <kind>object</kind>
         <file>&lt;internal&gt;</file>
         <name>&lt;internal&gt;</name>
      </input_file>
      <input_file id="fl-1a">
         <path>C:\ti\c2000\C2000Ware_5_03_00_00\libraries\flash_api\f28p55x\lib\</path>
         <kind>archive</kind>
         <file>FAPI_F28P55x_EABI_v4.00.00.lib</file>
         <name>Async.obj</name>
      </input_file>
      <input_file id="fl-1b">
         <path>C:\ti\c2000\C2000Ware_5_03_00_00\libraries\flash_api\f28p55x\lib\</path>
         <kind>archive</kind>
         <file>FAPI_F28P55x_EABI_v4.00.00.lib</file>
         <name>Program.obj</name>
      </input_file>
      <input_file id="fl-1c">
         <path>C:\ti\c2000\C2000Ware_5_03_00_00\libraries\flash_api\f28p55x\lib\</path>
         <kind>archive</kind>
         <file>FAPI_F28P55x_EABI_v4.00.00.lib</file>
         <name>BlankCheck.obj</name>
      </input_file>
      <input_file id="fl-1d">
         <path>C:\ti\c2000\C2000Ware_5_03_00_00\libraries\flash_api\f28p55x\lib\</path>
         <kind>archive</kind>
         <file>FAPI_F28P55x_EABI_v4.00.00.lib</file>
         <name>Read.obj</name>
      </input_file>
      <input_file id="fl-1e">
         <path>C:\ti\c2000\C2000Ware_5_03_00_00\libraries\flash_api\f28p55x\lib\</path>
         <kind>archive</kind>
         <file>FAPI_F28P55x_EABI_v4.00.00.lib</file>
         <name>Verify.obj</name>
      </input_file>
      <input_file id="fl-1f">
         <path>C:\ti\c2000\C2000Ware_5_03_00_00\libraries\flash_api\f28p55x\lib\</path>
         <kind>archive</kind>
         <file>FAPI_F28P55x_EABI_v4.00.00.lib</file>
         <name>FlashStateMachine.obj</name>
      </input_file>
      <input_file id="fl-20">
         <path>C:\ti\c2000\C2000Ware_5_03_00_00\libraries\flash_api\f28p55x\lib\</path>
         <kind>archive</kind>
         <file>FAPI_F28P55x_EABI_v4.00.00.lib</file>
         <name>Init.obj</name>
      </input_file>
      <input_file id="fl-21">
         <path>C:\ti\c2000\C2000Ware_5_03_00_00\libraries\flash_api\f28p55x\lib\</path>
         <kind>archive</kind>
         <file>FAPI_F28P55x_EABI_v4.00.00.lib</file>
         <name>Utilities.obj</name>
      </input_file>
      <input_file id="fl-22">
         <path>..\</path>
         <kind>archive</kind>
         <file>driverlib.lib</file>
         <name>adc.obj</name>
      </input_file>
      <input_file id="fl-23">
         <path>..\</path>
         <kind>archive</kind>
         <file>driverlib.lib</file>
         <name>asysctl.obj</name>
      </input_file>
      <input_file id="fl-24">
         <path>..\</path>
         <kind>archive</kind>
         <file>driverlib.lib</file>
         <name>cputimer.obj</name>
      </input_file>
      <input_file id="fl-25">
         <path>..\</path>
         <kind>archive</kind>
         <file>driverlib.lib</file>
         <name>dcc.obj</name>
      </input_file>
      <input_file id="fl-26">
         <path>..\</path>
         <kind>archive</kind>
         <file>driverlib.lib</file>
         <name>flash.obj</name>
      </input_file>
      <input_file id="fl-27">
         <path>..\</path>
         <kind>archive</kind>
         <file>driverlib.lib</file>
         <name>gpio.obj</name>
      </input_file>
      <input_file id="fl-28">
         <path>..\</path>
         <kind>archive</kind>
         <file>driverlib.lib</file>
         <name>interrupt.obj</name>
      </input_file>
      <input_file id="fl-29">
         <path>..\</path>
         <kind>archive</kind>
         <file>driverlib.lib</file>
         <name>mcan.obj</name>
      </input_file>
      <input_file id="fl-2a">
         <path>..\</path>
         <kind>archive</kind>
         <file>driverlib.lib</file>
         <name>pga.obj</name>
      </input_file>
      <input_file id="fl-2b">
         <path>..\</path>
         <kind>archive</kind>
         <file>driverlib.lib</file>
         <name>sysctl.obj</name>
      </input_file>
      <input_file id="fl-37">
         <path>C:\ti\ccs1281\ccs\tools\compiler\ti-cgt-c2000_22.6.1.LTS\lib\</path>
         <kind>archive</kind>
         <file>rts2800_fpu32_eabi.lib</file>
         <name>e_sqrtf.c.obj</name>
      </input_file>
      <input_file id="fl-38">
         <path>C:\ti\ccs1281\ccs\tools\compiler\ti-cgt-c2000_22.6.1.LTS\lib\</path>
         <kind>archive</kind>
         <file>rts2800_fpu32_eabi.lib</file>
         <name>boot28.asm.obj</name>
      </input_file>
      <input_file id="fl-39">
         <path>C:\ti\ccs1281\ccs\tools\compiler\ti-cgt-c2000_22.6.1.LTS\lib\</path>
         <kind>archive</kind>
         <file>rts2800_fpu32_eabi.lib</file>
         <name>fd_sub28.asm.obj</name>
      </input_file>
      <input_file id="fl-3a">
         <path>C:\ti\ccs1281\ccs\tools\compiler\ti-cgt-c2000_22.6.1.LTS\lib\</path>
         <kind>archive</kind>
         <file>rts2800_fpu32_eabi.lib</file>
         <name>fd_toul28.asm.obj</name>
      </input_file>
      <input_file id="fl-3b">
         <path>C:\ti\ccs1281\ccs\tools\compiler\ti-cgt-c2000_22.6.1.LTS\lib\</path>
         <kind>archive</kind>
         <file>rts2800_fpu32_eabi.lib</file>
         <name>fs_div28.asm.obj</name>
      </input_file>
      <input_file id="fl-3c">
         <path>C:\ti\ccs1281\ccs\tools\compiler\ti-cgt-c2000_22.6.1.LTS\lib\</path>
         <kind>archive</kind>
         <file>rts2800_fpu32_eabi.lib</file>
         <name>ll_aox28.asm.obj</name>
      </input_file>
      <input_file id="fl-3d">
         <path>C:\ti\ccs1281\ccs\tools\compiler\ti-cgt-c2000_22.6.1.LTS\lib\</path>
         <kind>archive</kind>
         <file>rts2800_fpu32_eabi.lib</file>
         <name>ll_cmp28.asm.obj</name>
      </input_file>
      <input_file id="fl-3e">
         <path>C:\ti\ccs1281\ccs\tools\compiler\ti-cgt-c2000_22.6.1.LTS\lib\</path>
         <kind>archive</kind>
         <file>rts2800_fpu32_eabi.lib</file>
         <name>i_div28.asm.obj</name>
      </input_file>
      <input_file id="fl-3f">
         <path>C:\ti\ccs1281\ccs\tools\compiler\ti-cgt-c2000_22.6.1.LTS\lib\</path>
         <kind>archive</kind>
         <file>rts2800_fpu32_eabi.lib</file>
         <name>u_div28.asm.obj</name>
      </input_file>
      <input_file id="fl-40">
         <path>C:\ti\ccs1281\ccs\tools\compiler\ti-cgt-c2000_22.6.1.LTS\lib\</path>
         <kind>archive</kind>
         <file>rts2800_fpu32_eabi.lib</file>
         <name>ul_tofd28.asm.obj</name>
      </input_file>
      <input_file id="fl-41">
         <path>C:\ti\ccs1281\ccs\tools\compiler\ti-cgt-c2000_22.6.1.LTS\lib\</path>
         <kind>archive</kind>
         <file>rts2800_fpu32_eabi.lib</file>
         <name>fd_div28.asm.obj</name>
      </input_file>
      <input_file id="fl-42">
         <path>C:\ti\ccs1281\ccs\tools\compiler\ti-cgt-c2000_22.6.1.LTS\lib\</path>
         <kind>archive</kind>
         <file>rts2800_fpu32_eabi.lib</file>
         <name>memcpy.c.obj</name>
      </input_file>
      <input_file id="fl-43">
         <path>C:\ti\ccs1281\ccs\tools\compiler\ti-cgt-c2000_22.6.1.LTS\lib\</path>
         <kind>archive</kind>
         <file>rts2800_fpu32_eabi.lib</file>
         <name>pre_init.c.obj</name>
      </input_file>
      <input_file id="fl-44">
         <path>C:\ti\ccs1281\ccs\tools\compiler\ti-cgt-c2000_22.6.1.LTS\lib\</path>
         <kind>archive</kind>
         <file>rts2800_fpu32_eabi.lib</file>
         <name>autoinit.c.obj</name>
      </input_file>
      <input_file id="fl-45">
         <path>C:\ti\ccs1281\ccs\tools\compiler\ti-cgt-c2000_22.6.1.LTS\lib\</path>
         <kind>archive</kind>
         <file>rts2800_fpu32_eabi.lib</file>
         <name>copy_zero_init.c.obj</name>
      </input_file>
      <input_file id="fl-46">
         <path>C:\ti\ccs1281\ccs\tools\compiler\ti-cgt-c2000_22.6.1.LTS\lib\</path>
         <kind>archive</kind>
         <file>rts2800_fpu32_eabi.lib</file>
         <name>copy_decompress_none.c.obj</name>
      </input_file>
      <input_file id="fl-47">
         <path>C:\ti\ccs1281\ccs\tools\compiler\ti-cgt-c2000_22.6.1.LTS\lib\</path>
         <kind>archive</kind>
         <file>rts2800_fpu32_eabi.lib</file>
         <name>copy_decompress_lzss.c.obj</name>
      </input_file>
      <input_file id="fl-48">
         <path>C:\ti\ccs1281\ccs\tools\compiler\ti-cgt-c2000_22.6.1.LTS\lib\</path>
         <kind>archive</kind>
         <file>rts2800_fpu32_eabi.lib</file>
         <name>exit.c.obj</name>
      </input_file>
      <input_file id="fl-49">
         <path>C:\ti\ccs1281\ccs\tools\compiler\ti-cgt-c2000_22.6.1.LTS\lib\</path>
         <kind>archive</kind>
         <file>rts2800_fpu32_eabi.lib</file>
         <name>_lock.c.obj</name>
      </input_file>
      <input_file id="fl-4a">
         <path>C:\ti\ccs1281\ccs\tools\compiler\ti-cgt-c2000_22.6.1.LTS\lib\</path>
         <kind>archive</kind>
         <file>rts2800_fpu32_eabi.lib</file>
         <name>args_main.c.obj</name>
      </input_file>
      <input_file id="fl-4b">
         <path>C:\ti\ccs1281\ccs\tools\compiler\ti-cgt-c2000_22.6.1.LTS\lib\</path>
         <kind>archive</kind>
         <file>rts2800_fpu32_eabi.lib</file>
         <name>memset.c.obj</name>
      </input_file>
      <input_file id="fl-4c">
         <path>C:\ti\ccs1281\ccs\tools\compiler\ti-cgt-c2000_22.6.1.LTS\lib\</path>
         <kind>archive</kind>
         <file>rts2800_fpu32_eabi.lib</file>
         <name>errno.c.obj</name>
      </input_file>
      <input_file id="fl-4d">
         <path>C:\ti\ccs1281\ccs\tools\compiler\ti-cgt-c2000_22.6.1.LTS\lib\</path>
         <kind>archive</kind>
         <file>rts2800_fpu32_eabi.lib</file>
         <name>fd_add28.asm.obj</name>
      </input_file>
      <input_file id="fl-4e">
         <path>C:\ti\ccs1281\ccs\tools\compiler\ti-cgt-c2000_22.6.1.LTS\lib\</path>
         <kind>archive</kind>
         <file>rts2800_fpu32_eabi.lib</file>
         <name>cpy_tbl.c.obj</name>
      </input_file>
      <input_file id="fl-4f">
         <path>C:\ti\ccs1281\ccs\tools\compiler\ti-cgt-c2000_22.6.1.LTS\lib\</path>
         <kind>archive</kind>
         <file>rts2800_fpu32_eabi.lib</file>
         <name>startup.c.obj</name>
      </input_file>
   </input_file_list>
   <object_component_list>
      <object_component id="oc-23">
         <name>codestart</name>
         <load_address>0x80000</load_address>
         <run_address>0x80000</run_address>
         <size>0x2</size>
         <input_file_ref idref="fl-10"/>
      </object_component>
      <object_component id="oc-6b4">
         <name>.text:MCAN_msgRAMConfig</name>
         <load_address>0x80008</load_address>
         <run_address>0x80008</run_address>
         <size>0x1c2</size>
         <input_file_ref idref="fl-29"/>
      </object_component>
      <object_component id="oc-3a">
         <name>.text:adcA1ISR</name>
         <load_address>0x801ca</load_address>
         <run_address>0x801ca</run_address>
         <size>0x17a</size>
         <input_file_ref idref="fl-c"/>
      </object_component>
      <object_component id="oc-6c9">
         <name>.text:PinMux_init</name>
         <load_address>0x80344</load_address>
         <run_address>0x80344</run_address>
         <size>0x155</size>
         <input_file_ref idref="fl-3"/>
      </object_component>
      <object_component id="oc-4e8">
         <name>.text:MCANConfig</name>
         <load_address>0x80499</load_address>
         <run_address>0x80499</run_address>
         <size>0x12c</size>
         <input_file_ref idref="fl-7"/>
      </object_component>
      <object_component id="oc-5ff">
         <name>.text:SysCtl_setClock</name>
         <load_address>0x805c5</load_address>
         <run_address>0x805c5</run_address>
         <size>0x123</size>
         <input_file_ref idref="fl-2b"/>
      </object_component>
      <object_component id="oc-496">
         <name>.text:MCAN_writeMsg</name>
         <load_address>0x806e8</load_address>
         <run_address>0x806e8</run_address>
         <size>0x122</size>
         <input_file_ref idref="fl-29"/>
      </object_component>
      <object_component id="oc-7d8">
         <name>.text:myADC0_init</name>
         <load_address>0x8080a</load_address>
         <run_address>0x8080a</run_address>
         <size>0x11e</size>
         <input_file_ref idref="fl-3"/>
      </object_component>
      <object_component id="oc-1c8">
         <name>.text:MCAN_readMsg</name>
         <load_address>0x80928</load_address>
         <run_address>0x80928</run_address>
         <size>0x107</size>
         <input_file_ref idref="fl-29"/>
      </object_component>
      <object_component id="oc-782">
         <name>.text:SysCtl_isPLLValid</name>
         <load_address>0x80a2f</load_address>
         <run_address>0x80a2f</run_address>
         <size>0xfe</size>
         <input_file_ref idref="fl-2b"/>
      </object_component>
      <object_component id="oc-2e">
         <name>.text:MCANIntr1ISR</name>
         <load_address>0x80b2d</load_address>
         <run_address>0x80b2d</run_address>
         <size>0xf8</size>
         <input_file_ref idref="fl-7"/>
      </object_component>
      <object_component id="oc-6a8">
         <name>.text:MCAN_init</name>
         <load_address>0x80c25</load_address>
         <run_address>0x80c25</run_address>
         <size>0xf0</size>
         <input_file_ref idref="fl-29"/>
      </object_component>
      <object_component id="oc-630">
         <name>.text:GPIO_setAnalogMode</name>
         <load_address>0x80d15</load_address>
         <run_address>0x80d15</run_address>
         <size>0xeb</size>
         <input_file_ref idref="fl-27"/>
      </object_component>
      <object_component id="oc-618">
         <name>.text:Device_enableAllPeripherals</name>
         <load_address>0x80e00</load_address>
         <run_address>0x80e00</run_address>
         <size>0xd8</size>
         <input_file_ref idref="fl-f"/>
      </object_component>
      <object_component id="oc-4ac">
         <name>.text:Device_init</name>
         <load_address>0x80ed8</load_address>
         <run_address>0x80ed8</run_address>
         <size>0xc5</size>
         <input_file_ref idref="fl-f"/>
      </object_component>
      <object_component id="oc-310">
         <name>.text:main</name>
         <load_address>0x80f9d</load_address>
         <run_address>0x80f9d</run_address>
         <size>0xc2</size>
         <input_file_ref idref="fl-2"/>
      </object_component>
      <object_component id="oc-6ae">
         <name>.text:MCAN_setBitTime</name>
         <load_address>0x8105f</load_address>
         <run_address>0x8105f</run_address>
         <size>0xb9</size>
         <input_file_ref idref="fl-29"/>
      </object_component>
      <object_component id="oc-3fe">
         <name>.text:handleMissingFrames</name>
         <load_address>0x81118</load_address>
         <run_address>0x81118</run_address>
         <size>0xa5</size>
         <input_file_ref idref="fl-7"/>
      </object_component>
      <object_component id="oc-500">
         <name>.text:initBranchRuntime</name>
         <load_address>0x811bd</load_address>
         <run_address>0x811bd</run_address>
         <size>0xa4</size>
         <input_file_ref idref="fl-6"/>
      </object_component>
      <object_component id="oc-1e5">
         <name>.text:processBUFrames</name>
         <load_address>0x81261</load_address>
         <run_address>0x81261</run_address>
         <size>0x9e</size>
         <input_file_ref idref="fl-7"/>
      </object_component>
      <object_component id="oc-ae">
         <name>.text:MCAN_readMsgRam</name>
         <load_address>0x812ff</load_address>
         <run_address>0x812ff</run_address>
         <size>0x98</size>
         <input_file_ref idref="fl-29"/>
      </object_component>
      <object_component id="oc-539">
         <name>.text:dww_max_min_Calc</name>
         <load_address>0x81397</load_address>
         <run_address>0x81397</run_address>
         <size>0x94</size>
         <input_file_ref idref="fl-c"/>
      </object_component>
      <object_component id="oc-55c">
         <name>.text:processVoltageFrame</name>
         <load_address>0x8142b</load_address>
         <run_address>0x8142b</run_address>
         <size>0x8b</size>
         <input_file_ref idref="fl-b"/>
      </object_component>
      <object_component id="oc-545">
         <name>.text:dww_demand_Calc</name>
         <load_address>0x814b6</load_address>
         <run_address>0x814b6</run_address>
         <size>0x89</size>
         <input_file_ref idref="fl-c"/>
      </object_component>
      <object_component id="oc-10e">
         <name>.text</name>
         <load_address>0x8153f</load_address>
         <run_address>0x8153f</run_address>
         <size>0x88</size>
         <input_file_ref idref="fl-3b"/>
      </object_component>
      <object_component id="oc-590">
         <name>.text:resetCANModule</name>
         <load_address>0x815c7</load_address>
         <run_address>0x815c7</run_address>
         <size>0x87</size>
         <input_file_ref idref="fl-7"/>
      </object_component>
      <object_component id="oc-59d">
         <name>.text:processBUBoardData</name>
         <load_address>0x8164e</load_address>
         <run_address>0x8164e</run_address>
         <size>0x7f</size>
         <input_file_ref idref="fl-5"/>
      </object_component>
      <object_component id="oc-576">
         <name>.text:transmitGainFrames</name>
         <load_address>0x816cd</load_address>
         <run_address>0x816cd</run_address>
         <size>0x7e</size>
         <input_file_ref idref="fl-7"/>
      </object_component>
      <object_component id="oc-7de">
         <name>.text:myADC1_init</name>
         <load_address>0x8174b</load_address>
         <run_address>0x8174b</run_address>
         <size>0x7d</size>
         <input_file_ref idref="fl-3"/>
      </object_component>
      <object_component id="oc-54d">
         <name>.text:MCAN_getRxFIFOStatus</name>
         <load_address>0x817c8</load_address>
         <run_address>0x817c8</run_address>
         <size>0x78</size>
         <input_file_ref idref="fl-29"/>
      </object_component>
      <object_component id="oc-657">
         <name>.text:EPWM_setADCTriggerSource</name>
         <load_address>0x81840</load_address>
         <run_address>0x81840</run_address>
         <size>0x75</size>
         <input_file_ref idref="fl-c"/>
      </object_component>
      <object_component id="oc-84d">
         <name>.text:DCC_setCounterSeeds</name>
         <load_address>0x818b5</load_address>
         <run_address>0x818b5</run_address>
         <size>0x73</size>
         <input_file_ref idref="fl-2b"/>
      </object_component>
      <object_component id="oc-404">
         <name>.text:copyRxFIFO</name>
         <load_address>0x81928</load_address>
         <run_address>0x81928</run_address>
         <size>0x71</size>
         <input_file_ref idref="fl-7"/>
      </object_component>
      <object_component id="oc-3d4">
         <name>.text:transmit</name>
         <load_address>0x81999</load_address>
         <run_address>0x81999</run_address>
         <size>0x71</size>
         <input_file_ref idref="fl-7"/>
      </object_component>
      <object_component id="oc-2b8">
         <name>.text:sendBUFrameAcknowledgment</name>
         <load_address>0x81a0a</load_address>
         <run_address>0x81a0a</run_address>
         <size>0x6d</size>
         <input_file_ref idref="fl-7"/>
      </object_component>
      <object_component id="oc-3ce">
         <name>.text:prepareFramesForTransmission</name>
         <load_address>0x81a77</load_address>
         <run_address>0x81a77</run_address>
         <size>0x6a</size>
         <input_file_ref idref="fl-7"/>
      </object_component>
      <object_component id="oc-3c8">
         <name>.text:sendCalibrationDataFormatVersion</name>
         <load_address>0x81ae1</load_address>
         <run_address>0x81ae1</run_address>
         <size>0x6a</size>
         <input_file_ref idref="fl-7"/>
      </object_component>
      <object_component id="oc-724">
         <name>.text:calibDataUpdateFailAck</name>
         <load_address>0x81b4b</load_address>
         <run_address>0x81b4b</run_address>
         <size>0x68</size>
         <input_file_ref idref="fl-e"/>
      </object_component>
      <object_component id="oc-71e">
         <name>.text:calibDataUpdateSuccessAck</name>
         <load_address>0x81bb3</load_address>
         <run_address>0x81bb3</run_address>
         <size>0x68</size>
         <input_file_ref idref="fl-e"/>
      </object_component>
      <object_component id="oc-416">
         <name>.text:erasedBank4Ack</name>
         <load_address>0x81c1b</load_address>
         <run_address>0x81c1b</run_address>
         <size>0x68</size>
         <input_file_ref idref="fl-e"/>
      </object_component>
      <object_component id="oc-56f">
         <name>.text:maxRetriesExceeded</name>
         <load_address>0x81c83</load_address>
         <run_address>0x81c83</run_address>
         <size>0x68</size>
         <input_file_ref idref="fl-7"/>
      </object_component>
      <object_component id="oc-41c">
         <name>.text:writtenDefaultCalibrationValuesAck</name>
         <load_address>0x81ceb</load_address>
         <run_address>0x81ceb</run_address>
         <size>0x68</size>
         <input_file_ref idref="fl-e"/>
      </object_component>
      <object_component id="oc-60b">
         <name>.text:SysCtl_getClock</name>
         <load_address>0x81d53</load_address>
         <run_address>0x81d53</run_address>
         <size>0x65</size>
         <input_file_ref idref="fl-2b"/>
      </object_component>
      <object_component id="oc-3e5">
         <name>.text:copyVoltageRxFIFO</name>
         <load_address>0x81db8</load_address>
         <run_address>0x81db8</run_address>
         <size>0x5e</size>
         <input_file_ref idref="fl-b"/>
      </object_component>
      <object_component id="oc-40a">
         <name>.text:sendDiscoveryMessage</name>
         <load_address>0x81e16</load_address>
         <run_address>0x81e16</run_address>
         <size>0x5d</size>
         <input_file_ref idref="fl-7"/>
      </object_component>
      <object_component id="oc-3b6">
         <name>.text:startupfunc</name>
         <load_address>0x81e73</load_address>
         <run_address>0x81e73</run_address>
         <size>0x5c</size>
         <input_file_ref idref="fl-5"/>
      </object_component>
      <object_component id="oc-556">
         <name>.text:MCAN_writeRxFIFOAck</name>
         <load_address>0x81ecf</load_address>
         <run_address>0x81ecf</run_address>
         <size>0x5a</size>
         <input_file_ref idref="fl-29"/>
      </object_component>
      <object_component id="oc-3c2">
         <name>.text:writeDefaultCalibrationValues</name>
         <load_address>0x81f29</load_address>
         <run_address>0x81f29</run_address>
         <size>0x58</size>
         <input_file_ref idref="fl-9"/>
      </object_component>
      <object_component id="oc-384">
         <name>.text:MCAN_writeMsgRam</name>
         <load_address>0x81f81</load_address>
         <run_address>0x81f81</run_address>
         <size>0x57</size>
         <input_file_ref idref="fl-29"/>
      </object_component>
      <object_component id="oc-4d0">
         <name>.text:GPIO_setPadConfig</name>
         <load_address>0x81fd8</load_address>
         <run_address>0x81fd8</run_address>
         <size>0x52</size>
         <input_file_ref idref="fl-27"/>
      </object_component>
      <object_component id="oc-2a0">
         <name>.text:findReadAndWriteAddress</name>
         <load_address>0x8202a</load_address>
         <run_address>0x8202a</run_address>
         <size>0x51</size>
         <input_file_ref idref="fl-9"/>
      </object_component>
      <object_component id="oc-6ba">
         <name>.text:MCAN_addStdMsgIDFilter</name>
         <load_address>0x8207b</load_address>
         <run_address>0x8207b</run_address>
         <size>0x4f</size>
         <input_file_ref idref="fl-29"/>
      </object_component>
      <object_component id="oc-46">
         <name>.text:frameTrackingTimerISR</name>
         <load_address>0x820ca</load_address>
         <run_address>0x820ca</run_address>
         <size>0x4f</size>
         <input_file_ref idref="fl-d"/>
      </object_component>
      <object_component id="oc-29a">
         <name>.text:eraseBank4</name>
         <load_address>0x82119</load_address>
         <run_address>0x82119</run_address>
         <size>0x4e</size>
         <input_file_ref idref="fl-9"/>
      </object_component>
      <object_component id="oc-4b2">
         <name>.text:initDIPSwitchGPIO</name>
         <load_address>0x82167</load_address>
         <run_address>0x82167</run_address>
         <size>0x4e</size>
         <input_file_ref idref="fl-5"/>
      </object_component>
      <object_component id="oc-422">
         <name>.text:checkAddressChange</name>
         <load_address>0x821b5</load_address>
         <run_address>0x821b5</run_address>
         <size>0x4d</size>
         <input_file_ref idref="fl-5"/>
      </object_component>
      <object_component id="oc-776">
         <name>.text:SysCtl_selectOscSource</name>
         <load_address>0x82202</load_address>
         <run_address>0x82202</run_address>
         <size>0x47</size>
         <input_file_ref idref="fl-2b"/>
      </object_component>
      <object_component id="oc-896">
         <name>.text:ADC_setupSOC</name>
         <load_address>0x82249</load_address>
         <run_address>0x82249</run_address>
         <size>0x46</size>
         <input_file_ref idref="fl-3"/>
      </object_component>
      <object_component id="oc-80f">
         <name>.text:SysCtl_selectXTAL</name>
         <load_address>0x8228f</load_address>
         <run_address>0x8228f</run_address>
         <size>0x46</size>
         <input_file_ref idref="fl-2b"/>
      </object_component>
      <object_component id="oc-8c1">
         <name>.text:SysCtl_pollX1Counter</name>
         <load_address>0x822d5</load_address>
         <run_address>0x822d5</run_address>
         <size>0x45</size>
         <input_file_ref idref="fl-2b"/>
      </object_component>
      <object_component id="oc-624">
         <name>.text:PGA_setOffsetTrimPMOS</name>
         <load_address>0x8231a</load_address>
         <run_address>0x8231a</run_address>
         <size>0x44</size>
         <input_file_ref idref="fl-2a"/>
      </object_component>
      <object_component id="oc-61e">
         <name>.text:PGA_setOffsetTrimNMOS</name>
         <load_address>0x8235e</load_address>
         <run_address>0x8235e</run_address>
         <size>0x41</size>
         <input_file_ref idref="fl-2a"/>
      </object_component>
      <object_component id="oc-c3">
         <name>.text:processBUSpecificMessage</name>
         <load_address>0x8239f</load_address>
         <run_address>0x8239f</run_address>
         <size>0x3f</size>
         <input_file_ref idref="fl-7"/>
      </object_component>
      <object_component id="oc-513">
         <name>.text:ADC_setVREF</name>
         <load_address>0x823de</load_address>
         <run_address>0x823de</run_address>
         <size>0x3e</size>
         <input_file_ref idref="fl-22"/>
      </object_component>
      <object_component id="oc-2a6">
         <name>.text:eraseSectorOrFindEmptySector</name>
         <load_address>0x8241c</load_address>
         <run_address>0x8241c</run_address>
         <size>0x3e</size>
         <input_file_ref idref="fl-9"/>
      </object_component>
      <object_component id="oc-e1">
         <name>.text:Interrupt_initModule</name>
         <load_address>0x8245a</load_address>
         <run_address>0x8245a</run_address>
         <size>0x3d</size>
         <input_file_ref idref="fl-28"/>
      </object_component>
      <object_component id="oc-6e6">
         <name>.text:EPWM_isBaseValid</name>
         <load_address>0x82497</load_address>
         <run_address>0x82497</run_address>
         <size>0x3b</size>
         <input_file_ref idref="fl-c"/>
      </object_component>
      <object_component id="oc-65d">
         <name>.text:EPWM_setADCTriggerEventPrescale</name>
         <load_address>0x824d2</load_address>
         <run_address>0x824d2</run_address>
         <size>0x3a</size>
         <input_file_ref idref="fl-c"/>
      </object_component>
      <object_component id="oc-63d">
         <name>.text:GPIO_setQualificationPeriod</name>
         <load_address>0x8250c</load_address>
         <run_address>0x8250c</run_address>
         <size>0x39</size>
         <input_file_ref idref="fl-27"/>
      </object_component>
      <object_component id="oc-4e2">
         <name>.text:GPIO_setPinConfig</name>
         <load_address>0x82545</load_address>
         <run_address>0x82545</run_address>
         <size>0x37</size>
         <input_file_ref idref="fl-27"/>
      </object_component>
      <object_component id="oc-637">
         <name>.text:GPIO_setQualificationMode</name>
         <load_address>0x8257c</load_address>
         <run_address>0x8257c</run_address>
         <size>0x37</size>
         <input_file_ref idref="fl-27"/>
      </object_component>
      <object_component id="oc-ed">
         <name>.text:Interrupt_enable</name>
         <load_address>0x825b3</load_address>
         <run_address>0x825b3</run_address>
         <size>0x37</size>
         <input_file_ref idref="fl-28"/>
      </object_component>
      <object_component id="oc-14d">
         <name>.text:configCPUTimer</name>
         <load_address>0x825ea</load_address>
         <run_address>0x825ea</run_address>
         <size>0x36</size>
         <input_file_ref idref="fl-d"/>
      </object_component>
      <object_component id="oc-54">
         <name>.text:configureTimer2</name>
         <load_address>0x82620</load_address>
         <run_address>0x82620</run_address>
         <size>0x35</size>
         <input_file_ref idref="fl-d"/>
      </object_component>
      <object_component id="oc-4be">
         <name>.text:initEPWM</name>
         <load_address>0x82655</load_address>
         <run_address>0x82655</run_address>
         <size>0x34</size>
         <input_file_ref idref="fl-c"/>
      </object_component>
      <object_component id="oc-4ee">
         <name>.text:MCAN_enableIntr</name>
         <load_address>0x82689</load_address>
         <run_address>0x82689</run_address>
         <size>0x33</size>
         <input_file_ref idref="fl-29"/>
      </object_component>
      <object_component id="oc-4f4">
         <name>.text:MCAN_selectIntrLine</name>
         <load_address>0x826bc</load_address>
         <run_address>0x826bc</run_address>
         <size>0x33</size>
         <input_file_ref idref="fl-29"/>
      </object_component>
      <object_component id="oc-52">
         <name>.text:cpuTimer2ISR</name>
         <load_address>0x826ef</load_address>
         <run_address>0x826ef</run_address>
         <size>0x32</size>
         <input_file_ref idref="fl-d"/>
      </object_component>
      <object_component id="oc-4d6">
         <name>.text:GPIO_setDirectionMode</name>
         <load_address>0x82721</load_address>
         <run_address>0x82721</run_address>
         <size>0x31</size>
         <input_file_ref idref="fl-27"/>
      </object_component>
      <object_component id="oc-16">
         <name>.text:decompress:lzss</name>
         <load_address>0x82752</load_address>
         <run_address>0x82752</run_address>
         <size>0x30</size>
         <input_file_ref idref="fl-47"/>
      </object_component>
      <object_component id="oc-8a2">
         <name>.text:ADC_setInterruptSource</name>
         <load_address>0x82782</load_address>
         <run_address>0x82782</run_address>
         <size>0x2f</size>
         <input_file_ref idref="fl-3"/>
      </object_component>
      <object_component id="oc-89c">
         <name>.text:ADC_setInterruptSOCTrigger</name>
         <load_address>0x827b1</load_address>
         <run_address>0x827b1</run_address>
         <size>0x2e</size>
         <input_file_ref idref="fl-3"/>
      </object_component>
      <object_component id="oc-3bc">
         <name>.text:adc_init</name>
         <load_address>0x827df</load_address>
         <run_address>0x827df</run_address>
         <size>0x2e</size>
         <input_file_ref idref="fl-c"/>
      </object_component>
      <object_component id="oc-147">
         <name>.text:initCPUTimers</name>
         <load_address>0x8280d</load_address>
         <run_address>0x8280d</run_address>
         <size>0x2e</size>
         <input_file_ref idref="fl-d"/>
      </object_component>
      <object_component id="oc-38a">
         <name>.text:MCAN_txBufAddReq</name>
         <load_address>0x8283b</load_address>
         <run_address>0x8283b</run_address>
         <size>0x2c</size>
         <input_file_ref idref="fl-29"/>
      </object_component>
      <object_component id="oc-2e0">
         <name>.text:__TI_auto_init_nobinit_nopinit</name>
         <load_address>0x82867</load_address>
         <run_address>0x82867</run_address>
         <size>0x2b</size>
         <input_file_ref idref="fl-44"/>
      </object_component>
      <object_component id="oc-4fa">
         <name>.text:MCAN_enableIntrLine</name>
         <load_address>0x82892</load_address>
         <run_address>0x82892</run_address>
         <size>0x29</size>
         <input_file_ref idref="fl-29"/>
      </object_component>
      <object_component id="oc-4dc">
         <name>.text:SysCtl_setMCANClk</name>
         <load_address>0x828bb</load_address>
         <run_address>0x828bb</run_address>
         <size>0x29</size>
         <input_file_ref idref="fl-5"/>
      </object_component>
      <object_component id="oc-267">
         <name>.text</name>
         <load_address>0x828e4</load_address>
         <run_address>0x828e4</run_address>
         <size>0x29</size>
         <input_file_ref idref="fl-48"/>
      </object_component>
      <object_component id="oc-3a1">
         <name>.text</name>
         <load_address>0x8290d</load_address>
         <run_address>0x8290d</run_address>
         <size>0x1</size>
         <input_file_ref idref="fl-4f"/>
      </object_component>
      <object_component id="oc-113">
         <name>.text</name>
         <load_address>0x8290e</load_address>
         <run_address>0x8290e</run_address>
         <size>0x27</size>
         <input_file_ref idref="fl-37"/>
      </object_component>
      <object_component id="oc-815">
         <name>.text:SysCtl_selectXTALSingleEnded</name>
         <load_address>0x82935</load_address>
         <run_address>0x82935</run_address>
         <size>0x25</size>
         <input_file_ref idref="fl-2b"/>
      </object_component>
      <object_component id="oc-533">
         <name>.text:dww_Loadper_Calc</name>
         <load_address>0x8295a</load_address>
         <run_address>0x8295a</run_address>
         <size>0x25</size>
         <input_file_ref idref="fl-c"/>
      </object_component>
      <object_component id="oc-3f8">
         <name>.text:readCANAddress</name>
         <load_address>0x8297f</load_address>
         <run_address>0x8297f</run_address>
         <size>0x25</size>
         <input_file_ref idref="fl-5"/>
      </object_component>
      <object_component id="oc-853">
         <name>.text:DCC_enableSingleShotMode</name>
         <load_address>0x829a4</load_address>
         <run_address>0x829a4</run_address>
         <size>0x24</size>
         <input_file_ref idref="fl-2b"/>
      </object_component>
      <object_component id="oc-7f2">
         <name>.text:GPIO_isPinValid</name>
         <load_address>0x829c8</load_address>
         <run_address>0x829c8</run_address>
         <size>0x23</size>
         <input_file_ref idref="fl-5"/>
      </object_component>
      <object_component id="oc-68a">
         <name>.text:GPIO_isPinValid</name>
         <load_address>0x829eb</load_address>
         <run_address>0x829eb</run_address>
         <size>0x23</size>
         <input_file_ref idref="fl-27"/>
      </object_component>
      <object_component id="oc-70f">
         <name>.text:GPIO_readPin</name>
         <load_address>0x82a0e</load_address>
         <run_address>0x82a0e</run_address>
         <size>0x23</size>
         <input_file_ref idref="fl-5"/>
      </object_component>
      <object_component id="oc-105">
         <name>.text:ADC_readResult</name>
         <load_address>0x82a31</load_address>
         <run_address>0x82a31</run_address>
         <size>0x22</size>
         <input_file_ref idref="fl-c"/>
      </object_component>
      <object_component id="oc-663">
         <name>.text:EPWM_setCounterCompareValue</name>
         <load_address>0x82a53</load_address>
         <run_address>0x82a53</run_address>
         <size>0x22</size>
         <input_file_ref idref="fl-c"/>
      </object_component>
      <object_component id="oc-3e0">
         <name>.text</name>
         <load_address>0x82a75</load_address>
         <run_address>0x82a75</run_address>
         <size>0x22</size>
         <input_file_ref idref="fl-3e"/>
      </object_component>
      <object_component id="oc-8ae">
         <name>.text:ADC_disableContinuousMode</name>
         <load_address>0x82a97</load_address>
         <run_address>0x82a97</run_address>
         <size>0x21</size>
         <input_file_ref idref="fl-3"/>
      </object_component>
      <object_component id="oc-8b4">
         <name>.text:ADC_enableInterrupt</name>
         <load_address>0x82ab8</load_address>
         <run_address>0x82ab8</run_address>
         <size>0x20</size>
         <input_file_ref idref="fl-3"/>
      </object_component>
      <object_component id="oc-11f">
         <name>.text:ADC_getInterruptOverflowStatus</name>
         <load_address>0x82ad8</load_address>
         <run_address>0x82ad8</run_address>
         <size>0x1f</size>
         <input_file_ref idref="fl-c"/>
      </object_component>
      <object_component id="oc-8e3">
         <name>.text:ADC_isBaseValid</name>
         <load_address>0x82af7</load_address>
         <run_address>0x82af7</run_address>
         <size>0x1f</size>
         <input_file_ref idref="fl-3"/>
      </object_component>
      <object_component id="oc-6dd">
         <name>.text:ADC_isBaseValid</name>
         <load_address>0x82b16</load_address>
         <run_address>0x82b16</run_address>
         <size>0x1f</size>
         <input_file_ref idref="fl-22"/>
      </object_component>
      <object_component id="oc-220">
         <name>.text:ADC_isBaseValid</name>
         <load_address>0x82b35</load_address>
         <run_address>0x82b35</run_address>
         <size>0x1f</size>
         <input_file_ref idref="fl-c"/>
      </object_component>
      <object_component id="oc-c9">
         <name>.text:MCAN_clearNewDataStatus</name>
         <load_address>0x82b54</load_address>
         <run_address>0x82b54</run_address>
         <size>0x1f</size>
         <input_file_ref idref="fl-29"/>
      </object_component>
      <object_component id="oc-696">
         <name>.text:MCAN_isMemInitDone</name>
         <load_address>0x82b73</load_address>
         <run_address>0x82b73</run_address>
         <size>0x1f</size>
         <input_file_ref idref="fl-29"/>
      </object_component>
      <object_component id="oc-48">
         <name>.text:initFrameTracking</name>
         <load_address>0x82b92</load_address>
         <run_address>0x82b92</run_address>
         <size>0x1f</size>
         <input_file_ref idref="fl-d"/>
      </object_component>
      <object_component id="oc-841">
         <name>.text:DCC_setCounter0ClkSource</name>
         <load_address>0x82bb1</load_address>
         <run_address>0x82bb1</run_address>
         <size>0x1e</size>
         <input_file_ref idref="fl-2b"/>
      </object_component>
      <object_component id="oc-847">
         <name>.text:DCC_setCounter1ClkSource</name>
         <load_address>0x82bcf</load_address>
         <run_address>0x82bcf</run_address>
         <size>0x1e</size>
         <input_file_ref idref="fl-2b"/>
      </object_component>
      <object_component id="oc-64">
         <name>.text:Interrupt_initVectorTable</name>
         <load_address>0x82bed</load_address>
         <run_address>0x82bed</run_address>
         <size>0x1e</size>
         <input_file_ref idref="fl-28"/>
      </object_component>
      <object_component id="oc-7cb">
         <name>.text:ASysCtl_setAnalogReferenceInternal</name>
         <load_address>0x82c0b</load_address>
         <run_address>0x82c0b</run_address>
         <size>0x1d</size>
         <input_file_ref idref="fl-23"/>
      </object_component>
      <object_component id="oc-a5">
         <name>.text:MCAN_getNewDataStatus</name>
         <load_address>0x82c28</load_address>
         <run_address>0x82c28</run_address>
         <size>0x1d</size>
         <input_file_ref idref="fl-29"/>
      </object_component>
      <object_component id="oc-79">
         <name>.text</name>
         <load_address>0x82c45</load_address>
         <run_address>0x82c45</run_address>
         <size>0x1d</size>
         <input_file_ref idref="fl-42"/>
      </object_component>
      <object_component id="oc-890">
         <name>.text:ADC_setSOCPriority</name>
         <load_address>0x82c62</load_address>
         <run_address>0x82c62</run_address>
         <size>0x1c</size>
         <input_file_ref idref="fl-3"/>
      </object_component>
      <object_component id="oc-651">
         <name>.text:EPWM_disableADCTrigger</name>
         <load_address>0x82c7e</load_address>
         <run_address>0x82c7e</run_address>
         <size>0x1c</size>
         <input_file_ref idref="fl-c"/>
      </object_component>
      <object_component id="oc-519">
         <name>.text:EPWM_enableADCTrigger</name>
         <load_address>0x82c9a</load_address>
         <run_address>0x82c9a</run_address>
         <size>0x1c</size>
         <input_file_ref idref="fl-c"/>
      </object_component>
      <object_component id="oc-66f">
         <name>.text:EPWM_setClockPrescaler</name>
         <load_address>0x82cb6</load_address>
         <run_address>0x82cb6</run_address>
         <size>0x1c</size>
         <input_file_ref idref="fl-c"/>
      </object_component>
      <object_component id="oc-53f">
         <name>.text:dww_timer</name>
         <load_address>0x82cd2</load_address>
         <run_address>0x82cd2</run_address>
         <size>0x1c</size>
         <input_file_ref idref="fl-c"/>
      </object_component>
      <object_component id="oc-582">
         <name>.text:CPUTimer_startTimer</name>
         <load_address>0x82cee</load_address>
         <run_address>0x82cee</run_address>
         <size>0x1a</size>
         <input_file_ref idref="fl-5"/>
      </object_component>
      <object_component id="oc-5ab">
         <name>.text:CPUTimer_startTimer</name>
         <load_address>0x82d08</load_address>
         <run_address>0x82d08</run_address>
         <size>0x1a</size>
         <input_file_ref idref="fl-d"/>
      </object_component>
      <object_component id="oc-4ca">
         <name>.text:Device_initGPIO</name>
         <load_address>0x82d22</load_address>
         <run_address>0x82d22</run_address>
         <size>0x1a</size>
         <input_file_ref idref="fl-f"/>
      </object_component>
      <object_component id="oc-9f">
         <name>.text:MCAN_clearInterrupt</name>
         <load_address>0x82d3c</load_address>
         <run_address>0x82d3c</run_address>
         <size>0x1a</size>
         <input_file_ref idref="fl-29"/>
      </object_component>
      <object_component id="oc-612">
         <name>.text:SysCtl_getLowSpeedClock</name>
         <load_address>0x82d56</load_address>
         <run_address>0x82d56</run_address>
         <size>0x1a</size>
         <input_file_ref idref="fl-2b"/>
      </object_component>
      <object_component id="oc-3ec">
         <name>.text:handleDiscoveryProcess</name>
         <load_address>0x82d70</load_address>
         <run_address>0x82d70</run_address>
         <size>0x1a</size>
         <input_file_ref idref="fl-5"/>
      </object_component>
      <object_component id="oc-5ba">
         <name>.text:resetFrameTrackingVariables</name>
         <load_address>0x82d8a</load_address>
         <run_address>0x82d8a</run_address>
         <size>0x1a</size>
         <input_file_ref idref="fl-5"/>
      </object_component>
      <object_component id="oc-7d1">
         <name>.text:ASysCtl_setAnalogReference1P65</name>
         <load_address>0x82da4</load_address>
         <run_address>0x82da4</run_address>
         <size>0x19</size>
         <input_file_ref idref="fl-3"/>
      </object_component>
      <object_component id="oc-69c">
         <name>.text:MCAN_setOpMode</name>
         <load_address>0x82dbd</load_address>
         <run_address>0x82dbd</run_address>
         <size>0x19</size>
         <input_file_ref idref="fl-29"/>
      </object_component>
      <object_component id="oc-49d">
         <name>.text:MCAN_writeProtectedRegAccessLock</name>
         <load_address>0x82dd6</load_address>
         <run_address>0x82dd6</run_address>
         <size>0x19</size>
         <input_file_ref idref="fl-29"/>
      </object_component>
      <object_component id="oc-7b5">
         <name>.text:MCAN_writeProtectedRegAccessUnlock</name>
         <load_address>0x82def</load_address>
         <run_address>0x82def</run_address>
         <size>0x19</size>
         <input_file_ref idref="fl-29"/>
      </object_component>
      <object_component id="oc-77c">
         <name>.text:SysCtl_setPLLSysClk</name>
         <load_address>0x82e08</load_address>
         <run_address>0x82e08</run_address>
         <size>0x19</size>
         <input_file_ref idref="fl-2b"/>
      </object_component>
      <object_component id="oc-3f2">
         <name>.text:handleGainRetransmission</name>
         <load_address>0x82e21</load_address>
         <run_address>0x82e21</run_address>
         <size>0x19</size>
         <input_file_ref idref="fl-5"/>
      </object_component>
      <object_component id="oc-675">
         <name>.text:EPWM_setPeriodLoadMode</name>
         <load_address>0x82e3a</load_address>
         <run_address>0x82e3a</run_address>
         <size>0x18</size>
         <input_file_ref idref="fl-c"/>
      </object_component>
      <object_component id="oc-125">
         <name>.text:ADC_clearInterruptOverflowStatus</name>
         <load_address>0x82e52</load_address>
         <run_address>0x82e52</run_address>
         <size>0x17</size>
         <input_file_ref idref="fl-c"/>
      </object_component>
      <object_component id="oc-8a8">
         <name>.text:ADC_clearInterruptStatus</name>
         <load_address>0x82e69</load_address>
         <run_address>0x82e69</run_address>
         <size>0x17</size>
         <input_file_ref idref="fl-3"/>
      </object_component>
      <object_component id="oc-119">
         <name>.text:ADC_clearInterruptStatus</name>
         <load_address>0x82e80</load_address>
         <run_address>0x82e80</run_address>
         <size>0x17</size>
         <input_file_ref idref="fl-c"/>
      </object_component>
      <object_component id="oc-32a">
         <name>.text:CPUTimer_isBaseValid</name>
         <load_address>0x82e97</load_address>
         <run_address>0x82e97</run_address>
         <size>0x17</size>
         <input_file_ref idref="fl-5"/>
      </object_component>
      <object_component id="oc-286">
         <name>.text:CPUTimer_isBaseValid</name>
         <load_address>0x82eae</load_address>
         <run_address>0x82eae</run_address>
         <size>0x17</size>
         <input_file_ref idref="fl-7"/>
      </object_component>
      <object_component id="oc-2d2">
         <name>.text:CPUTimer_isBaseValid</name>
         <load_address>0x82ec5</load_address>
         <run_address>0x82ec5</run_address>
         <size>0x17</size>
         <input_file_ref idref="fl-24"/>
      </object_component>
      <object_component id="oc-231">
         <name>.text:CPUTimer_isBaseValid</name>
         <load_address>0x82edc</load_address>
         <run_address>0x82edc</run_address>
         <size>0x17</size>
         <input_file_ref idref="fl-d"/>
      </object_component>
      <object_component id="oc-16b">
         <name>.text:CPUTimer_setPreScaler</name>
         <load_address>0x82ef3</load_address>
         <run_address>0x82ef3</run_address>
         <size>0x17</size>
         <input_file_ref idref="fl-d"/>
      </object_component>
      <object_component id="oc-1b1">
         <name>.text:HW_WR_FIELD32_RAW</name>
         <load_address>0x82f0a</load_address>
         <run_address>0x82f0a</run_address>
         <size>0x17</size>
         <input_file_ref idref="fl-29"/>
      </object_component>
      <object_component id="oc-6a2">
         <name>.text:MCAN_getOpMode</name>
         <load_address>0x82f21</load_address>
         <run_address>0x82f21</run_address>
         <size>0x17</size>
         <input_file_ref idref="fl-29"/>
      </object_component>
      <object_component id="oc-794">
         <name>.text:PGA_isBaseValid</name>
         <load_address>0x82f38</load_address>
         <run_address>0x82f38</run_address>
         <size>0x17</size>
         <input_file_ref idref="fl-2a"/>
      </object_component>
      <object_component id="oc-78d">
         <name>.text:SysCtl_enablePeripheral</name>
         <load_address>0x82f4f</load_address>
         <run_address>0x82f4f</run_address>
         <size>0x17</size>
         <input_file_ref idref="fl-f"/>
      </object_component>
      <object_component id="oc-81d">
         <name>.text:SysCtl_enablePeripheral</name>
         <load_address>0x82f66</load_address>
         <run_address>0x82f66</run_address>
         <size>0x17</size>
         <input_file_ref idref="fl-2b"/>
      </object_component>
      <object_component id="oc-18f">
         <name>.text</name>
         <load_address>0x82f7d</load_address>
         <run_address>0x82f7d</run_address>
         <size>0x17</size>
         <input_file_ref idref="fl-38"/>
      </object_component>
      <object_component id="oc-878">
         <name>.text:ADC_setInterruptPulseMode</name>
         <load_address>0x82f94</load_address>
         <run_address>0x82f94</run_address>
         <size>0x16</size>
         <input_file_ref idref="fl-3"/>
      </object_component>
      <object_component id="oc-872">
         <name>.text:ADC_setPrescaler</name>
         <load_address>0x82faa</load_address>
         <run_address>0x82faa</run_address>
         <size>0x16</size>
         <input_file_ref idref="fl-3"/>
      </object_component>
      <object_component id="oc-83b">
         <name>.text:DCC_disableDoneSignal</name>
         <load_address>0x82fc0</load_address>
         <run_address>0x82fc0</run_address>
         <size>0x16</size>
         <input_file_ref idref="fl-2b"/>
      </object_component>
      <object_component id="oc-5e">
         <name>.text:Interrupt_defaultHandler</name>
         <load_address>0x82fd6</load_address>
         <run_address>0x82fd6</run_address>
         <size>0x16</size>
         <input_file_ref idref="fl-28"/>
      </object_component>
      <object_component id="oc-88a">
         <name>.text:ADC_disableBurstMode</name>
         <load_address>0x82fec</load_address>
         <run_address>0x82fec</run_address>
         <size>0x15</size>
         <input_file_ref idref="fl-3"/>
      </object_component>
      <object_component id="oc-159">
         <name>.text:CPUTimer_enableInterrupt</name>
         <load_address>0x83001</load_address>
         <run_address>0x83001</run_address>
         <size>0x15</size>
         <input_file_ref idref="fl-d"/>
      </object_component>
      <object_component id="oc-829">
         <name>.text:DCC_clearDoneFlag</name>
         <load_address>0x83016</load_address>
         <run_address>0x83016</run_address>
         <size>0x15</size>
         <input_file_ref idref="fl-2b"/>
      </object_component>
      <object_component id="oc-823">
         <name>.text:DCC_clearErrorFlag</name>
         <load_address>0x8302b</load_address>
         <run_address>0x8302b</run_address>
         <size>0x15</size>
         <input_file_ref idref="fl-2b"/>
      </object_component>
      <object_component id="oc-835">
         <name>.text:DCC_disableErrorSignal</name>
         <load_address>0x83040</load_address>
         <run_address>0x83040</run_address>
         <size>0x15</size>
         <input_file_ref idref="fl-2b"/>
      </object_component>
      <object_component id="oc-8d0">
         <name>.text:DCC_isBaseValid</name>
         <load_address>0x83055</load_address>
         <run_address>0x83055</run_address>
         <size>0x15</size>
         <input_file_ref idref="fl-2b"/>
      </object_component>
      <object_component id="oc-683">
         <name>.text:GPIO_unlockPortConfig</name>
         <load_address>0x8306a</load_address>
         <run_address>0x8306a</run_address>
         <size>0x15</size>
         <input_file_ref idref="fl-f"/>
      </object_component>
      <object_component id="oc-99">
         <name>.text:MCAN_clearIntrStatus</name>
         <load_address>0x8307f</load_address>
         <run_address>0x8307f</run_address>
         <size>0x15</size>
         <input_file_ref idref="fl-29"/>
      </object_component>
      <object_component id="oc-195">
         <name>.text:MCAN_isBaseValid</name>
         <load_address>0x83094</load_address>
         <run_address>0x83094</run_address>
         <size>0x15</size>
         <input_file_ref idref="fl-29"/>
      </object_component>
      <object_component id="oc-50d">
         <name>.text:configureGPIO28</name>
         <load_address>0x830a9</load_address>
         <run_address>0x830a9</run_address>
         <size>0x15</size>
         <input_file_ref idref="fl-c"/>
      </object_component>
      <object_component id="oc-b7">
         <name>.text:processDiscoveryAck</name>
         <load_address>0x830be</load_address>
         <run_address>0x830be</run_address>
         <size>0x15</size>
         <input_file_ref idref="fl-7"/>
      </object_component>
      <object_component id="oc-57c">
         <name>.text:CPUTimer_reloadTimerCounter</name>
         <load_address>0x830d3</load_address>
         <run_address>0x830d3</run_address>
         <size>0x14</size>
         <input_file_ref idref="fl-5"/>
      </object_component>
      <object_component id="oc-171">
         <name>.text:CPUTimer_reloadTimerCounter</name>
         <load_address>0x830e7</load_address>
         <run_address>0x830e7</run_address>
         <size>0x14</size>
         <input_file_ref idref="fl-d"/>
      </object_component>
      <object_component id="oc-28e">
         <name>.text:CPUTimer_stopTimer</name>
         <load_address>0x830fb</load_address>
         <run_address>0x830fb</run_address>
         <size>0x14</size>
         <input_file_ref idref="fl-5"/>
      </object_component>
      <object_component id="oc-1d1">
         <name>.text:CPUTimer_stopTimer</name>
         <load_address>0x8310f</load_address>
         <run_address>0x8310f</run_address>
         <size>0x14</size>
         <input_file_ref idref="fl-7"/>
      </object_component>
      <object_component id="oc-13b">
         <name>.text:CPUTimer_stopTimer</name>
         <load_address>0x83123</load_address>
         <run_address>0x83123</run_address>
         <size>0x14</size>
         <input_file_ref idref="fl-d"/>
      </object_component>
      <object_component id="oc-82f">
         <name>.text:DCC_disableModule</name>
         <load_address>0x83137</load_address>
         <run_address>0x83137</run_address>
         <size>0x14</size>
         <input_file_ref idref="fl-2b"/>
      </object_component>
      <object_component id="oc-859">
         <name>.text:DCC_enableModule</name>
         <load_address>0x8314b</load_address>
         <run_address>0x8314b</run_address>
         <size>0x14</size>
         <input_file_ref idref="fl-2b"/>
      </object_component>
      <object_component id="oc-51f">
         <name>.text:EPWM_setTimeBaseCounterMode</name>
         <load_address>0x8315f</load_address>
         <run_address>0x8315f</run_address>
         <size>0x14</size>
         <input_file_ref idref="fl-c"/>
      </object_component>
      <object_component id="oc-669">
         <name>.text:EPWM_setTimeBasePeriod</name>
         <load_address>0x83173</load_address>
         <run_address>0x83173</run_address>
         <size>0x14</size>
         <input_file_ref idref="fl-c"/>
      </object_component>
      <object_component id="oc-27f">
         <name>.text:MCAN_getDataSize</name>
         <load_address>0x83187</load_address>
         <run_address>0x83187</run_address>
         <size>0x14</size>
         <input_file_ref idref="fl-29"/>
      </object_component>
      <object_component id="oc-1c2">
         <name>.text:MCAN_getMsgObjSize</name>
         <load_address>0x8319b</load_address>
         <run_address>0x8319b</run_address>
         <size>0x14</size>
         <input_file_ref idref="fl-29"/>
      </object_component>
      <object_component id="oc-5a4">
         <name>.text:startDiscoveryTimer</name>
         <load_address>0x831af</load_address>
         <run_address>0x831af</run_address>
         <size>0x14</size>
         <input_file_ref idref="fl-d"/>
      </object_component>
      <object_component id="oc-884">
         <name>.text:ADC_enableAltDMATiming</name>
         <load_address>0x831c3</load_address>
         <run_address>0x831c3</run_address>
         <size>0x13</size>
         <input_file_ref idref="fl-3"/>
      </object_component>
      <object_component id="oc-87e">
         <name>.text:ADC_enableConverter</name>
         <load_address>0x831d6</load_address>
         <run_address>0x831d6</run_address>
         <size>0x13</size>
         <input_file_ref idref="fl-3"/>
      </object_component>
      <object_component id="oc-23e">
         <name>.text:CPUTimer_setEmulationMode</name>
         <load_address>0x831e9</load_address>
         <run_address>0x831e9</run_address>
         <size>0x13</size>
         <input_file_ref idref="fl-24"/>
      </object_component>
      <object_component id="oc-30">
         <name>.text:MCANIntrConfig</name>
         <load_address>0x831fc</load_address>
         <run_address>0x831fc</run_address>
         <size>0x13</size>
         <input_file_ref idref="fl-7"/>
      </object_component>
      <object_component id="oc-93">
         <name>.text:MCAN_getIntrStatus</name>
         <load_address>0x8320f</load_address>
         <run_address>0x8320f</run_address>
         <size>0x13</size>
         <input_file_ref idref="fl-29"/>
      </object_component>
      <object_component id="oc-390">
         <name>.text:MCAN_getTxBufReqPend</name>
         <load_address>0x83222</load_address>
         <run_address>0x83222</run_address>
         <size>0x13</size>
         <input_file_ref idref="fl-29"/>
      </object_component>
      <object_component id="oc-562">
         <name>.text:isVoltageDataComplete</name>
         <load_address>0x83235</load_address>
         <run_address>0x83235</run_address>
         <size>0x13</size>
         <input_file_ref idref="fl-b"/>
      </object_component>
      <object_component id="oc-67b">
         <name>.text:EPWM_setTimeBaseCounter</name>
         <load_address>0x83248</load_address>
         <run_address>0x83248</run_address>
         <size>0x12</size>
         <input_file_ref idref="fl-c"/>
      </object_component>
      <object_component id="oc-165">
         <name>.text:CPUTimer_setPeriod</name>
         <load_address>0x8325a</load_address>
         <run_address>0x8325a</run_address>
         <size>0x11</size>
         <input_file_ref idref="fl-d"/>
      </object_component>
      <object_component id="oc-1d7">
         <name>.text:resetDiscoveryFlags</name>
         <load_address>0x8326b</load_address>
         <run_address>0x8326b</run_address>
         <size>0x11</size>
         <input_file_ref idref="fl-5"/>
      </object_component>
      <object_component id="oc-73c">
         <name>.text:Flash_isCtrlBaseValid</name>
         <load_address>0x8327c</load_address>
         <run_address>0x8327c</run_address>
         <size>0x10</size>
         <input_file_ref idref="fl-26"/>
      </object_component>
      <object_component id="oc-743">
         <name>.text:Flash_isECCBaseValid</name>
         <load_address>0x8328c</load_address>
         <run_address>0x8328c</run_address>
         <size>0x10</size>
         <input_file_ref idref="fl-26"/>
      </object_component>
      <object_component id="oc-131">
         <name>.text:Interrupt_register</name>
         <load_address>0x8329c</load_address>
         <run_address>0x8329c</run_address>
         <size>0xf</size>
         <input_file_ref idref="fl-3"/>
      </object_component>
      <object_component id="oc-e7">
         <name>.text:Interrupt_register</name>
         <load_address>0x832ab</load_address>
         <run_address>0x832ab</run_address>
         <size>0xf</size>
         <input_file_ref idref="fl-7"/>
      </object_component>
      <object_component id="oc-153">
         <name>.text:Interrupt_register</name>
         <load_address>0x832ba</load_address>
         <run_address>0x832ba</run_address>
         <size>0xf</size>
         <input_file_ref idref="fl-d"/>
      </object_component>
      <object_component id="oc-589">
         <name>.text:readDIPSwitch</name>
         <load_address>0x832c9</load_address>
         <run_address>0x832c9</run_address>
         <size>0xf</size>
         <input_file_ref idref="fl-5"/>
      </object_component>
      <object_component id="oc-1bc">
         <name>.text:HW_RD_FIELD32_RAW</name>
         <load_address>0x832d8</load_address>
         <run_address>0x832d8</run_address>
         <size>0xd</size>
         <input_file_ref idref="fl-29"/>
      </object_component>
      <object_component id="oc-3b">
         <name>.text:INTERRUPT_init</name>
         <load_address>0x832e5</load_address>
         <run_address>0x832e5</run_address>
         <size>0xd</size>
         <input_file_ref idref="fl-3"/>
      </object_component>
      <object_component id="oc-1fd">
         <name>.text:Interrupt_disableGlobal</name>
         <load_address>0x832f2</load_address>
         <run_address>0x832f2</run_address>
         <size>0xd</size>
         <input_file_ref idref="fl-28"/>
      </object_component>
      <object_component id="oc-f3">
         <name>.text:Interrupt_enableGlobal</name>
         <load_address>0x832ff</load_address>
         <run_address>0x832ff</run_address>
         <size>0xd</size>
         <input_file_ref idref="fl-7"/>
      </object_component>
      <object_component id="oc-205">
         <name>.text:Interrupt_enableGlobal</name>
         <load_address>0x8330c</load_address>
         <run_address>0x8330c</run_address>
         <size>0xd</size>
         <input_file_ref idref="fl-28"/>
      </object_component>
      <object_component id="oc-605">
         <name>.text:SysCtl_setLowSpeedClock</name>
         <load_address>0x83319</load_address>
         <run_address>0x83319</run_address>
         <size>0xd</size>
         <input_file_ref idref="fl-f"/>
      </object_component>
      <object_component id="oc-4c4">
         <name>.text:initializePDUManager</name>
         <load_address>0x83326</load_address>
         <run_address>0x83326</run_address>
         <size>0xd</size>
         <input_file_ref idref="fl-e"/>
      </object_component>
      <object_component id="oc-3da">
         <name>.text:adc_start_process</name>
         <load_address>0x83333</load_address>
         <run_address>0x83333</run_address>
         <size>0xc</size>
         <input_file_ref idref="fl-c"/>
      </object_component>
      <object_component id="oc-bd">
         <name>.text:processGainAcknowledgment</name>
         <load_address>0x8333f</load_address>
         <run_address>0x8333f</run_address>
         <size>0xc</size>
         <input_file_ref idref="fl-7"/>
      </object_component>
      <object_component id="oc-261">
         <name>.text</name>
         <load_address>0x8334b</load_address>
         <run_address>0x8334b</run_address>
         <size>0xc</size>
         <input_file_ref idref="fl-4a"/>
      </object_component>
      <object_component id="oc-410">
         <name>.text:startGainTransmissionRetry</name>
         <load_address>0x83357</load_address>
         <run_address>0x83357</run_address>
         <size>0xc</size>
         <input_file_ref idref="fl-d"/>
      </object_component>
      <object_component id="oc-507">
         <name>.text:Board_init</name>
         <load_address>0x83363</load_address>
         <run_address>0x83363</run_address>
         <size>0xb</size>
         <input_file_ref idref="fl-3"/>
      </object_component>
      <object_component id="oc-5f3">
         <name>.text:SysCtl_disableWatchdog</name>
         <load_address>0x8336e</load_address>
         <run_address>0x8336e</run_address>
         <size>0xb</size>
         <input_file_ref idref="fl-f"/>
      </object_component>
      <object_component id="oc-770">
         <name>.text:SysCtl_isMCDClockFailureDetected</name>
         <load_address>0x83379</load_address>
         <run_address>0x83379</run_address>
         <size>0xb</size>
         <input_file_ref idref="fl-2b"/>
      </object_component>
      <object_component id="oc-2b2">
         <name>.text:syncReadWriteToWorking</name>
         <load_address>0x83384</load_address>
         <run_address>0x83384</run_address>
         <size>0xb</size>
         <input_file_ref idref="fl-e"/>
      </object_component>
      <object_component id="oc-6cf">
         <name>.text:ASYSCTL_init</name>
         <load_address>0x8338f</load_address>
         <run_address>0x8338f</run_address>
         <size>0xa</size>
         <input_file_ref idref="fl-3"/>
      </object_component>
      <object_component id="oc-6a">
         <name>.text:Interrupt_illegalOperationHandler</name>
         <load_address>0x83399</load_address>
         <run_address>0x83399</run_address>
         <size>0xa</size>
         <input_file_ref idref="fl-28"/>
      </object_component>
      <object_component id="oc-70">
         <name>.text:Interrupt_nmiHandler</name>
         <load_address>0x833a3</load_address>
         <run_address>0x833a3</run_address>
         <size>0xa</size>
         <input_file_ref idref="fl-28"/>
      </object_component>
      <object_component id="oc-42e">
         <name>.text</name>
         <load_address>0x833ad</load_address>
         <run_address>0x833ad</run_address>
         <size>0x9</size>
         <input_file_ref idref="fl-49"/>
      </object_component>
      <object_component id="oc-568">
         <name>.text:syncVoltageData</name>
         <load_address>0x833b6</load_address>
         <run_address>0x833b6</run_address>
         <size>0x9</size>
         <input_file_ref idref="fl-b"/>
      </object_component>
      <object_component id="oc-34d">
         <name>.text:Example_Error</name>
         <load_address>0x833bf</load_address>
         <run_address>0x833bf</run_address>
         <size>0x8</size>
         <input_file_ref idref="fl-9"/>
      </object_component>
      <object_component id="oc-1c">
         <name>.text:decompress:none</name>
         <load_address>0x833c7</load_address>
         <run_address>0x833c7</run_address>
         <size>0x8</size>
         <input_file_ref idref="fl-46"/>
      </object_component>
      <object_component id="oc-8d">
         <name>.text</name>
         <load_address>0x833cf</load_address>
         <run_address>0x833cf</run_address>
         <size>0x8</size>
         <input_file_ref idref="fl-10"/>
      </object_component>
      <object_component id="oc-7c5">
         <name>.text:ASysCtl_disableTemperatureSensor</name>
         <load_address>0x833d7</load_address>
         <run_address>0x833d7</run_address>
         <size>0x7</size>
         <input_file_ref idref="fl-3"/>
      </object_component>
      <object_component id="oc-62a">
         <name>.text:ASysCtl_lockVREG</name>
         <load_address>0x833de</load_address>
         <run_address>0x833de</run_address>
         <size>0x7</size>
         <input_file_ref idref="fl-f"/>
      </object_component>
      <object_component id="oc-1a2">
         <name>.text:HW_RD_REG32_RAW</name>
         <load_address>0x833e5</load_address>
         <run_address>0x833e5</run_address>
         <size>0x7</size>
         <input_file_ref idref="fl-29"/>
      </object_component>
      <object_component id="oc-1aa">
         <name>.text:HW_WR_REG32_RAW</name>
         <load_address>0x833ec</load_address>
         <run_address>0x833ec</run_address>
         <size>0x7</size>
         <input_file_ref idref="fl-29"/>
      </object_component>
      <object_component id="oc-8c7">
         <name>.text:SysCtl_resetMCD</name>
         <load_address>0x833f3</load_address>
         <run_address>0x833f3</run_address>
         <size>0x7</size>
         <input_file_ref idref="fl-2b"/>
      </object_component>
      <object_component id="oc-188">
         <name>.text</name>
         <load_address>0x833fa</load_address>
         <run_address>0x833fa</run_address>
         <size>0x7</size>
         <input_file_ref idref="fl-4b"/>
      </object_component>
      <object_component id="oc-cf">
         <name>.text:Interrupt_clearACKGroup</name>
         <load_address>0x83401</load_address>
         <run_address>0x83401</run_address>
         <size>0x6</size>
         <input_file_ref idref="fl-7"/>
      </object_component>
      <object_component id="oc-12b">
         <name>.text:Interrupt_clearACKGroup</name>
         <load_address>0x83407</load_address>
         <run_address>0x83407</run_address>
         <size>0x6</size>
         <input_file_ref idref="fl-c"/>
      </object_component>
      <object_component id="oc-141">
         <name>.text:Interrupt_clearACKGroup</name>
         <load_address>0x8340d</load_address>
         <run_address>0x8340d</run_address>
         <size>0x6</size>
         <input_file_ref idref="fl-d"/>
      </object_component>
      <object_component id="oc-87">
         <name>.text:decompress:ZI</name>
         <load_address>0x83413</load_address>
         <run_address>0x83413</run_address>
         <size>0x6</size>
         <input_file_ref idref="fl-45"/>
      </object_component>
      <object_component id="oc-6d5">
         <name>.text:ADC_init</name>
         <load_address>0x83419</load_address>
         <run_address>0x83419</run_address>
         <size>0x5</size>
         <input_file_ref idref="fl-3"/>
      </object_component>
      <object_component id="oc-359">
         <name>.text:FMSTAT_Fail</name>
         <load_address>0x8341e</load_address>
         <run_address>0x8341e</run_address>
         <size>0x5</size>
         <input_file_ref idref="fl-9"/>
      </object_component>
      <object_component id="oc-19c">
         <name>.text:__error__</name>
         <load_address>0x83423</load_address>
         <run_address>0x83423</run_address>
         <size>0x5</size>
         <input_file_ref idref="fl-f"/>
      </object_component>
      <object_component id="oc-37b">
         <name>.text:Example_Done</name>
         <load_address>0x83428</load_address>
         <run_address>0x83428</run_address>
         <size>0x4</size>
         <input_file_ref idref="fl-9"/>
      </object_component>
      <object_component id="oc-25a">
         <name>.text</name>
         <load_address>0x8342c</load_address>
         <run_address>0x8342c</run_address>
         <size>0x2</size>
         <input_file_ref idref="fl-43"/>
      </object_component>
      <object_component id="oc-923">
         <name>.cinit..data.load</name>
         <load_address>0x84438</load_address>
         <run_address>0x84438</run_address>
         <size>0x3e</size>
      </object_component>
      <object_component id="oc-920">
         <name>__TI_handler_table</name>
         <load_address>0x84476</load_address>
         <run_address>0x84476</run_address>
         <size>0x6</size>
      </object_component>
      <object_component id="oc-922">
         <name>.cinit..bss.load</name>
         <load_address>0x8447c</load_address>
         <run_address>0x8447c</run_address>
         <size>0x4</size>
      </object_component>
      <object_component id="oc-921">
         <name>__TI_cinit_table</name>
         <load_address>0x84480</load_address>
         <run_address>0x84480</run_address>
         <size>0x8</size>
      </object_component>
      <object_component id="oc-76">
         <name>.stack</name>
         <uninitialized>true</uninitialized>
         <run_address>0xc7b8</run_address>
         <size>0x0</size>
         <input_file_ref idref="fl-38"/>
      </object_component>
      <object_component id="oc-924">
         <name>.stack</name>
         <uninitialized>true</uninitialized>
         <run_address>0xc7b8</run_address>
         <size>0x0</size>
      </object_component>
      <object_component id="oc-db">
         <name>.bss</name>
         <uninitialized>true</uninitialized>
         <run_address>0xfcc0</run_address>
         <size>0x8d</size>
         <input_file_ref idref="fl-2"/>
      </object_component>
      <object_component id="oc-b4">
         <name>.bss:retransmissionData</name>
         <uninitialized>true</uninitialized>
         <run_address>0xfd8d</run_address>
         <size>0x40</size>
         <input_file_ref idref="fl-2"/>
      </object_component>
      <object_component id="oc-ab">
         <name>.bss:rxMsg</name>
         <uninitialized>true</uninitialized>
         <run_address>0xf7a8</run_address>
         <size>0x348</size>
         <input_file_ref idref="fl-2"/>
      </object_component>
      <object_component id="oc-52e">
         <name>.bss:storedFrames</name>
         <uninitialized>true</uninitialized>
         <run_address>0xf3d8</run_address>
         <size>0x3cf</size>
         <input_file_ref idref="fl-2"/>
      </object_component>
      <object_component id="oc-59a">
         <name>.bss:receivedBuffer</name>
         <uninitialized>true</uninitialized>
         <run_address>0xefd8</run_address>
         <size>0x400</size>
         <input_file_ref idref="fl-2"/>
      </object_component>
      <object_component id="oc-1f4">
         <name>.bss:Buffer</name>
         <uninitialized>true</uninitialized>
         <run_address>0xebd8</run_address>
         <size>0x400</size>
         <input_file_ref idref="fl-2"/>
      </object_component>
      <object_component id="oc-553">
         <name>.bss:rxFIFO0Msg</name>
         <uninitialized>true</uninitialized>
         <run_address>0xe000</run_address>
         <size>0x6e4</size>
         <input_file_ref idref="fl-2"/>
      </object_component>
      <object_component id="oc-6c4">
         <name>.bss:branchData</name>
         <uninitialized>true</uninitialized>
         <run_address>0xfaf0</run_address>
         <size>0x10e</size>
         <input_file_ref idref="fl-6"/>
      </object_component>
      <object_component id="oc-de">
         <name>.bss</name>
         <uninitialized>true</uninitialized>
         <run_address>0xe6fa</run_address>
         <size>0x2</size>
         <input_file_ref idref="fl-7"/>
      </object_component>
      <object_component id="oc-1df">
         <name>.bss:firstBUFrameData</name>
         <uninitialized>true</uninitialized>
         <run_address>0xfd4d</run_address>
         <size>0x40</size>
         <input_file_ref idref="fl-7"/>
      </object_component>
      <object_component id="oc-1e2">
         <name>.bss:secondBUFrameData</name>
         <uninitialized>true</uninitialized>
         <run_address>0xfdcd</run_address>
         <size>0x40</size>
         <input_file_ref idref="fl-7"/>
      </object_component>
      <object_component id="oc-702">
         <name>.bss</name>
         <uninitialized>true</uninitialized>
         <run_address>0xe700</run_address>
         <size>0x4d8</size>
         <input_file_ref idref="fl-b"/>
      </object_component>
      <object_component id="oc-fc">
         <name>.bss</name>
         <uninitialized>true</uninitialized>
         <run_address>0xfc00</run_address>
         <size>0xbe</size>
         <input_file_ref idref="fl-c"/>
      </object_component>
      <object_component id="oc-6f7">
         <name>.bss:wDemandSumCntr</name>
         <uninitialized>true</uninitialized>
         <run_address>0xe6f6</run_address>
         <size>0x4</size>
         <input_file_ref idref="fl-c"/>
      </object_component>
      <object_component id="oc-ff">
         <name>.bss:myADC0Results</name>
         <uninitialized>true</uninitialized>
         <run_address>0xe6e4</run_address>
         <size>0x12</size>
         <input_file_ref idref="fl-c"/>
      </object_component>
      <object_component id="oc-6fa">
[...]
         <value>0xa884</value>
         <object_component_ref idref="oc-102"/>
      </symbol>
      <symbol id="sm-57d">
         <name>configureGPIO28</name>
         <value>0x830a9</value>
         <object_component_ref idref="oc-50d"/>
      </symbol>
      <symbol id="sm-57e">
         <name>sFlag</name>
         <value>0xfc0e</value>
         <object_component_ref idref="oc-fc"/>
      </symbol>
      <symbol id="sm-61b">
         <name>gainAckReceived</name>
         <value>0xa887</value>
         <object_component_ref idref="oc-162"/>
      </symbol>
      <symbol id="sm-61c">
         <name>cpuTimer1IntCount</name>
         <value>0xe6fc</value>
         <object_component_ref idref="oc-23a"/>
      </symbol>
      <symbol id="sm-61d">
         <name>startGainTransmissionRetry</name>
         <value>0x83357</value>
         <object_component_ref idref="oc-410"/>
      </symbol>
      <symbol id="sm-61e">
         <name>configCPUTimer</name>
         <value>0x825ea</value>
         <object_component_ref idref="oc-14d"/>
      </symbol>
      <symbol id="sm-61f">
         <name>timer2Expired</name>
         <value>0xa886</value>
         <object_component_ref idref="oc-162"/>
      </symbol>
      <symbol id="sm-620">
         <name>initCPUTimers</name>
         <value>0x8280d</value>
         <object_component_ref idref="oc-147"/>
      </symbol>
      <symbol id="sm-621">
         <name>startDiscoveryTimer</name>
         <value>0x831af</value>
         <object_component_ref idref="oc-5a4"/>
      </symbol>
      <symbol id="sm-622">
         <name>cpuTimer2ISR</name>
         <value>0x826ef</value>
         <object_component_ref idref="oc-52"/>
      </symbol>
      <symbol id="sm-623">
         <name>configureTimer2</name>
         <value>0x82620</value>
         <object_component_ref idref="oc-54"/>
      </symbol>
      <symbol id="sm-624">
         <name>frameTrackingTimerISR</name>
         <value>0x820ca</value>
         <object_component_ref idref="oc-46"/>
      </symbol>
      <symbol id="sm-625">
         <name>retryCount</name>
         <value>0xa888</value>
         <object_component_ref idref="oc-162"/>
      </symbol>
      <symbol id="sm-626">
         <name>initFrameTracking</name>
         <value>0x82b92</value>
         <object_component_ref idref="oc-48"/>
      </symbol>
      <symbol id="sm-67a">
         <name>syncReadWriteToWorking</name>
         <value>0x83384</value>
         <object_component_ref idref="oc-2b2"/>
      </symbol>
      <symbol id="sm-67b">
         <name>writtenDefaultCalibrationValuesAck</name>
         <value>0x81ceb</value>
         <object_component_ref idref="oc-41c"/>
      </symbol>
      <symbol id="sm-67c">
         <name>erasedBank4Ack</name>
         <value>0x81c1b</value>
         <object_component_ref idref="oc-416"/>
      </symbol>
      <symbol id="sm-67d">
         <name>calibDataUpdateFailAck</name>
         <value>0x81b4b</value>
         <object_component_ref idref="oc-724"/>
      </symbol>
      <symbol id="sm-67e">
         <name>calibDataUpdateSuccessAck</name>
         <value>0x81bb3</value>
         <object_component_ref idref="oc-71e"/>
      </symbol>
      <symbol id="sm-67f">
         <name>initializePDUManager</name>
         <value>0x83326</value>
         <object_component_ref idref="oc-4c4"/>
      </symbol>
      <symbol id="sm-6d4">
         <name>Device_enableAllPeripherals</name>
         <value>0x80e00</value>
         <object_component_ref idref="oc-618"/>
      </symbol>
      <symbol id="sm-6d5">
         <name>Device_initGPIO</name>
         <value>0x82d22</value>
         <object_component_ref idref="oc-4ca"/>
      </symbol>
      <symbol id="sm-6d6">
         <name>Device_init</name>
         <value>0x80ed8</value>
         <object_component_ref idref="oc-4ac"/>
      </symbol>
      <symbol id="sm-6d7">
         <name>__error__</name>
         <value>0x83423</value>
         <object_component_ref idref="oc-19c"/>
      </symbol>
      <symbol id="sm-6e6">
         <name>code_start</name>
         <value>0x80000</value>
         <object_component_ref idref="oc-23"/>
      </symbol>
      <symbol id="sm-70f">
         <name>Fapi_issueAsyncCommandWithAddress</name>
         <value>0xc47c</value>
         <object_component_ref idref="oc-47b"/>
      </symbol>
      <symbol id="sm-710">
         <name>Fapi_issueAsyncCommand</name>
         <value>0xc53e</value>
         <object_component_ref idref="oc-43d"/>
      </symbol>
      <symbol id="sm-711">
         <name>Fapi_issueBankEraseCommand</name>
         <value>0xc3c3</value>
         <object_component_ref idref="oc-341"/>
      </symbol>
      <symbol id="sm-739">
         <name>Fapi_issueProgrammingCommand</name>
         <value>0xc000</value>
         <object_component_ref idref="oc-36f"/>
      </symbol>
      <symbol id="sm-749">
         <name>Fapi_doBlankCheck</name>
         <value>0xc375</value>
         <object_component_ref idref="oc-35f"/>
      </symbol>
      <symbol id="sm-771">
         <name>Fapi_checkRegionForValue</name>
         <value>0xc562</value>
         <object_component_ref idref="oc-48a"/>
      </symbol>
      <symbol id="sm-772">
         <name>Fapi_flushPipeline</name>
         <value>0xc5c2</value>
         <object_component_ref idref="oc-46a"/>
      </symbol>
      <symbol id="sm-773">
         <name>Fapi_loopRegionForValue</name>
         <value>0xc303</value>
         <object_component_ref idref="oc-470"/>
      </symbol>
      <symbol id="sm-780">
         <name>Fapi_doVerify</name>
         <value>0xc4b6</value>
         <object_component_ref idref="oc-375"/>
      </symbol>
      <symbol id="sm-7c7">
         <name>Fapi_CheckLinkPointers</name>
         <value>0xc5a6</value>
         <object_component_ref idref="oc-482"/>
      </symbol>
      <symbol id="sm-7c8">
         <name>Fapi_setActiveFlashBank</name>
         <value>0xc605</value>
         <object_component_ref idref="oc-64a"/>
      </symbol>
      <symbol id="sm-7c9">
         <name>Fapi_isAddressEcc</name>
         <value>0xc405</value>
         <object_component_ref idref="oc-5d8"/>
      </symbol>
      <symbol id="sm-7ca">
         <name>Fapi_setupBankSectorEnable</name>
         <value>0xc585</value>
         <object_component_ref idref="oc-33b"/>
      </symbol>
      <symbol id="sm-7cb">
         <name>Fapi_issueFsmCommand</name>
         <value>0xc5d7</value>
         <object_component_ref idref="oc-452"/>
      </symbol>
      <symbol id="sm-7cc">
         <name>Fapi_checkFsmForReady</name>
         <value>0xc5f8</value>
         <object_component_ref idref="oc-347"/>
      </symbol>
      <symbol id="sm-7cd">
         <name>Fapi_getFsmStatus</name>
         <value>0xc60b</value>
         <object_component_ref idref="oc-353"/>
      </symbol>
      <symbol id="sm-7ed">
         <name>Fapi_initializeAPI</name>
         <value>0xc189</value>
         <object_component_ref idref="oc-644"/>
      </symbol>
      <symbol id="sm-818">
         <name>Fapi_regReadback</name>
         <value>0xc5e8</value>
         <object_component_ref idref="oc-446"/>
      </symbol>
      <symbol id="sm-819">
         <name>Write_32</name>
         <value>0xc518</value>
         <object_component_ref idref="oc-464"/>
      </symbol>
      <symbol id="sm-81a">
         <name>Write_32bp</name>
         <value>0xc4ee</value>
         <object_component_ref idref="oc-44c"/>
      </symbol>
      <symbol id="sm-81b">
         <name>Fapi_isAddressValid</name>
         <value>0xc441</value>
         <object_component_ref idref="oc-45e"/>
      </symbol>
      <symbol id="sm-83b">
         <name>ADC_setVREF</name>
         <value>0x823de</value>
         <object_component_ref idref="oc-513"/>
      </symbol>
      <symbol id="sm-84b">
         <name>ASysCtl_setAnalogReferenceInternal</name>
         <value>0x82c0b</value>
         <object_component_ref idref="oc-7cb"/>
      </symbol>
      <symbol id="sm-865">
         <name>CPUTimer_setEmulationMode</name>
         <value>0x831e9</value>
         <object_component_ref idref="oc-23e"/>
      </symbol>
      <symbol id="sm-8c4">
         <name>Flash_initModule</name>
         <value>0xc6af</value>
         <object_component_ref idref="oc-5f9"/>
      </symbol>
      <symbol id="sm-91f">
         <name>GPIO_setQualificationMode</name>
         <value>0x8257c</value>
         <object_component_ref idref="oc-637"/>
      </symbol>
      <symbol id="sm-920">
         <name>GPIO_setPadConfig</name>
         <value>0x81fd8</value>
         <object_component_ref idref="oc-4d0"/>
      </symbol>
      <symbol id="sm-921">
         <name>GPIO_setAnalogMode</name>
         <value>0x80d15</value>
         <object_component_ref idref="oc-630"/>
      </symbol>
      <symbol id="sm-922">
         <name>GPIO_setDirectionMode</name>
         <value>0x82721</value>
         <object_component_ref idref="oc-4d6"/>
      </symbol>
      <symbol id="sm-923">
         <name>GPIO_setQualificationPeriod</name>
         <value>0x8250c</value>
         <object_component_ref idref="oc-63d"/>
      </symbol>
      <symbol id="sm-924">
         <name>GPIO_setPinConfig</name>
         <value>0x82545</value>
         <object_component_ref idref="oc-4e2"/>
      </symbol>
      <symbol id="sm-973">
         <name>Interrupt_defaultHandler</name>
         <value>0x82fd6</value>
         <object_component_ref idref="oc-5e"/>
      </symbol>
      <symbol id="sm-974">
         <name>Interrupt_initModule</name>
         <value>0x8245a</value>
         <object_component_ref idref="oc-e1"/>
      </symbol>
      <symbol id="sm-975">
         <name>Interrupt_nmiHandler</name>
         <value>0x833a3</value>
         <object_component_ref idref="oc-70"/>
      </symbol>
      <symbol id="sm-976">
         <name>Interrupt_enable</name>
         <value>0x825b3</value>
         <object_component_ref idref="oc-ed"/>
      </symbol>
      <symbol id="sm-977">
         <name>Interrupt_initVectorTable</name>
         <value>0x82bed</value>
         <object_component_ref idref="oc-64"/>
      </symbol>
      <symbol id="sm-978">
         <name>Interrupt_illegalOperationHandler</name>
         <value>0x83399</value>
         <object_component_ref idref="oc-6a"/>
      </symbol>
      <symbol id="sm-ac8">
         <name>MCAN_getRxFIFOStatus</name>
         <value>0x817c8</value>
         <object_component_ref idref="oc-54d"/>
      </symbol>
      <symbol id="sm-ac9">
         <name>MCAN_enableIntrLine</name>
         <value>0x82892</value>
         <object_component_ref idref="oc-4fa"/>
      </symbol>
      <symbol id="sm-aca">
         <name>MCAN_getOpMode</name>
         <value>0x82f21</value>
         <object_component_ref idref="oc-6a2"/>
      </symbol>
      <symbol id="sm-acb">
         <name>MCAN_writeMsgRam</name>
         <value>0x81f81</value>
         <object_component_ref idref="oc-384"/>
      </symbol>
      <symbol id="sm-acc">
         <name>MCAN_clearNewDataStatus</name>
         <value>0x82b54</value>
         <object_component_ref idref="oc-c9"/>
      </symbol>
      <symbol id="sm-acd">
         <name>MCAN_addStdMsgIDFilter</name>
         <value>0x8207b</value>
         <object_component_ref idref="oc-6ba"/>
      </symbol>
      <symbol id="sm-ace">
         <name>MCAN_getMsgObjSize</name>
         <value>0x8319b</value>
         <object_component_ref idref="oc-1c2"/>
      </symbol>
      <symbol id="sm-acf">
         <name>MCAN_isMemInitDone</name>
         <value>0x82b73</value>
         <object_component_ref idref="oc-696"/>
      </symbol>
      <symbol id="sm-ad0">
         <name>MCAN_getTxBufReqPend</name>
         <value>0x83222</value>
         <object_component_ref idref="oc-390"/>
      </symbol>
      <symbol id="sm-ad1">
         <name>MCAN_enableIntr</name>
         <value>0x82689</value>
         <object_component_ref idref="oc-4ee"/>
      </symbol>
      <symbol id="sm-ad2">
         <name>MCAN_setOpMode</name>
         <value>0x82dbd</value>
         <object_component_ref idref="oc-69c"/>
      </symbol>
      <symbol id="sm-ad3">
         <name>MCAN_readMsgRam</name>
         <value>0x812ff</value>
         <object_component_ref idref="oc-ae"/>
      </symbol>
      <symbol id="sm-ad4">
         <name>MCAN_getIntrStatus</name>
         <value>0x8320f</value>
         <object_component_ref idref="oc-93"/>
      </symbol>
      <symbol id="sm-ad5">
         <name>MCAN_clearIntrStatus</name>
         <value>0x8307f</value>
         <object_component_ref idref="oc-99"/>
      </symbol>
      <symbol id="sm-ad6">
         <name>MCAN_selectIntrLine</name>
         <value>0x826bc</value>
         <object_component_ref idref="oc-4f4"/>
      </symbol>
      <symbol id="sm-ad7">
         <name>MCAN_init</name>
         <value>0x80c25</value>
         <object_component_ref idref="oc-6a8"/>
      </symbol>
      <symbol id="sm-ad8">
         <name>MCAN_clearInterrupt</name>
         <value>0x82d3c</value>
         <object_component_ref idref="oc-9f"/>
      </symbol>
      <symbol id="sm-ad9">
         <name>MCAN_txBufAddReq</name>
         <value>0x8283b</value>
         <object_component_ref idref="oc-38a"/>
      </symbol>
      <symbol id="sm-ada">
         <name>MCAN_getNewDataStatus</name>
         <value>0x82c28</value>
         <object_component_ref idref="oc-a5"/>
      </symbol>
      <symbol id="sm-adb">
         <name>MCAN_writeRxFIFOAck</name>
         <value>0x81ecf</value>
         <object_component_ref idref="oc-556"/>
      </symbol>
      <symbol id="sm-adc">
         <name>MCAN_msgRAMConfig</name>
         <value>0x80008</value>
         <object_component_ref idref="oc-6b4"/>
      </symbol>
      <symbol id="sm-add">
         <name>MCAN_setBitTime</name>
         <value>0x8105f</value>
         <object_component_ref idref="oc-6ae"/>
      </symbol>
      <symbol id="sm-b0f">
         <name>PGA_setOffsetTrimNMOS</name>
         <value>0x8235e</value>
         <object_component_ref idref="oc-61e"/>
      </symbol>
      <symbol id="sm-b10">
         <name>PGA_setOffsetTrimPMOS</name>
         <value>0x8231a</value>
         <object_component_ref idref="oc-624"/>
      </symbol>
      <symbol id="sm-c22">
         <name>SysCtl_isPLLValid</name>
         <value>0x80a2f</value>
         <object_component_ref idref="oc-782"/>
      </symbol>
      <symbol id="sm-c23">
         <name>SysCtl_delay</name>
         <value>0xc7b3</value>
         <object_component_ref idref="oc-3eb"/>
      </symbol>
      <symbol id="sm-c24">
         <name>SysCtl_selectXTALSingleEnded</name>
         <value>0x82935</value>
         <object_component_ref idref="oc-815"/>
      </symbol>
      <symbol id="sm-c25">
         <name>SysCtl_selectXTAL</name>
         <value>0x8228f</value>
         <object_component_ref idref="oc-80f"/>
      </symbol>
      <symbol id="sm-c26">
         <name>SysCtl_selectOscSource</name>
         <value>0x82202</value>
         <object_component_ref idref="oc-776"/>
      </symbol>
      <symbol id="sm-c27">
         <name>SysCtl_getLowSpeedClock</name>
         <value>0x82d56</value>
         <object_component_ref idref="oc-612"/>
      </symbol>
      <symbol id="sm-c28">
         <name>SysCtl_setClock</name>
         <value>0x805c5</value>
         <object_component_ref idref="oc-5ff"/>
      </symbol>
      <symbol id="sm-c29">
         <name>SysCtl_getClock</name>
         <value>0x81d53</value>
         <object_component_ref idref="oc-60b"/>
      </symbol>
      <symbol id="sm-c3a">
         <name>sqrtf</name>
         <value>0x8290e</value>
         <object_component_ref idref="oc-113"/>
      </symbol>
      <symbol id="sm-c44">
         <name>_c_int00</name>
         <value>0x82f7d</value>
         <object_component_ref idref="oc-18f"/>
      </symbol>
      <symbol id="sm-c45">
         <name>__stack</name>
         <value>0xc7b8</value>
         <object_component_ref idref="oc-76"/>
      </symbol>
      <symbol id="sm-c54">
         <name>__c28xabi_divf</name>
         <value>0x8153f</value>
         <object_component_ref idref="oc-10e"/>
      </symbol>
      <symbol id="sm-c60">
         <name>__c28xabi_modi</name>
         <value>0x82a86</value>
         <object_component_ref idref="oc-3e0"/>
      </symbol>
      <symbol id="sm-c61">
         <name>__c28xabi_divi</name>
         <value>0x82a75</value>
         <object_component_ref idref="oc-3e0"/>
      </symbol>
      <symbol id="sm-c76">
         <name>memcpy</name>
         <value>0x82c45</value>
         <object_component_ref idref="oc-79"/>
      </symbol>
      <symbol id="sm-c83">
         <name>_system_pre_init</name>
         <value>0x8342c</value>
         <object_component_ref idref="oc-25a"/>
      </symbol>
      <symbol id="sm-c92">
         <name>__TI_auto_init_nobinit_nopinit</name>
         <value>0x82867</value>
         <object_component_ref idref="oc-2e0"/>
      </symbol>
      <symbol id="sm-c9f">
         <name>__TI_zero_init</name>
         <value>0x83413</value>
         <object_component_ref idref="oc-87"/>
      </symbol>
      <symbol id="sm-cac">
         <name>__TI_decompress_none</name>
         <value>0x833c7</value>
         <object_component_ref idref="oc-1c"/>
      </symbol>
      <symbol id="sm-cc0">
         <name>__TI_decompress_lzss</name>
         <value>0x82752</value>
         <object_component_ref idref="oc-16"/>
      </symbol>
      <symbol id="sm-cd6">
         <name>C$$EXIT</name>
         <value>0x828e4</value>
         <object_component_ref idref="oc-267"/>
      </symbol>
      <symbol id="sm-cd7">
         <name>abort</name>
         <value>0x828e4</value>
         <object_component_ref idref="oc-267"/>
      </symbol>
      <symbol id="sm-cd8">
         <name>exit</name>
         <value>0x828e6</value>
         <object_component_ref idref="oc-267"/>
      </symbol>
      <symbol id="sm-cd9">
         <name>__TI_dtors_ptr</name>
         <value>0xa87a</value>
         <object_component_ref idref="oc-318"/>
      </symbol>
      <symbol id="sm-cda">
         <name>__TI_cleanup_ptr</name>
         <value>0xa878</value>
         <object_component_ref idref="oc-318"/>
      </symbol>
      <symbol id="sm-cdb">
         <name>__TI_enable_exit_profile_output</name>
         <value>0xa876</value>
         <object_component_ref idref="oc-318"/>
      </symbol>
      <symbol id="sm-cf2">
         <name>_nop</name>
         <value>0x833b5</value>
         <object_component_ref idref="oc-42e"/>
      </symbol>
      <symbol id="sm-cf3">
         <name>_lock</name>
         <value>0xa88a</value>
         <object_component_ref idref="oc-31b"/>
      </symbol>
      <symbol id="sm-cf4">
         <name>_unlock</name>
         <value>0xa88c</value>
         <object_component_ref idref="oc-5c2"/>
      </symbol>
      <symbol id="sm-cf5">
         <name>_register_lock</name>
         <value>0x833b1</value>
         <object_component_ref idref="oc-42e"/>
      </symbol>
      <symbol id="sm-cf6">
         <name>_register_unlock</name>
         <value>0x833ad</value>
         <object_component_ref idref="oc-42e"/>
      </symbol>
      <symbol id="sm-d05">
         <name>_args_main</name>
         <value>0x8334b</value>
         <object_component_ref idref="oc-261"/>
      </symbol>
      <symbol id="sm-d14">
         <name>memset</name>
         <value>0x833fa</value>
         <object_component_ref idref="oc-188"/>
      </symbol>
      <symbol id="sm-d1f">
         <name>errno</name>
         <value>0xa875</value>
         <object_component_ref idref="oc-21b"/>
      </symbol>
      <symbol id="sm-d2e">
         <name>_system_post_cinit</name>
         <value>0x8290d</value>
         <object_component_ref idref="oc-3a1"/>
      </symbol>
      <symbol id="sm-d30">
         <name>__c_args__</name>
         <value>0x0</value>
      </symbol>
   </symbol_table>
   <title>Link successful</title>
</link_info>
