******************************************************************************
             TMS320C2000 Linker PC v22.6.1                     
******************************************************************************
>> Linked Fri Jun 27 12:21:27 2025

OUTPUT FILE NAME:   <adc_ex2_soc_epwm.out>
ENTRY POINT SYMBOL: "code_start"  address: 00080000


MEMORY CONFIGURATION

         name            origin    length      used     unused   attr    fill
----------------------  --------  ---------  --------  --------  ----  --------
  BOOT_RSVD             00000002   00000126  00000000  00000126  RWIX
  RAMM0                 00000128   000002d8  00000000  000002d8  RWIX
  RAMM1                 00000400   00000400  00000000  00000400  RWIX
  CLATOCPURAM           00001480   00000080  00000000  00000080  RWIX
  CPUTOCLARAM           00001500   00000080  00000000  00000080  RWIX
  CLATODMARAM           00001680   00000080  00000000  00000080  RWIX
  DMATOCLARAM           00001700   00000080  00000000  00000080  RWIX
  RAMLS0                00008000   00000800  00000000  00000800  RWIX
  RAMLS1                00008800   00000800  00000000  00000800  RWIX
  RAMLS2                00009000   00000800  00000000  00000800  RWIX
  RAMLS3                00009800   00000800  00000000  00000800  RWIX
  RAMLS4                0000a000   00000800  00000000  00000800  RWIX
  RAMLS5                0000a800   00000800  000000dc  00000724  RWIX
  RAMLS6                0000b000   00000800  00000000  00000800  RWIX
  RAMLS7                0000b800   00000800  00000000  00000800  RWIX
  RAMGS0                0000c000   00002000  000009b7  00001649  RWIX
  RAMGS1                0000e000   00002000  00001dbe  00000242  RWIX
  RAMGS2                00010000   00002000  00000000  00002000  RWIX
  RAMGS3                00012000   00002000  00000000  00002000  RWIX
  RAMLS8                00014000   00002000  00000000  00002000  RWIX
  RAMLS9                00016000   00002000  00000000  00002000  RWIX
  BEGIN                 00080000   00000002  00000002  00000000  RWIX
  FLASH_BANK0           00080002   0001fffe  000042c3  0001bd3b  RWIX
  FLASH_BANK1           000a0000   00020000  00000000  00020000  RWIX
  FLASH_BANK2           000c0000   00020000  00000000  00020000  RWIX
  FLASH_BANK3           000e0000   00020000  00000000  00020000  RWIX
  FLASH_BANK4           00100000   00007fff  00000000  00007fff  RWIX
  RESET                 003fffc0   00000002  00000000  00000002  RWIX


SECTION ALLOCATION MAP

 output                                  attributes/
section   page    origin      length       input sections
--------  ----  ----------  ----------   ----------------
codestart 
*          0    00080000    00000002     
                  00080000    00000002     f28p55x_codestartbranch.obj (codestart)

.cinit     0    00084268    00000068     
                  00084268    00000055     (.cinit..data.load) [load image, compression = lzss]
                  000842bd    00000001     --HOLE-- [fill = 0]
                  000842be    00000006     (__TI_handler_table)
                  000842c4    00000004     (.cinit..bss.load) [load image, compression = zero_init]
                  000842c8    00000008     (__TI_cinit_table)

.reset     0    003fffc0    00000000     DSECT

.data      0    0000a800    000000dc     UNINITIALIZED
                  0000a800    00000042     s_board_adc.obj (.data)
                  0000a842    00000020     driverlib.lib : mcan.obj (.data:dataSize)
                  0000a862    0000001c     s_board_adc.obj (.data:dwSumPhaseWatt)
                  0000a87e    00000002     rts2800_fpu32_eabi.lib : _lock.c.obj (.data:_lock)
                  0000a880    00000018     adc_ex2_soc_epwm.obj (.data)
                  0000a898    00000010     driverlib.lib : mcan.obj (.data:objSize)
                  0000a8a8    0000000e     s_board_adc.obj (.data:dwSumPhaseCurr)
                  0000a8b6    0000000c     s_board_adc.obj (.data:dwSumPhaseVolt)
                  0000a8c2    00000009     runtime.obj (.data)
                  0000a8cb    00000001     --HOLE--
                  0000a8cc    00000006     rts2800_fpu32_eabi.lib : exit.c.obj (.data)
                  0000a8d2    00000003     can_module.obj (.data)
                  0000a8d5    00000003     timer_module.obj (.data)
                  0000a8d8    00000002     rts2800_fpu32_eabi.lib : _lock.c.obj (.data:_unlock)
                  0000a8da    00000002     board_module.obj (.data)

.stack     0    0000c7b8    00000200     UNINITIALIZED
                  0000c7b8    00000200     --HOLE--

.bss       0    0000e000    00001dbe     UNINITIALIZED
                  0000e000    000006e4     adc_ex2_soc_epwm.obj (.bss:rxFIFO0Msg)
                  0000e6e4    00000012     s_board_adc.obj (.bss:myADC0Results)
                  0000e6f6    00000002     can_module.obj (.bss)
                  0000e6f8    00000001     timer_module.obj (.bss)
                  0000e6f9    00000007     --HOLE--
                  0000e700    000004d8     runtime.obj (.bss)
                  0000ebd8    00000400     adc_ex2_soc_epwm.obj (.bss:Buffer)
                  0000efd8    00000400     adc_ex2_soc_epwm.obj (.bss:receivedBuffer)
                  0000f3d8    000003cf     adc_ex2_soc_epwm.obj (.bss:storedFrames)
                  0000f7a7    00000001     --HOLE--
                  0000f7a8    00000348     adc_ex2_soc_epwm.obj (.bss:rxMsg)
                  0000faf0    0000010e     bu_runtime.obj (.bss:branchData)
                  0000fbfe    00000002     --HOLE--
                  0000fc00    0000008d     adc_ex2_soc_epwm.obj (.bss)
                  0000fc8d    00000040     can_module.obj (.bss:firstBUFrameData)
                  0000fccd    00000040     adc_ex2_soc_epwm.obj (.bss:retransmissionData)
                  0000fd0d    00000040     can_module.obj (.bss:secondBUFrameData)
                  0000fd4d    00000033     --HOLE--
                  0000fd80    0000003e     s_board_adc.obj (.bss)

.init_array 
*          0    00080008    00000000     UNINITIALIZED

.const     0    00083260    0000084e     
                  00083260    0000009b     driverlib.lib : flash.obj (.const:.string)
                  000832fb    00000001     --HOLE-- [fill = 0]
                  000832fc    0000009a                   : sysctl.obj (.const:.string)
                  00083396    00000098                   : gpio.obj (.const:.string)
                  0008342e    00000097                   : adc.obj (.const:.string)
                  000834c5    00000001     --HOLE-- [fill = 0]
                  000834c6    0000008c     board_module.obj (.const:.string)
                  00083552    0000008b     board.obj (.const:.string)
                  000835dd    00000001     --HOLE-- [fill = 0]
                  000835de    00000088     s_board_adc.obj (.const:.string)
                  00083666    00000059     device.obj (.const:.string)
                  000836bf    00000001     --HOLE-- [fill = 0]
                  000836c0    00000050     driverlib.lib : cputimer.obj (.const:.string)
                  00083710    0000004f                   : asysctl.obj (.const:.string)
                  0008375f    00000001     --HOLE-- [fill = 0]
                  00083760    0000004c                   : mcan.obj (.const:.string)
                  000837ac    0000004b                   : pga.obj (.const:.string)
                  000837f7    00000001     --HOLE-- [fill = 0]
                  000837f8    00000048     can_module.obj (.const:.string)
                  00083840    00000048     timer_module.obj (.const:.string)
                  00083888    00000040     can_module.obj (.const:$P$T0$1)
                  000838c8    00000040     can_module.obj (.const:$P$T1$2)
                  00083908    00000040     can_module.obj (.const:$P$T2$3)
                  00083948    00000040     utilities.obj (.const:$P$T2$3)
                  00083988    00000040     can_module.obj (.const:$P$T3$4)
                  000839c8    00000040     utilities.obj (.const:$P$T3$4)
                  00083a08    00000040     utilities.obj (.const:$P$T4$5)
                  00083a48    00000040     utilities.obj (.const:$P$T5$6)
                  00083a88    00000026     flash_module.obj (.const)

.TI.ramfunc 
*          0    00083ab0    000007b7     RUN ADDR = 0000c000
                  00083ab0    00000189     FAPI_F28P55x_EABI_v4.00.00.lib : Program.obj (.text:Fapi_issueProgrammingCommand)
                  00083c39    0000017a                                    : Init.obj (.text:Fapi_initializeAPI)
                  00083db3    00000072                                    : Read.obj (.text:Fapi_loopRegionForValue)
                  00083e25    0000004e                                    : BlankCheck.obj (.text:Fapi_doBlankCheck)
                  00083e73    00000042                                    : Async.obj (.text:Fapi_issueBankEraseCommand)
                  00083eb5    0000003c                                    : FlashStateMachine.obj (.text:Fapi_isAddressEcc)
                  00083ef1    0000003b                                    : Utilities.obj (.text:Fapi_isAddressValid)
                  00083f2c    0000003a                                    : Async.obj (.text:Fapi_issueAsyncCommandWithAddress)
                  00083f66    00000038                                    : Verify.obj (.text:Fapi_doVerify)
                  00083f9e    0000002a                                    : Utilities.obj (.text:Write_32bp)
                  00083fc8    00000026                                    : Utilities.obj (.text:Write_32)
                  00083fee    00000024                                    : Async.obj (.text:Fapi_issueAsyncCommand)
                  00084012    00000023                                    : Read.obj (.text:Fapi_checkRegionForValue)
                  00084035    00000021                                    : FlashStateMachine.obj (.text:Fapi_setupBankSectorEnable)
                  00084056    0000001c                                    : FlashStateMachine.obj (.text:Fapi_CheckLinkPointers)
                  00084072    00000015                                    : Read.obj (.text:Fapi_flushPipeline)
                  00084087    00000011                                    : FlashStateMachine.obj (.text:Fapi_issueFsmCommand)
                  00084098    00000010                                    : Utilities.obj (.text:Fapi_regReadback)
                  000840a8    0000000d                                    : FlashStateMachine.obj (.text:Fapi_checkFsmForReady)
                  000840b5    00000006                                    : FlashStateMachine.obj (.text:Fapi_setActiveFlashBank)
                  000840bb    00000004                                    : FlashStateMachine.obj (.text:Fapi_getFsmStatus)
                  000840bf    00000066     flash_module.obj (.TI.ramfunc:writeToFlash)
                  00084125    0000003a     flash_module.obj (.TI.ramfunc:Example_EraseSector)
                  0008415f    00000036     driverlib.lib : flash.obj (.TI.ramfunc:Flash_initModule)
                  00084195    00000022                   : flash.obj (.TI.ramfunc:Flash_setWaitstates)
                  000841b7    0000001f     flash_module.obj (.TI.ramfunc:FlashAPI_init)
                  000841d6    0000001c     flash_module.obj (.TI.ramfunc:ClearFSMStatus)
                  000841f2    00000018     driverlib.lib : flash.obj (.TI.ramfunc:Flash_disableCache)
                  0008420a    00000017                   : flash.obj (.TI.ramfunc:Flash_disablePrefetch)
                  00084221    00000016                   : flash.obj (.TI.ramfunc:Flash_enableCache)
                  00084237    00000016                   : flash.obj (.TI.ramfunc:Flash_enableECC)
                  0008424d    00000016                   : flash.obj (.TI.ramfunc:Flash_enablePrefetch)
                  00084263    00000004                   : sysctl.obj (.TI.ramfunc)

.text      0    00080008    00003256     
                  00080008    000001c2     driverlib.lib : mcan.obj (.text:MCAN_msgRAMConfig)
                  000801ca    00000155     board.obj (.text:PinMux_init)
                  0008031f    0000012c     can_module.obj (.text:MCANConfig)
                  0008044b    00000123     driverlib.lib : sysctl.obj (.text:SysCtl_setClock)
                  0008056e    00000122                   : mcan.obj (.text:MCAN_writeMsg)
                  00080690    0000011e     board.obj (.text:myADC0_init)
                  000807ae    00000113     s_board_adc.obj (.text:adcA1ISR)
                  000808c1    00000107     driverlib.lib : mcan.obj (.text:MCAN_readMsg)
                  000809c8    000000fe                   : sysctl.obj (.text:SysCtl_isPLLValid)
                  00080ac6    000000f8     can_module.obj (.text:MCANIntr1ISR)
                  00080bbe    000000f0     driverlib.lib : mcan.obj (.text:MCAN_init)
                  00080cae    000000eb                   : gpio.obj (.text:GPIO_setAnalogMode)
                  00080d99    000000d8     device.obj (.text:Device_enableAllPeripherals)
                  00080e71    000000c5     device.obj (.text:Device_init)
                  00080f36    000000c2     adc_ex2_soc_epwm.obj (.text:main)
                  00080ff8    000000b9     driverlib.lib : mcan.obj (.text:MCAN_setBitTime)
                  000810b1    000000a5     can_module.obj (.text:handleMissingFrames)
                  00081156    000000a4     bu_runtime.obj (.text:initBranchRuntime)
                  000811fa    0000009e     can_module.obj (.text:processBUFrames)
                  00081298    00000098     driverlib.lib : mcan.obj (.text:MCAN_readMsgRam)
                  00081330    0000008b     runtime.obj (.text:processVoltageFrame)
                  000813bb    00000088     rts2800_fpu32_eabi.lib : fs_div28.asm.obj (.text)
                  00081443    00000087     can_module.obj (.text:resetCANModule)
                  000814ca    0000007f     board_module.obj (.text:processBUBoardData)
                  00081549    0000007e     can_module.obj (.text:transmitGainFrames)
                  000815c7    0000007d     board.obj (.text:myADC1_init)
                  00081644    00000078     driverlib.lib : mcan.obj (.text:MCAN_getRxFIFOStatus)
                  000816bc    00000075     s_board_adc.obj (.text:EPWM_setADCTriggerSource)
                  00081731    00000073     driverlib.lib : sysctl.obj (.text:DCC_setCounterSeeds)
                  000817a4    00000071     can_module.obj (.text:copyRxFIFO)
                  00081815    00000071     can_module.obj (.text:transmit)
                  00081886    0000006d     can_module.obj (.text:sendBUFrameAcknowledgment)
                  000818f3    0000006a     can_module.obj (.text:prepareFramesForTransmission)
                  0008195d    0000006a     can_module.obj (.text:sendCalibrationDataFormatVersion)
                  000819c7    00000068     utilities.obj (.text:calibDataUpdateFailAck)
                  00081a2f    00000068     utilities.obj (.text:calibDataUpdateSuccessAck)
                  00081a97    00000068     utilities.obj (.text:erasedBank4Ack)
                  00081aff    00000068     can_module.obj (.text:maxRetriesExceeded)
                  00081b67    00000068     utilities.obj (.text:writtenDefaultCalibrationValuesAck)
                  00081bcf    00000065     driverlib.lib : sysctl.obj (.text:SysCtl_getClock)
                  00081c34    0000005e     runtime.obj (.text:copyVoltageRxFIFO)
                  00081c92    0000005d     can_module.obj (.text:sendDiscoveryMessage)
                  00081cef    0000005c     board_module.obj (.text:startupfunc)
                  00081d4b    0000005a     driverlib.lib : mcan.obj (.text:MCAN_writeRxFIFOAck)
                  00081da5    00000058     flash_module.obj (.text:writeDefaultCalibrationValues)
                  00081dfd    00000057     driverlib.lib : mcan.obj (.text:MCAN_writeMsgRam)
                  00081e54    00000052                   : gpio.obj (.text:GPIO_setPadConfig)
                  00081ea6    00000052     s_board_adc.obj (.text:adc_init)
                  00081ef8    00000051     flash_module.obj (.text:findReadAndWriteAddress)
                  00081f49    0000004f     driverlib.lib : mcan.obj (.text:MCAN_addStdMsgIDFilter)
                  00081f98    0000004f     timer_module.obj (.text:frameTrackingTimerISR)
                  00081fe7    0000004e     flash_module.obj (.text:eraseBank4)
                  00082035    0000004e     board_module.obj (.text:initDIPSwitchGPIO)
                  00082083    0000004d     board_module.obj (.text:checkAddressChange)
                  000820d0    00000047     driverlib.lib : sysctl.obj (.text:SysCtl_selectOscSource)
                  00082117    00000046     board.obj (.text:ADC_setupSOC)
                  0008215d    00000046     driverlib.lib : sysctl.obj (.text:SysCtl_selectXTAL)
                  000821a3    00000045                   : sysctl.obj (.text:SysCtl_pollX1Counter)
                  000821e8    00000044                   : pga.obj (.text:PGA_setOffsetTrimPMOS)
                  0008222c    00000041                   : pga.obj (.text:PGA_setOffsetTrimNMOS)
                  0008226d    0000003f     can_module.obj (.text:processBUSpecificMessage)
                  000822ac    0000003e     driverlib.lib : adc.obj (.text:ADC_setVREF)
                  000822ea    0000003e     flash_module.obj (.text:eraseSectorOrFindEmptySector)
                  00082328    0000003d     driverlib.lib : interrupt.obj (.text:Interrupt_initModule)
                  00082365    0000003b     s_board_adc.obj (.text:EPWM_isBaseValid)
                  000823a0    0000003a     s_board_adc.obj (.text:EPWM_setADCTriggerEventPrescale)
                  000823da    00000039     driverlib.lib : gpio.obj (.text:GPIO_setQualificationPeriod)
                  00082413    00000037                   : gpio.obj (.text:GPIO_setPinConfig)
                  0008244a    00000037                   : gpio.obj (.text:GPIO_setQualificationMode)
                  00082481    00000037                   : interrupt.obj (.text:Interrupt_enable)
                  000824b8    00000036     timer_module.obj (.text:configCPUTimer)
                  000824ee    00000035     timer_module.obj (.text:configureTimer2)
                  00082523    00000034     s_board_adc.obj (.text:initEPWM)
                  00082557    00000033     driverlib.lib : mcan.obj (.text:MCAN_enableIntr)
                  0008258a    00000033                   : mcan.obj (.text:MCAN_selectIntrLine)
                  000825bd    00000032     timer_module.obj (.text:cpuTimer2ISR)
                  000825ef    00000031     driverlib.lib : gpio.obj (.text:GPIO_setDirectionMode)
                  00082620    00000030     rts2800_fpu32_eabi.lib : copy_decompress_lzss.c.obj (.text:decompress:lzss)
                  00082650    0000002f     board.obj (.text:ADC_setInterruptSource)
                  0008267f    0000002e     board.obj (.text:ADC_setInterruptSOCTrigger)
                  000826ad    0000002e     timer_module.obj (.text:initCPUTimers)
                  000826db    0000002c     driverlib.lib : mcan.obj (.text:MCAN_txBufAddReq)
                  00082707    0000002b     rts2800_fpu32_eabi.lib : autoinit.c.obj (.text:__TI_auto_init_nobinit_nopinit)
                  00082732    00000029     driverlib.lib : mcan.obj (.text:MCAN_enableIntrLine)
                  0008275b    00000029     board_module.obj (.text:SysCtl_setMCANClk)
                  00082784    00000029     rts2800_fpu32_eabi.lib : exit.c.obj (.text)
                  000827ad    00000025     driverlib.lib : sysctl.obj (.text:SysCtl_selectXTALSingleEnded)
                  000827d2    00000025     board_module.obj (.text:readCANAddress)
                  000827f7    00000024     driverlib.lib : sysctl.obj (.text:DCC_enableSingleShotMode)
                  0008281b    00000023     board_module.obj (.text:GPIO_isPinValid)
                  0008283e    00000023     driverlib.lib : gpio.obj (.text:GPIO_isPinValid)
                  00082861    00000023     board_module.obj (.text:GPIO_readPin)
                  00082884    00000022     s_board_adc.obj (.text:ADC_readResult)
                  000828a6    00000022     s_board_adc.obj (.text:EPWM_setCounterCompareValue)
                  000828c8    00000022     rts2800_fpu32_eabi.lib : i_div28.asm.obj (.text)
                  000828ea    00000021     board.obj (.text:ADC_disableContinuousMode)
                  0008290b    00000020     board.obj (.text:ADC_enableInterrupt)
                  0008292b    0000001f     s_board_adc.obj (.text:ADC_getInterruptOverflowStatus)
                  0008294a    0000001f     board.obj (.text:ADC_isBaseValid)
                  00082969    0000001f     driverlib.lib : adc.obj (.text:ADC_isBaseValid)
                  00082988    0000001f     s_board_adc.obj (.text:ADC_isBaseValid)
                  000829a7    0000001f     driverlib.lib : mcan.obj (.text:MCAN_clearNewDataStatus)
                  000829c6    0000001f                   : mcan.obj (.text:MCAN_isMemInitDone)
                  000829e5    0000001f     timer_module.obj (.text:initFrameTracking)
                  00082a04    0000001e     driverlib.lib : sysctl.obj (.text:DCC_setCounter0ClkSource)
                  00082a22    0000001e                   : sysctl.obj (.text:DCC_setCounter1ClkSource)
                  00082a40    0000001e                   : interrupt.obj (.text:Interrupt_initVectorTable)
                  00082a5e    0000001d                   : asysctl.obj (.text:ASysCtl_setAnalogReferenceInternal)
                  00082a7b    0000001d                   : mcan.obj (.text:MCAN_getNewDataStatus)
                  00082a98    0000001d     rts2800_fpu32_eabi.lib : memcpy.c.obj (.text)
                  00082ab5    0000001c     board.obj (.text:ADC_setSOCPriority)
                  00082ad1    0000001c     s_board_adc.obj (.text:EPWM_disableADCTrigger)
                  00082aed    0000001c     s_board_adc.obj (.text:EPWM_enableADCTrigger)
                  00082b09    0000001c     s_board_adc.obj (.text:EPWM_setClockPrescaler)
                  00082b25    0000001a     board_module.obj (.text:CPUTimer_startTimer)
                  00082b3f    0000001a     timer_module.obj (.text:CPUTimer_startTimer)
                  00082b59    0000001a     device.obj (.text:Device_initGPIO)
                  00082b73    0000001a     driverlib.lib : mcan.obj (.text:MCAN_clearInterrupt)
                  00082b8d    0000001a                   : sysctl.obj (.text:SysCtl_getLowSpeedClock)
                  00082ba7    0000001a     board_module.obj (.text:handleDiscoveryProcess)
                  00082bc1    0000001a     board_module.obj (.text:resetFrameTrackingVariables)
                  00082bdb    00000019     board.obj (.text:ASysCtl_setAnalogReference1P65)
                  00082bf4    00000019     driverlib.lib : mcan.obj (.text:MCAN_setOpMode)
                  00082c0d    00000019                   : mcan.obj (.text:MCAN_writeProtectedRegAccessLock)
                  00082c26    00000019                   : mcan.obj (.text:MCAN_writeProtectedRegAccessUnlock)
                  00082c3f    00000019                   : sysctl.obj (.text:SysCtl_setPLLSysClk)
                  00082c58    00000019     board_module.obj (.text:handleGainRetransmission)
                  00082c71    00000018     s_board_adc.obj (.text:EPWM_setPeriodLoadMode)
                  00082c89    00000017     s_board_adc.obj (.text:ADC_clearInterruptOverflowStatus)
                  00082ca0    00000017     board.obj (.text:ADC_clearInterruptStatus)
                  00082cb7    00000017     s_board_adc.obj (.text:ADC_clearInterruptStatus)
                  00082cce    00000017     board_module.obj (.text:CPUTimer_isBaseValid)
                  00082ce5    00000017     can_module.obj (.text:CPUTimer_isBaseValid)
                  00082cfc    00000017     driverlib.lib : cputimer.obj (.text:CPUTimer_isBaseValid)
                  00082d13    00000017     timer_module.obj (.text:CPUTimer_isBaseValid)
                  00082d2a    00000017     timer_module.obj (.text:CPUTimer_setPreScaler)
                  00082d41    00000017     driverlib.lib : mcan.obj (.text:HW_WR_FIELD32_RAW)
                  00082d58    00000017                   : mcan.obj (.text:MCAN_getOpMode)
                  00082d6f    00000017                   : pga.obj (.text:PGA_isBaseValid)
                  00082d86    00000017     device.obj (.text:SysCtl_enablePeripheral)
                  00082d9d    00000017     driverlib.lib : sysctl.obj (.text:SysCtl_enablePeripheral)
                  00082db4    00000017     rts2800_fpu32_eabi.lib : boot28.asm.obj (.text)
                  00082dcb    00000016     board.obj (.text:ADC_setInterruptPulseMode)
                  00082de1    00000016     board.obj (.text:ADC_setPrescaler)
                  00082df7    00000016     driverlib.lib : sysctl.obj (.text:DCC_disableDoneSignal)
                  00082e0d    00000016                   : interrupt.obj (.text:Interrupt_defaultHandler)
                  00082e23    00000015     board.obj (.text:ADC_disableBurstMode)
                  00082e38    00000015     timer_module.obj (.text:CPUTimer_enableInterrupt)
                  00082e4d    00000015     driverlib.lib : sysctl.obj (.text:DCC_clearDoneFlag)
                  00082e62    00000015                   : sysctl.obj (.text:DCC_clearErrorFlag)
                  00082e77    00000015                   : sysctl.obj (.text:DCC_disableErrorSignal)
                  00082e8c    00000015                   : sysctl.obj (.text:DCC_isBaseValid)
                  00082ea1    00000015     device.obj (.text:GPIO_unlockPortConfig)
                  00082eb6    00000015     driverlib.lib : mcan.obj (.text:MCAN_clearIntrStatus)
                  00082ecb    00000015                   : mcan.obj (.text:MCAN_isBaseValid)
                  00082ee0    00000015     s_board_adc.obj (.text:configureGPIO28)
                  00082ef5    00000015     can_module.obj (.text:processDiscoveryAck)
                  00082f0a    00000014     board_module.obj (.text:CPUTimer_reloadTimerCounter)
                  00082f1e    00000014     timer_module.obj (.text:CPUTimer_reloadTimerCounter)
                  00082f32    00000014     board_module.obj (.text:CPUTimer_stopTimer)
                  00082f46    00000014     can_module.obj (.text:CPUTimer_stopTimer)
                  00082f5a    00000014     timer_module.obj (.text:CPUTimer_stopTimer)
                  00082f6e    00000014     driverlib.lib : sysctl.obj (.text:DCC_disableModule)
                  00082f82    00000014                   : sysctl.obj (.text:DCC_enableModule)
                  00082f96    00000014     s_board_adc.obj (.text:EPWM_setTimeBaseCounterMode)
                  00082faa    00000014     s_board_adc.obj (.text:EPWM_setTimeBasePeriod)
                  00082fbe    00000014     driverlib.lib : mcan.obj (.text:MCAN_getDataSize)
                  00082fd2    00000014                   : mcan.obj (.text:MCAN_getMsgObjSize)
                  00082fe6    00000014     timer_module.obj (.text:startDiscoveryTimer)
                  00082ffa    00000013     board.obj (.text:ADC_enableAltDMATiming)
                  0008300d    00000013     board.obj (.text:ADC_enableConverter)
                  00083020    00000013     driverlib.lib : cputimer.obj (.text:CPUTimer_setEmulationMode)
                  00083033    00000013     can_module.obj (.text:MCANIntrConfig)
                  00083046    00000013     driverlib.lib : mcan.obj (.text:MCAN_getIntrStatus)
                  00083059    00000013                   : mcan.obj (.text:MCAN_getTxBufReqPend)
                  0008306c    00000013     runtime.obj (.text:isVoltageDataComplete)
                  0008307f    00000012     s_board_adc.obj (.text:EPWM_setTimeBaseCounter)
                  00083091    00000011     timer_module.obj (.text:CPUTimer_setPeriod)
                  000830a2    00000011     board_module.obj (.text:resetDiscoveryFlags)
                  000830b3    00000010     driverlib.lib : flash.obj (.text:Flash_isCtrlBaseValid)
                  000830c3    00000010                   : flash.obj (.text:Flash_isECCBaseValid)
                  000830d3    0000000f     board.obj (.text:Interrupt_register)
                  000830e2    0000000f     can_module.obj (.text:Interrupt_register)
                  000830f1    0000000f     timer_module.obj (.text:Interrupt_register)
                  00083100    0000000f     board_module.obj (.text:readDIPSwitch)
                  0008310f    0000000d     driverlib.lib : mcan.obj (.text:HW_RD_FIELD32_RAW)
                  0008311c    0000000d     board.obj (.text:INTERRUPT_init)
                  00083129    0000000d     driverlib.lib : interrupt.obj (.text:Interrupt_disableGlobal)
                  00083136    0000000d     can_module.obj (.text:Interrupt_enableGlobal)
                  00083143    0000000d     driverlib.lib : interrupt.obj (.text:Interrupt_enableGlobal)
                  00083150    0000000d     device.obj (.text:SysCtl_setLowSpeedClock)
                  0008315d    0000000d     utilities.obj (.text:initializePDUManager)
                  0008316a    0000000c     can_module.obj (.text:processGainAcknowledgment)
                  00083176    0000000c     rts2800_fpu32_eabi.lib : args_main.c.obj (.text)
                  00083182    0000000c     timer_module.obj (.text:startGainTransmissionRetry)
                  0008318e    0000000b     board.obj (.text:Board_init)
                  00083199    0000000b     device.obj (.text:SysCtl_disableWatchdog)
                  000831a4    0000000b     driverlib.lib : sysctl.obj (.text:SysCtl_isMCDClockFailureDetected)
                  000831af    0000000b     utilities.obj (.text:syncReadWriteToWorking)
                  000831ba    0000000a     board.obj (.text:ASYSCTL_init)
                  000831c4    0000000a     driverlib.lib : interrupt.obj (.text:Interrupt_illegalOperationHandler)
                  000831ce    0000000a                   : interrupt.obj (.text:Interrupt_nmiHandler)
                  000831d8    00000009     rts2800_fpu32_eabi.lib : _lock.c.obj (.text)
                  000831e1    00000009     runtime.obj (.text:syncVoltageData)
                  000831ea    00000008     flash_module.obj (.text:Example_Error)
                  000831f2    00000008     rts2800_fpu32_eabi.lib : copy_decompress_none.c.obj (.text:decompress:none)
                  000831fa    00000008     f28p55x_codestartbranch.obj (.text)
                  00083202    00000007     board.obj (.text:ASysCtl_disableTemperatureSensor)
                  00083209    00000007     device.obj (.text:ASysCtl_lockVREG)
                  00083210    00000007     driverlib.lib : mcan.obj (.text:HW_RD_REG32_RAW)
                  00083217    00000007                   : mcan.obj (.text:HW_WR_REG32_RAW)
                  0008321e    00000007                   : sysctl.obj (.text:SysCtl_resetMCD)
                  00083225    00000007     rts2800_fpu32_eabi.lib : memset.c.obj (.text)
                  0008322c    00000006     can_module.obj (.text:Interrupt_clearACKGroup)
                  00083232    00000006     s_board_adc.obj (.text:Interrupt_clearACKGroup)
                  00083238    00000006     timer_module.obj (.text:Interrupt_clearACKGroup)
                  0008323e    00000006     rts2800_fpu32_eabi.lib : copy_zero_init.c.obj (.text:decompress:ZI)
                  00083244    00000005     board.obj (.text:ADC_init)
                  00083249    00000005     flash_module.obj (.text:FMSTAT_Fail)
                  0008324e    00000005     device.obj (.text:__error__)
                  00083253    00000004     flash_module.obj (.text:Example_Done)
                  00083257    00000004     s_board_adc.obj (.text:adc_start_process)
                  0008325b    00000002     rts2800_fpu32_eabi.lib : pre_init.c.obj (.text)
                  0008325d    00000001                            : startup.c.obj (.text)

MODULE SUMMARY

       Module                        code    ro data   rw data
       ------                        ----    -------   -------
    .\
       adc_ex2_soc_epwm.obj          194     0         5856   
       can_module.obj                2068    328       133    
       runtime.obj                   261     0         1249   
       s_board_adc.obj               1016    136       200    
       board_module.obj              720     140       2      
       flash_module.obj              764     38        0      
       utilities.obj                 440     256       0      
       timer_module.obj              516     72        4      
       bu_runtime.obj                164     0         270    
    +--+-----------------------------+-------+---------+---------+
       Total:                        6143    970       7714   
                                                              
    .\device\
       device.obj                    519     89        0      
       f28p55x_codestartbranch.obj   10      0         0      
    +--+-----------------------------+-------+---------+---------+
       Total:                        529     89        0      
                                                              
    .\syscfg\
       board.obj                     1251    139       0      
    +--+-----------------------------+-------+---------+---------+
       Total:                        1251    139       0      
                                                              
    ../driverlib.lib
       mcan.obj                      2528    76        48     
       sysctl.obj                    1350    154       0      
       gpio.obj                      568     152       0      
       flash.obj                     434     155       0      
       adc.obj                       93      151       0      
       pga.obj                       156     75        0      
       interrupt.obj                 214     0         0      
       cputimer.obj                  42      80        0      
       asysctl.obj                   29      79        0      
    +--+-----------------------------+-------+---------+---------+
       Total:                        5414    922       48     
                                                              
    C:/ti/c2000/C2000Ware_5_03_00_00/libraries/flash_api/f28p55x/lib/FAPI_F28P55x_EABI_v4.00.00.lib
       Program.obj                   786     0         0      
       Init.obj                      756     0         0      
       Read.obj                      340     0         0      
       FlashStateMachine.obj         322     0         0      
       Async.obj                     320     0         0      
       Utilities.obj                 310     0         0      
       BlankCheck.obj                156     0         0      
       Verify.obj                    112     0         0      
    +--+-----------------------------+-------+---------+---------+
       Total:                        3102    0         0      
                                                              
    C:\ti\ccs1281\ccs\tools\compiler\ti-cgt-c2000_22.6.1.LTS\lib\rts2800_fpu32_eabi.lib
       fs_div28.asm.obj              136     0         0      
       copy_decompress_lzss.c.obj    48      0         0      
       exit.c.obj                    41      0         6      
       autoinit.c.obj                43      0         0      
       i_div28.asm.obj               34      0         0      
       memcpy.c.obj                  29      0         0      
       boot28.asm.obj                23      0         0      
       _lock.c.obj                   9       0         4      
       args_main.c.obj               12      0         0      
       copy_decompress_none.c.obj    8       0         0      
       memset.c.obj                  7       0         0      
       copy_zero_init.c.obj          6       0         0      
       pre_init.c.obj                2       0         0      
       startup.c.obj                 1       0         0      
    +--+-----------------------------+-------+---------+---------+
       Total:                        399     0         10     
                                                              
       Stack:                        0       0         512    
       Linker Generated:             0       103       0      
    +--+-----------------------------+-------+---------+---------+
       Grand Total:                  16838   2223      8284   


LINKER GENERATED COPY TABLES

__TI_cinit_table @ 000842c8 records: 2, size/record: 4, table size: 8
	.data: load addr=00084268, load size=00000055 bytes, run addr=0000a800, run size=000000dc bytes, compression=lzss
	.bss: load addr=000842c4, load size=00000004 bytes, run addr=0000e000, run size=00001dbe bytes, compression=zero_init


LINKER GENERATED HANDLER TABLE

__TI_handler_table @ 000842be records: 3, size/record: 2, table size: 6
	index: 0, handler: __TI_zero_init
	index: 1, handler: __TI_decompress_lzss
	index: 2, handler: __TI_decompress_none


GLOBAL DATA SYMBOLS: SORTED BY DATA PAGE

address     data page           name
--------    ----------------    ----
0000a800     2a0 (0000a800)     Volt_Lack_flag
0000a801     2a0 (0000a800)     Volt_Unbalance_flag
0000a802     2a0 (0000a800)     Phase_loss_flag
0000a803     2a0 (0000a800)     Phase_Seq_flag
0000a804     2a0 (0000a800)     buff_cntr
0000a805     2a0 (0000a800)     index
0000a806     2a0 (0000a800)     reversal_detected
0000a807     2a0 (0000a800)     last_sample_R
0000a808     2a0 (0000a800)     last_sample_Y
0000a809     2a0 (0000a800)     last_sample_B
0000a80a     2a0 (0000a800)     zcd_detected_R
0000a80b     2a0 (0000a800)     zcd_detected_Y
0000a80c     2a0 (0000a800)     zcd_detected_B
0000a80d     2a0 (0000a800)     a
0000a80e     2a0 (0000a800)     sampleCount
0000a810     2a0 (0000a800)     sampleindex
0000a812     2a0 (0000a800)     theta_zp
0000a814     2a0 (0000a800)     frequency
0000a816     2a0 (0000a800)     lasttimestamp_R
0000a818     2a0 (0000a800)     currenttimestamp_R
0000a81a     2a0 (0000a800)     lasttimestamp_Y
0000a81c     2a0 (0000a800)     lasttimestamp_B
0000a81e     2a0 (0000a800)     currenttimestamp_Y
0000a820     2a0 (0000a800)     currenttimestamp_B
0000a822     2a0 (0000a800)     offset_value
0000a824     2a0 (0000a800)     wGain_Kw_pri
0000a826     2a0 (0000a800)     wGain_Kw_sec
0000a828     2a0 (0000a800)     calib_pri_R
0000a82a     2a0 (0000a800)     calib_pri_Y
0000a82c     2a0 (0000a800)     calib_pri_B
0000a82e     2a0 (0000a800)     calib_kw_pri
0000a830     2a0 (0000a800)     calib_sec_R
0000a832     2a0 (0000a800)     calib_sec_Y
0000a834     2a0 (0000a800)     calib_sec_B
0000a836     2a0 (0000a800)     calib_curr_pri_r
0000a838     2a0 (0000a800)     calib_curr_pri_y
0000a83a     2a0 (0000a800)     calib_curr_pri_b
0000a83c     2a0 (0000a800)     calib_curr_sec_r
0000a83e     2a0 (0000a800)     calib_curr_sec_y

0000a840     2a1 (0000a840)     calib_curr_sec_b
0000a862     2a1 (0000a840)     dwSumPhaseWatt
0000a87e     2a1 (0000a840)     _lock

0000a880     2a2 (0000a880)     newestData
0000a881     2a2 (0000a880)     oldestData
0000a882     2a2 (0000a880)     emptySectorFound
0000a883     2a2 (0000a880)     flashWriteEnabled
0000a884     2a2 (0000a880)     CommandReceived
0000a885     2a2 (0000a880)     updateFailed
0000a886     2a2 (0000a880)     bufferFull
0000a887     2a2 (0000a880)     discoveryInProgress
0000a888     2a2 (0000a880)     discoveryAckReceived
0000a889     2a2 (0000a880)     timerExpired
0000a88a     2a2 (0000a880)     allFramesReceived
0000a88b     2a2 (0000a880)     requestRetransmission
0000a88c     2a2 (0000a880)     receivedFramesMask
0000a88d     2a2 (0000a880)     retryCounter
0000a88e     2a2 (0000a880)     discoveryRetryCount
0000a890     2a2 (0000a880)     Buffer32
0000a892     2a2 (0000a880)     addressToWrite
0000a894     2a2 (0000a880)     writeAddress
0000a896     2a2 (0000a880)     readAddress
0000a8a8     2a2 (0000a880)     dwSumPhaseCurr
0000a8b6     2a2 (0000a880)     dwSumPhaseVolt

0000a8c2     2a3 (0000a8c0)     voltageDataReady
0000a8c3     2a3 (0000a8c0)     voltageFrameReceived
0000a8c4     2a3 (0000a8c0)     allVoltagesReceived
0000a8cc     2a3 (0000a8c0)     __TI_enable_exit_profile_output
0000a8ce     2a3 (0000a8c0)     __TI_cleanup_ptr
0000a8d0     2a3 (0000a8c0)     __TI_dtors_ptr
0000a8d2     2a3 (0000a8c0)     firstBUFrameReceived
0000a8d3     2a3 (0000a8c0)     secondBUFrameReceived
0000a8d4     2a3 (0000a8c0)     sequenceStarted
0000a8d5     2a3 (0000a8c0)     timer2Expired
0000a8d6     2a3 (0000a8c0)     gainAckReceived
0000a8d7     2a3 (0000a8c0)     retryCount
0000a8d8     2a3 (0000a8c0)     _unlock

0000c7b8     31e (0000c780)     __stack

0000e000     380 (0000e000)     rxFIFO0Msg

0000e6e4     39b (0000e6c0)     myADC0Results
0000e6f6     39b (0000e6c0)     frameCounter
0000e6f7     39b (0000e6c0)     error
0000e6f8     39b (0000e6c0)     cpuTimer1IntCount

0000e700     39c (0000e700)     runtimeVoltageData

0000e980     3a6 (0000e980)     syncedVoltageData

0000ebd8     3af (0000ebc0)     Buffer

0000efd8     3bf (0000efc0)     receivedBuffer

0000f3d8     3cf (0000f3c0)     storedFrames

0000f7a8     3de (0000f780)     rxMsg

0000faf0     3eb (0000fac0)     branchData

0000fc00     3f0 (0000fc00)     address
0000fc02     3f0 (0000fc00)     datasize

0000fc40     3f1 (0000fc40)     pduManager

0000fc8d     3f2 (0000fc80)     firstBUFrameData

0000fccd     3f3 (0000fcc0)     retransmissionData

0000fd0d     3f4 (0000fd00)     secondBUFrameData

0000fd80     3f6 (0000fd80)     i
0000fd81     3f6 (0000fd80)     k
0000fd82     3f6 (0000fd80)     vari
0000fd83     3f6 (0000fd80)     Pri_Phase_RY
0000fd84     3f6 (0000fd80)     Pri_Phase_YB
0000fd85     3f6 (0000fd80)     Pri_Phase_BR
0000fd86     3f6 (0000fd80)     Sec_Phase_RY
0000fd87     3f6 (0000fd80)     Sec_Phase_YB
0000fd88     3f6 (0000fd80)     Sec_Phase_BR
0000fd89     3f6 (0000fd80)     countSample
0000fd8a     3f6 (0000fd80)     avgSquare
0000fd8c     3f6 (0000fd80)     rms
0000fd8e     3f6 (0000fd80)     curr_square
0000fd90     3f6 (0000fd80)     volt_square
0000fd92     3f6 (0000fd80)     Vsum
0000fd94     3f6 (0000fd80)     v_alpha
0000fd96     3f6 (0000fd80)     v_beta
0000fd98     3f6 (0000fd80)     last_sample_alpha
0000fd9a     3f6 (0000fd80)     adc_r
0000fd9c     3f6 (0000fd80)     adc_y
0000fd9e     3f6 (0000fd80)     adc_b
0000fda0     3f6 (0000fd80)     V_alpha_t
0000fda2     3f6 (0000fd80)     V_beta_t
0000fda4     3f6 (0000fd80)     V_alpha_next
0000fda6     3f6 (0000fd80)     V_beta_next
0000fda8     3f6 (0000fd80)     cross_product
0000fdaa     3f6 (0000fd80)     theta_p
0000fdac     3f6 (0000fd80)     del_theta_p
0000fdae     3f6 (0000fd80)     timediff
0000fdb0     3f6 (0000fd80)     timeperiod
0000fdb2     3f6 (0000fd80)     kw_r
0000fdb4     3f6 (0000fd80)     kw_y
0000fdb6     3f6 (0000fd80)     kw_b
0000fdb8     3f6 (0000fd80)     kw_r_sec
0000fdba     3f6 (0000fd80)     kw_y_sec
0000fdbc     3f6 (0000fd80)     kw_b_sec


GLOBAL SYMBOLS: SORTED ALPHABETICALLY BY Name 

page  address   name                              
----  -------   ----                              
0     00083244  ADC_init                          
0     000822ac  ADC_setVREF                       
0     000831ba  ASYSCTL_init                      
0     00082a5e  ASysCtl_setAnalogReferenceInternal
0     0008318e  Board_init                        
0     0000ebd8  Buffer                            
0     0000a890  Buffer32                          
0     00082784  C$$EXIT                           
0     00083020  CPUTimer_setEmulationMode         
0     0000c726  ClearFSMStatus                    
0     0000a884  CommandReceived                   
0     00080d99  Device_enableAllPeripherals       
0     00080e71  Device_init                       
0     00082b59  Device_initGPIO                   
0     00083253  Example_Done                      
0     0000c675  Example_EraseSector               
0     000831ea  Example_Error                     
0     00083249  FMSTAT_Fail                       
0     0000c5a6  Fapi_CheckLinkPointers            
0     0000c5f8  Fapi_checkFsmForReady             
0     0000c562  Fapi_checkRegionForValue          
0     0000c375  Fapi_doBlankCheck                 
0     0000c4b6  Fapi_doVerify                     
0     0000c5c2  Fapi_flushPipeline                
0     0000c60b  Fapi_getFsmStatus                 
0     0000c189  Fapi_initializeAPI                
0     0000c405  Fapi_isAddressEcc                 
0     0000c441  Fapi_isAddressValid               
0     0000c53e  Fapi_issueAsyncCommand            
0     0000c47c  Fapi_issueAsyncCommandWithAddress 
0     0000c3c3  Fapi_issueBankEraseCommand        
0     0000c5d7  Fapi_issueFsmCommand              
0     0000c000  Fapi_issueProgrammingCommand      
0     0000c303  Fapi_loopRegionForValue           
0     0000c5e8  Fapi_regReadback                  
0     0000c605  Fapi_setActiveFlashBank           
0     0000c585  Fapi_setupBankSectorEnable        
0     0000c707  FlashAPI_init                     
0     0000c6af  Flash_initModule                  
0     00080cae  GPIO_setAnalogMode                
0     000825ef  GPIO_setDirectionMode             
0     00081e54  GPIO_setPadConfig                 
0     00082413  GPIO_setPinConfig                 
0     0008244a  GPIO_setQualificationMode         
0     000823da  GPIO_setQualificationPeriod       
0     0008311c  INTERRUPT_init                    
0     00082e0d  Interrupt_defaultHandler          
0     00082481  Interrupt_enable                  
0     000831c4  Interrupt_illegalOperationHandler 
0     00082328  Interrupt_initModule              
0     00082a40  Interrupt_initVectorTable         
0     000831ce  Interrupt_nmiHandler              
0     0008031f  MCANConfig                        
0     00080ac6  MCANIntr1ISR                      
0     00083033  MCANIntrConfig                    
0     00081f49  MCAN_addStdMsgIDFilter            
0     00082b73  MCAN_clearInterrupt               
0     00082eb6  MCAN_clearIntrStatus              
0     000829a7  MCAN_clearNewDataStatus           
0     00082557  MCAN_enableIntr                   
0     00082732  MCAN_enableIntrLine               
0     00083046  MCAN_getIntrStatus                
0     00082fd2  MCAN_getMsgObjSize                
0     00082a7b  MCAN_getNewDataStatus             
0     00082d58  MCAN_getOpMode                    
0     00081644  MCAN_getRxFIFOStatus              
0     00083059  MCAN_getTxBufReqPend              
0     00080bbe  MCAN_init                         
0     000829c6  MCAN_isMemInitDone                
0     00080008  MCAN_msgRAMConfig                 
0     00081298  MCAN_readMsgRam                   
0     0008258a  MCAN_selectIntrLine               
0     00080ff8  MCAN_setBitTime                   
0     00082bf4  MCAN_setOpMode                    
0     000826db  MCAN_txBufAddReq                  
0     00081dfd  MCAN_writeMsgRam                  
0     00081d4b  MCAN_writeRxFIFOAck               
0     0008222c  PGA_setOffsetTrimNMOS             
0     000821e8  PGA_setOffsetTrimPMOS             
0     0000a803  Phase_Seq_flag                    
0     0000a802  Phase_loss_flag                   
0     000801ca  PinMux_init                       
0     0000fd85  Pri_Phase_BR                      
0     0000fd83  Pri_Phase_RY                      
0     0000fd84  Pri_Phase_YB                      
abs   00084267  RamfuncsLoadEnd                   
abs   000007b7  RamfuncsLoadSize                  
abs   00083ab0  RamfuncsLoadStart                 
abs   0000c7b7  RamfuncsRunEnd                    
abs   000007b7  RamfuncsRunSize                   
abs   0000c000  RamfuncsRunStart                  
0     0000fd88  Sec_Phase_BR                      
0     0000fd86  Sec_Phase_RY                      
0     0000fd87  Sec_Phase_YB                      
0     0000c7b3  SysCtl_delay                      
0     00081bcf  SysCtl_getClock                   
0     00082b8d  SysCtl_getLowSpeedClock           
0     000809c8  SysCtl_isPLLValid                 
0     000820d0  SysCtl_selectOscSource            
0     0008215d  SysCtl_selectXTAL                 
0     000827ad  SysCtl_selectXTALSingleEnded      
0     0008044b  SysCtl_setClock                   
0     0000fda4  V_alpha_next                      
0     0000fda0  V_alpha_t                         
0     0000fda6  V_beta_next                       
0     0000fda2  V_beta_t                          
0     0000a800  Volt_Lack_flag                    
0     0000a801  Volt_Unbalance_flag               
0     0000fd92  Vsum                              
0     0000c518  Write_32                          
0     0000c4ee  Write_32bp                        
0     000842c8  __TI_CINIT_Base                   
0     000842d0  __TI_CINIT_Limit                  
0     000842d0  __TI_CINIT_Warm                   
0     000842be  __TI_Handler_Table_Base           
0     000842c4  __TI_Handler_Table_Limit          
0     0000c9b8  __TI_STACK_END                    
abs   00000200  __TI_STACK_SIZE                   
0     00082707  __TI_auto_init_nobinit_nopinit    
0     0000a8ce  __TI_cleanup_ptr                  
0     00082620  __TI_decompress_lzss              
0     000831f2  __TI_decompress_none              
0     0000a8d0  __TI_dtors_ptr                    
0     0000a8cc  __TI_enable_exit_profile_output   
abs   ffffffff  __TI_pprof_out_hndl               
abs   ffffffff  __TI_prof_data_size               
abs   ffffffff  __TI_prof_data_start              
0     0008323e  __TI_zero_init                    
0     000813bb  __c28xabi_divf                    
0     000828c8  __c28xabi_divi                    
0     000828d9  __c28xabi_modi                    
n/a   UNDEFED   __c_args__                        
0     0008324e  __error__                         
0     0000c7b8  __stack                           
0     00083176  _args_main                        
0     00082db4  _c_int00                          
0     0000a87e  _lock                             
0     000831e0  _nop                              
0     000831dc  _register_lock                    
0     000831d8  _register_unlock                  
0     0008325d  _system_post_cinit                
0     0008325b  _system_pre_init                  
0     0000a8d8  _unlock                           
0     0000a80d  a                                 
0     00082784  abort                             
0     000807ae  adcA1ISR                          
0     0000fd9e  adc_b                             
0     00081ea6  adc_init                          
0     0000fd9a  adc_r                             
0     00083257  adc_start_process                 
0     0000fd9c  adc_y                             
0     0000fc00  address                           
0     0000a892  addressToWrite                    
0     0000a88a  allFramesReceived                 
0     0000a8c4  allVoltagesReceived               
0     0000fd8a  avgSquare                         
0     0000faf0  branchData                        
0     0000a804  buff_cntr                         
0     0000a886  bufferFull                        
0     000819c7  calibDataUpdateFailAck            
0     00081a2f  calibDataUpdateSuccessAck         
0     0000a83a  calib_curr_pri_b                  
0     0000a836  calib_curr_pri_r                  
0     0000a838  calib_curr_pri_y                  
0     0000a840  calib_curr_sec_b                  
0     0000a83c  calib_curr_sec_r                  
0     0000a83e  calib_curr_sec_y                  
0     0000a82e  calib_kw_pri                      
0     0000a82c  calib_pri_B                       
0     0000a828  calib_pri_R                       
0     0000a82a  calib_pri_Y                       
0     0000a834  calib_sec_B                       
0     0000a830  calib_sec_R                       
0     0000a832  calib_sec_Y                       
0     00082083  checkAddressChange                
0     00080000  code_start                        
0     000824b8  configCPUTimer                    
0     00082ee0  configureGPIO28                   
0     000824ee  configureTimer2                   
0     000817a4  copyRxFIFO                        
0     00081c34  copyVoltageRxFIFO                 
0     0000fd89  countSample                       
0     0000e6f8  cpuTimer1IntCount                 
0     000825bd  cpuTimer2ISR                      
0     0000fda8  cross_product                     
0     0000fd8e  curr_square                       
0     0000a820  currenttimestamp_B                
0     0000a818  currenttimestamp_R                
0     0000a81e  currenttimestamp_Y                
0     0000fc02  datasize                          
0     0000fdac  del_theta_p                       
0     0000a888  discoveryAckReceived              
0     0000a887  discoveryInProgress               
0     0000a88e  discoveryRetryCount               
0     0000a8a8  dwSumPhaseCurr                    
0     0000a8b6  dwSumPhaseVolt                    
0     0000a862  dwSumPhaseWatt                    
0     0000a882  emptySectorFound                  
0     00081fe7  eraseBank4                        
0     000822ea  eraseSectorOrFindEmptySector      
0     00081a97  erasedBank4Ack                    
0     0000e6f7  error                             
0     00082786  exit                              
0     00081ef8  findReadAndWriteAddress           
0     0000fc8d  firstBUFrameData                  
0     0000a8d2  firstBUFrameReceived              
0     0000a883  flashWriteEnabled                 
0     0000e6f6  frameCounter                      
0     00081f98  frameTrackingTimerISR             
0     0000a814  frequency                         
0     0000a8d6  gainAckReceived                   
0     00082ba7  handleDiscoveryProcess            
0     00082c58  handleGainRetransmission          
0     000810b1  handleMissingFrames               
0     0000fd80  i                                 
0     0000a805  index                             
0     00081156  initBranchRuntime                 
0     000826ad  initCPUTimers                     
0     00082035  initDIPSwitchGPIO                 
0     00082523  initEPWM                          
0     000829e5  initFrameTracking                 
0     0008315d  initializePDUManager              
0     0008306c  isVoltageDataComplete             
0     0000fd81  k                                 
0     0000fdb6  kw_b                              
0     0000fdbc  kw_b_sec                          
0     0000fdb2  kw_r                              
0     0000fdb8  kw_r_sec                          
0     0000fdb4  kw_y                              
0     0000fdba  kw_y_sec                          
0     0000a809  last_sample_B                     
0     0000a807  last_sample_R                     
0     0000a808  last_sample_Y                     
0     0000fd98  last_sample_alpha                 
0     0000a81c  lasttimestamp_B                   
0     0000a816  lasttimestamp_R                   
0     0000a81a  lasttimestamp_Y                   
0     00080f36  main                              
0     00081aff  maxRetriesExceeded                
0     00082a98  memcpy                            
0     00083225  memset                            
0     0000e6e4  myADC0Results                     
0     00080690  myADC0_init                       
0     000815c7  myADC1_init                       
0     0000a880  newestData                        
0     0000a822  offset_value                      
0     0000a881  oldestData                        
0     0000fc40  pduManager                        
0     000818f3  prepareFramesForTransmission      
0     000814ca  processBUBoardData                
0     000811fa  processBUFrames                   
0     0008226d  processBUSpecificMessage          
0     00082ef5  processDiscoveryAck               
0     0008316a  processGainAcknowledgment         
0     00081330  processVoltageFrame               
0     0000a896  readAddress                       
0     000827d2  readCANAddress                    
0     00083100  readDIPSwitch                     
0     0000efd8  receivedBuffer                    
0     0000a88c  receivedFramesMask                
0     0000a88b  requestRetransmission             
0     00081443  resetCANModule                    
0     000830a2  resetDiscoveryFlags               
0     00082bc1  resetFrameTrackingVariables       
0     0000fccd  retransmissionData                
0     0000a8d7  retryCount                        
0     0000a88d  retryCounter                      
0     0000a806  reversal_detected                 
0     0000fd8c  rms                               
0     0000e700  runtimeVoltageData                
0     0000e000  rxFIFO0Msg                        
0     0000f7a8  rxMsg                             
0     0000a80e  sampleCount                       
0     0000a810  sampleindex                       
0     0000fd0d  secondBUFrameData                 
0     0000a8d3  secondBUFrameReceived             
0     00081886  sendBUFrameAcknowledgment         
0     0008195d  sendCalibrationDataFormatVersion  
0     00081c92  sendDiscoveryMessage              
0     0000a8d4  sequenceStarted                   
0     00082fe6  startDiscoveryTimer               
0     00083182  startGainTransmissionRetry        
0     00081cef  startupfunc                       
0     0000f3d8  storedFrames                      
0     000831af  syncReadWriteToWorking            
0     000831e1  syncVoltageData                   
0     0000e980  syncedVoltageData                 
0     0000fdaa  theta_p                           
0     0000a812  theta_zp                          
0     0000fdae  timediff                          
0     0000fdb0  timeperiod                        
0     0000a8d5  timer2Expired                     
0     0000a889  timerExpired                      
0     00081815  transmit                          
0     00081549  transmitGainFrames                
0     0000a885  updateFailed                      
0     0000fd94  v_alpha                           
0     0000fd96  v_beta                            
0     0000fd82  vari                              
0     0000fd90  volt_square                       
0     0000a8c2  voltageDataReady                  
0     0000a8c3  voltageFrameReceived              
0     0000a824  wGain_Kw_pri                      
0     0000a826  wGain_Kw_sec                      
0     0000a894  writeAddress                      
0     00081da5  writeDefaultCalibrationValues     
0     0000c60f  writeToFlash                      
0     00081b67  writtenDefaultCalibrationValuesAck
0     0000a80c  zcd_detected_B                    
0     0000a80a  zcd_detected_R                    
0     0000a80b  zcd_detected_Y                    


GLOBAL SYMBOLS: SORTED BY Symbol Address 

page  address   name                              
----  -------   ----                              
0     0000a800  Volt_Lack_flag                    
0     0000a801  Volt_Unbalance_flag               
0     0000a802  Phase_loss_flag                   
0     0000a803  Phase_Seq_flag                    
0     0000a804  buff_cntr                         
0     0000a805  index                             
0     0000a806  reversal_detected                 
0     0000a807  last_sample_R                     
0     0000a808  last_sample_Y                     
0     0000a809  last_sample_B                     
0     0000a80a  zcd_detected_R                    
0     0000a80b  zcd_detected_Y                    
0     0000a80c  zcd_detected_B                    
0     0000a80d  a                                 
0     0000a80e  sampleCount                       
0     0000a810  sampleindex                       
0     0000a812  theta_zp                          
0     0000a814  frequency                         
0     0000a816  lasttimestamp_R                   
0     0000a818  currenttimestamp_R                
0     0000a81a  lasttimestamp_Y                   
0     0000a81c  lasttimestamp_B                   
0     0000a81e  currenttimestamp_Y                
0     0000a820  currenttimestamp_B                
0     0000a822  offset_value                      
0     0000a824  wGain_Kw_pri                      
0     0000a826  wGain_Kw_sec                      
0     0000a828  calib_pri_R                       
0     0000a82a  calib_pri_Y                       
0     0000a82c  calib_pri_B                       
0     0000a82e  calib_kw_pri                      
0     0000a830  calib_sec_R                       
0     0000a832  calib_sec_Y                       
0     0000a834  calib_sec_B                       
0     0000a836  calib_curr_pri_r                  
0     0000a838  calib_curr_pri_y                  
0     0000a83a  calib_curr_pri_b                  
0     0000a83c  calib_curr_sec_r                  
0     0000a83e  calib_curr_sec_y                  
0     0000a840  calib_curr_sec_b                  
0     0000a862  dwSumPhaseWatt                    
0     0000a87e  _lock                             
0     0000a880  newestData                        
0     0000a881  oldestData                        
0     0000a882  emptySectorFound                  
0     0000a883  flashWriteEnabled                 
0     0000a884  CommandReceived                   
0     0000a885  updateFailed                      
0     0000a886  bufferFull                        
0     0000a887  discoveryInProgress               
0     0000a888  discoveryAckReceived              
0     0000a889  timerExpired                      
0     0000a88a  allFramesReceived                 
0     0000a88b  requestRetransmission             
0     0000a88c  receivedFramesMask                
0     0000a88d  retryCounter                      
0     0000a88e  discoveryRetryCount               
0     0000a890  Buffer32                          
0     0000a892  addressToWrite                    
0     0000a894  writeAddress                      
0     0000a896  readAddress                       
0     0000a8a8  dwSumPhaseCurr                    
0     0000a8b6  dwSumPhaseVolt                    
0     0000a8c2  voltageDataReady                  
0     0000a8c3  voltageFrameReceived              
0     0000a8c4  allVoltagesReceived               
0     0000a8cc  __TI_enable_exit_profile_output   
0     0000a8ce  __TI_cleanup_ptr                  
0     0000a8d0  __TI_dtors_ptr                    
0     0000a8d2  firstBUFrameReceived              
0     0000a8d3  secondBUFrameReceived             
0     0000a8d4  sequenceStarted                   
0     0000a8d5  timer2Expired                     
0     0000a8d6  gainAckReceived                   
0     0000a8d7  retryCount                        
0     0000a8d8  _unlock                           
0     0000c000  Fapi_issueProgrammingCommand      
0     0000c189  Fapi_initializeAPI                
0     0000c303  Fapi_loopRegionForValue           
0     0000c375  Fapi_doBlankCheck                 
0     0000c3c3  Fapi_issueBankEraseCommand        
0     0000c405  Fapi_isAddressEcc                 
0     0000c441  Fapi_isAddressValid               
0     0000c47c  Fapi_issueAsyncCommandWithAddress 
0     0000c4b6  Fapi_doVerify                     
0     0000c4ee  Write_32bp                        
0     0000c518  Write_32                          
0     0000c53e  Fapi_issueAsyncCommand            
0     0000c562  Fapi_checkRegionForValue          
0     0000c585  Fapi_setupBankSectorEnable        
0     0000c5a6  Fapi_CheckLinkPointers            
0     0000c5c2  Fapi_flushPipeline                
0     0000c5d7  Fapi_issueFsmCommand              
0     0000c5e8  Fapi_regReadback                  
0     0000c5f8  Fapi_checkFsmForReady             
0     0000c605  Fapi_setActiveFlashBank           
0     0000c60b  Fapi_getFsmStatus                 
0     0000c60f  writeToFlash                      
0     0000c675  Example_EraseSector               
0     0000c6af  Flash_initModule                  
0     0000c707  FlashAPI_init                     
0     0000c726  ClearFSMStatus                    
0     0000c7b3  SysCtl_delay                      
0     0000c7b8  __stack                           
0     0000c9b8  __TI_STACK_END                    
0     0000e000  rxFIFO0Msg                        
0     0000e6e4  myADC0Results                     
0     0000e6f6  frameCounter                      
0     0000e6f7  error                             
0     0000e6f8  cpuTimer1IntCount                 
0     0000e700  runtimeVoltageData                
0     0000e980  syncedVoltageData                 
0     0000ebd8  Buffer                            
0     0000efd8  receivedBuffer                    
0     0000f3d8  storedFrames                      
0     0000f7a8  rxMsg                             
0     0000faf0  branchData                        
0     0000fc00  address                           
0     0000fc02  datasize                          
0     0000fc40  pduManager                        
0     0000fc8d  firstBUFrameData                  
0     0000fccd  retransmissionData                
0     0000fd0d  secondBUFrameData                 
0     0000fd80  i                                 
0     0000fd81  k                                 
0     0000fd82  vari                              
0     0000fd83  Pri_Phase_RY                      
0     0000fd84  Pri_Phase_YB                      
0     0000fd85  Pri_Phase_BR                      
0     0000fd86  Sec_Phase_RY                      
0     0000fd87  Sec_Phase_YB                      
0     0000fd88  Sec_Phase_BR                      
0     0000fd89  countSample                       
0     0000fd8a  avgSquare                         
0     0000fd8c  rms                               
0     0000fd8e  curr_square                       
0     0000fd90  volt_square                       
0     0000fd92  Vsum                              
0     0000fd94  v_alpha                           
0     0000fd96  v_beta                            
0     0000fd98  last_sample_alpha                 
0     0000fd9a  adc_r                             
0     0000fd9c  adc_y                             
0     0000fd9e  adc_b                             
0     0000fda0  V_alpha_t                         
0     0000fda2  V_beta_t                          
0     0000fda4  V_alpha_next                      
0     0000fda6  V_beta_next                       
0     0000fda8  cross_product                     
0     0000fdaa  theta_p                           
0     0000fdac  del_theta_p                       
0     0000fdae  timediff                          
0     0000fdb0  timeperiod                        
0     0000fdb2  kw_r                              
0     0000fdb4  kw_y                              
0     0000fdb6  kw_b                              
0     0000fdb8  kw_r_sec                          
0     0000fdba  kw_y_sec                          
0     0000fdbc  kw_b_sec                          
0     00080000  code_start                        
0     00080008  MCAN_msgRAMConfig                 
0     000801ca  PinMux_init                       
0     0008031f  MCANConfig                        
0     0008044b  SysCtl_setClock                   
0     00080690  myADC0_init                       
0     000807ae  adcA1ISR                          
0     000809c8  SysCtl_isPLLValid                 
0     00080ac6  MCANIntr1ISR                      
0     00080bbe  MCAN_init                         
0     00080cae  GPIO_setAnalogMode                
0     00080d99  Device_enableAllPeripherals       
0     00080e71  Device_init                       
0     00080f36  main                              
0     00080ff8  MCAN_setBitTime                   
0     000810b1  handleMissingFrames               
0     00081156  initBranchRuntime                 
0     000811fa  processBUFrames                   
0     00081298  MCAN_readMsgRam                   
0     00081330  processVoltageFrame               
0     000813bb  __c28xabi_divf                    
0     00081443  resetCANModule                    
0     000814ca  processBUBoardData                
0     00081549  transmitGainFrames                
0     000815c7  myADC1_init                       
0     00081644  MCAN_getRxFIFOStatus              
0     000817a4  copyRxFIFO                        
0     00081815  transmit                          
0     00081886  sendBUFrameAcknowledgment         
0     000818f3  prepareFramesForTransmission      
0     0008195d  sendCalibrationDataFormatVersion  
0     000819c7  calibDataUpdateFailAck            
0     00081a2f  calibDataUpdateSuccessAck         
0     00081a97  erasedBank4Ack                    
0     00081aff  maxRetriesExceeded                
0     00081b67  writtenDefaultCalibrationValuesAck
0     00081bcf  SysCtl_getClock                   
0     00081c34  copyVoltageRxFIFO                 
0     00081c92  sendDiscoveryMessage              
0     00081cef  startupfunc                       
0     00081d4b  MCAN_writeRxFIFOAck               
0     00081da5  writeDefaultCalibrationValues     
0     00081dfd  MCAN_writeMsgRam                  
0     00081e54  GPIO_setPadConfig                 
0     00081ea6  adc_init                          
0     00081ef8  findReadAndWriteAddress           
0     00081f49  MCAN_addStdMsgIDFilter            
0     00081f98  frameTrackingTimerISR             
0     00081fe7  eraseBank4                        
0     00082035  initDIPSwitchGPIO                 
0     00082083  checkAddressChange                
0     000820d0  SysCtl_selectOscSource            
0     0008215d  SysCtl_selectXTAL                 
0     000821e8  PGA_setOffsetTrimPMOS             
0     0008222c  PGA_setOffsetTrimNMOS             
0     0008226d  processBUSpecificMessage          
0     000822ac  ADC_setVREF                       
0     000822ea  eraseSectorOrFindEmptySector      
0     00082328  Interrupt_initModule              
0     000823da  GPIO_setQualificationPeriod       
0     00082413  GPIO_setPinConfig                 
0     0008244a  GPIO_setQualificationMode         
0     00082481  Interrupt_enable                  
0     000824b8  configCPUTimer                    
0     000824ee  configureTimer2                   
0     00082523  initEPWM                          
0     00082557  MCAN_enableIntr                   
0     0008258a  MCAN_selectIntrLine               
0     000825bd  cpuTimer2ISR                      
0     000825ef  GPIO_setDirectionMode             
0     00082620  __TI_decompress_lzss              
0     000826ad  initCPUTimers                     
0     000826db  MCAN_txBufAddReq                  
0     00082707  __TI_auto_init_nobinit_nopinit    
0     00082732  MCAN_enableIntrLine               
0     00082784  C$$EXIT                           
0     00082784  abort                             
0     00082786  exit                              
0     000827ad  SysCtl_selectXTALSingleEnded      
0     000827d2  readCANAddress                    
0     000828c8  __c28xabi_divi                    
0     000828d9  __c28xabi_modi                    
0     000829a7  MCAN_clearNewDataStatus           
0     000829c6  MCAN_isMemInitDone                
0     000829e5  initFrameTracking                 
0     00082a40  Interrupt_initVectorTable         
0     00082a5e  ASysCtl_setAnalogReferenceInternal
0     00082a7b  MCAN_getNewDataStatus             
0     00082a98  memcpy                            
0     00082b59  Device_initGPIO                   
0     00082b73  MCAN_clearInterrupt               
0     00082b8d  SysCtl_getLowSpeedClock           
0     00082ba7  handleDiscoveryProcess            
0     00082bc1  resetFrameTrackingVariables       
0     00082bf4  MCAN_setOpMode                    
0     00082c58  handleGainRetransmission          
0     00082d58  MCAN_getOpMode                    
0     00082db4  _c_int00                          
0     00082e0d  Interrupt_defaultHandler          
0     00082eb6  MCAN_clearIntrStatus              
0     00082ee0  configureGPIO28                   
0     00082ef5  processDiscoveryAck               
0     00082fd2  MCAN_getMsgObjSize                
0     00082fe6  startDiscoveryTimer               
0     00083020  CPUTimer_setEmulationMode         
0     00083033  MCANIntrConfig                    
0     00083046  MCAN_getIntrStatus                
0     00083059  MCAN_getTxBufReqPend              
0     0008306c  isVoltageDataComplete             
0     000830a2  resetDiscoveryFlags               
0     00083100  readDIPSwitch                     
0     0008311c  INTERRUPT_init                    
0     0008315d  initializePDUManager              
0     0008316a  processGainAcknowledgment         
0     00083176  _args_main                        
0     00083182  startGainTransmissionRetry        
0     0008318e  Board_init                        
0     000831af  syncReadWriteToWorking            
0     000831ba  ASYSCTL_init                      
0     000831c4  Interrupt_illegalOperationHandler 
0     000831ce  Interrupt_nmiHandler              
0     000831d8  _register_unlock                  
0     000831dc  _register_lock                    
0     000831e0  _nop                              
0     000831e1  syncVoltageData                   
0     000831ea  Example_Error                     
0     000831f2  __TI_decompress_none              
0     00083225  memset                            
0     0008323e  __TI_zero_init                    
0     00083244  ADC_init                          
0     00083249  FMSTAT_Fail                       
0     0008324e  __error__                         
0     00083253  Example_Done                      
0     00083257  adc_start_process                 
0     0008325b  _system_pre_init                  
0     0008325d  _system_post_cinit                
0     000842be  __TI_Handler_Table_Base           
0     000842c4  __TI_Handler_Table_Limit          
0     000842c8  __TI_CINIT_Base                   
0     000842d0  __TI_CINIT_Limit                  
0     000842d0  __TI_CINIT_Warm                   
abs   00000200  __TI_STACK_SIZE                   
abs   000007b7  RamfuncsLoadSize                  
abs   000007b7  RamfuncsRunSize                   
abs   0000c000  RamfuncsRunStart                  
abs   0000c7b7  RamfuncsRunEnd                    
abs   00083ab0  RamfuncsLoadStart                 
abs   00084267  RamfuncsLoadEnd                   
abs   ffffffff  __TI_pprof_out_hndl               
abs   ffffffff  __TI_prof_data_size               
abs   ffffffff  __TI_prof_data_start              
n/a   UNDEFED   __c_args__                        

[311 symbols]
