******************************************************************************
             TMS320C2000 Linker PC v22.6.1                     
******************************************************************************
>> Linked Mon Jun 30 09:58:48 2025

OUTPUT FILE NAME:   <adc_ex2_soc_epwm.out>
ENTRY POINT SYMBOL: "code_start"  address: 00080000


MEMORY CONFIGURATION

         name            origin    length      used     unused   attr    fill
----------------------  --------  ---------  --------  --------  ----  --------
  BOOT_RSVD             00000002   00000126  00000000  00000126  RWIX
  RAMM0                 00000128   000002d8  00000000  000002d8  RWIX
  RAMM1                 00000400   00000400  00000000  00000400  RWIX
  CLATOCPURAM           00001480   00000080  00000000  00000080  RWIX
  CPUTOCLARAM           00001500   00000080  00000000  00000080  RWIX
  CLATODMARAM           00001680   00000080  00000000  00000080  RWIX
  DMATOCLARAM           00001700   00000080  00000000  00000080  RWIX
  RAMLS0                00008000   00000800  00000000  00000800  RWIX
  RAMLS1                00008800   00000800  00000000  00000800  RWIX
  RAMLS2                00009000   00000800  00000000  00000800  RWIX
  RAMLS3                00009800   00000800  00000000  00000800  RWIX
  RAMLS4                0000a000   00000800  00000000  00000800  RWIX
  RAMLS5                0000a800   00000800  00000090  00000770  RWIX
  RAMLS6                0000b000   00000800  00000000  00000800  RWIX
  RAMLS7                0000b800   00000800  00000000  00000800  RWIX
  RAMGS0                0000c000   00002000  000009b7  00001649  RWIX
  RAMGS1                0000e000   00002000  00001e32  000001ce  RWIX
  RAMGS2                00010000   00002000  00000000  00002000  RWIX
  RAMGS3                00012000   00002000  00000000  00002000  RWIX
  RAMLS8                00014000   00002000  00000000  00002000  RWIX
  RAMLS9                00016000   00002000  00000000  00002000  RWIX
  BEGIN                 00080000   00000002  00000002  00000000  RWIX
  FLASH_BANK0           00080002   0001fffe  0000447b  0001bb83  RWIX
  FLASH_BANK1           000a0000   00020000  00000000  00020000  RWIX
  FLASH_BANK2           000c0000   00020000  00000000  00020000  RWIX
  FLASH_BANK3           000e0000   00020000  00000000  00020000  RWIX
  FLASH_BANK4           00100000   00007fff  00000000  00007fff  RWIX
  RESET                 003fffc0   00000002  00000000  00000002  RWIX


SECTION ALLOCATION MAP

 output                                  attributes/
section   page    origin      length       input sections
--------  ----  ----------  ----------   ----------------
codestart 
*          0    00080000    00000002     
                  00080000    00000002     f28p55x_codestartbranch.obj (codestart)

.cinit     0    00084438    00000050     
                  00084438    0000003e     (.cinit..data.load) [load image, compression = lzss]
                  00084476    00000006     (__TI_handler_table)
                  0008447c    00000004     (.cinit..bss.load) [load image, compression = zero_init]
                  00084480    00000008     (__TI_cinit_table)

.reset     0    003fffc0    00000000     DSECT

.data      0    0000a800    00000090     UNINITIALIZED
                  0000a800    00000024     s_board_adc.obj (.data:dwSumPhaseVolt)
                  0000a824    00000020     driverlib.lib : mcan.obj (.data:dataSize)
                  0000a844    00000018     adc_ex2_soc_epwm.obj (.data)
                  0000a85c    00000010     driverlib.lib : mcan.obj (.data:objSize)
                  0000a86c    00000009     runtime.obj (.data)
                  0000a875    00000001     rts2800_fpu32_eabi.lib : errno.c.obj (.data)
                  0000a876    00000006                            : exit.c.obj (.data)
                  0000a87c    00000003     can_module.obj (.data)
                  0000a87f    00000001     --HOLE--
                  0000a880    00000006     s_board_adc.obj (.data)
                  0000a886    00000003     timer_module.obj (.data)
                  0000a889    00000001     --HOLE--
                  0000a88a    00000002     rts2800_fpu32_eabi.lib : _lock.c.obj (.data:_lock)
                  0000a88c    00000002                            : _lock.c.obj (.data:_unlock)
                  0000a88e    00000002     board_module.obj (.data)

.stack     0    0000c7b8    00000200     UNINITIALIZED
                  0000c7b8    00000200     --HOLE--

.bss       0    0000e000    00001e32     UNINITIALIZED
                  0000e000    000006e4     adc_ex2_soc_epwm.obj (.bss:rxFIFO0Msg)
                  0000e6e4    00000012     s_board_adc.obj (.bss:myADC0Results)
                  0000e6f6    00000004     s_board_adc.obj (.bss:wDemandSumCntr)
                  0000e6fa    00000002     can_module.obj (.bss)
                  0000e6fc    00000001     timer_module.obj (.bss)
                  0000e6fd    00000003     --HOLE--
                  0000e700    000004d8     runtime.obj (.bss)
                  0000ebd8    00000400     adc_ex2_soc_epwm.obj (.bss:Buffer)
                  0000efd8    00000400     adc_ex2_soc_epwm.obj (.bss:receivedBuffer)
                  0000f3d8    000003cf     adc_ex2_soc_epwm.obj (.bss:storedFrames)
                  0000f7a7    00000001     --HOLE--
                  0000f7a8    00000348     adc_ex2_soc_epwm.obj (.bss:rxMsg)
                  0000faf0    0000010e     bu_runtime.obj (.bss:branchData)
                  0000fbfe    00000002     --HOLE--
                  0000fc00    000000be     s_board_adc.obj (.bss)
                  0000fcbe    00000002     --HOLE--
                  0000fcc0    0000008d     adc_ex2_soc_epwm.obj (.bss)
                  0000fd4d    00000040     can_module.obj (.bss:firstBUFrameData)
                  0000fd8d    00000040     adc_ex2_soc_epwm.obj (.bss:retransmissionData)
                  0000fdcd    00000040     can_module.obj (.bss:secondBUFrameData)
                  0000fe0d    00000001     --HOLE--
                  0000fe0e    00000024     s_board_adc.obj (.bss:dw_CurrDemandSum)

.init_array 
*          0    00080008    00000000     UNINITIALIZED

.const     0    00083430    0000084e     
                  00083430    0000009b     driverlib.lib : flash.obj (.const:.string)
                  000834cb    00000001     --HOLE-- [fill = 0]
                  000834cc    0000009a                   : sysctl.obj (.const:.string)
                  00083566    00000098                   : gpio.obj (.const:.string)
                  000835fe    00000097                   : adc.obj (.const:.string)
                  00083695    00000001     --HOLE-- [fill = 0]
                  00083696    0000008c     board_module.obj (.const:.string)
                  00083722    0000008b     board.obj (.const:.string)
                  000837ad    00000001     --HOLE-- [fill = 0]
                  000837ae    00000088     s_board_adc.obj (.const:.string)
                  00083836    00000059     device.obj (.const:.string)
                  0008388f    00000001     --HOLE-- [fill = 0]
                  00083890    00000050     driverlib.lib : cputimer.obj (.const:.string)
                  000838e0    0000004f                   : asysctl.obj (.const:.string)
                  0008392f    00000001     --HOLE-- [fill = 0]
                  00083930    0000004c                   : mcan.obj (.const:.string)
                  0008397c    0000004b                   : pga.obj (.const:.string)
                  000839c7    00000001     --HOLE-- [fill = 0]
                  000839c8    00000048     can_module.obj (.const:.string)
                  00083a10    00000048     timer_module.obj (.const:.string)
                  00083a58    00000040     can_module.obj (.const:$P$T0$1)
                  00083a98    00000040     can_module.obj (.const:$P$T1$2)
                  00083ad8    00000040     can_module.obj (.const:$P$T2$3)
                  00083b18    00000040     utilities.obj (.const:$P$T2$3)
                  00083b58    00000040     can_module.obj (.const:$P$T3$4)
                  00083b98    00000040     utilities.obj (.const:$P$T3$4)
                  00083bd8    00000040     utilities.obj (.const:$P$T4$5)
                  00083c18    00000040     utilities.obj (.const:$P$T5$6)
                  00083c58    00000026     flash_module.obj (.const)

.TI.ramfunc 
*          0    00083c80    000007b7     RUN ADDR = 0000c000
                  00083c80    00000189     FAPI_F28P55x_EABI_v4.00.00.lib : Program.obj (.text:Fapi_issueProgrammingCommand)
                  00083e09    0000017a                                    : Init.obj (.text:Fapi_initializeAPI)
                  00083f83    00000072                                    : Read.obj (.text:Fapi_loopRegionForValue)
                  00083ff5    0000004e                                    : BlankCheck.obj (.text:Fapi_doBlankCheck)
                  00084043    00000042                                    : Async.obj (.text:Fapi_issueBankEraseCommand)
                  00084085    0000003c                                    : FlashStateMachine.obj (.text:Fapi_isAddressEcc)
                  000840c1    0000003b                                    : Utilities.obj (.text:Fapi_isAddressValid)
                  000840fc    0000003a                                    : Async.obj (.text:Fapi_issueAsyncCommandWithAddress)
                  00084136    00000038                                    : Verify.obj (.text:Fapi_doVerify)
                  0008416e    0000002a                                    : Utilities.obj (.text:Write_32bp)
                  00084198    00000026                                    : Utilities.obj (.text:Write_32)
                  000841be    00000024                                    : Async.obj (.text:Fapi_issueAsyncCommand)
                  000841e2    00000023                                    : Read.obj (.text:Fapi_checkRegionForValue)
                  00084205    00000021                                    : FlashStateMachine.obj (.text:Fapi_setupBankSectorEnable)
                  00084226    0000001c                                    : FlashStateMachine.obj (.text:Fapi_CheckLinkPointers)
                  00084242    00000015                                    : Read.obj (.text:Fapi_flushPipeline)
                  00084257    00000011                                    : FlashStateMachine.obj (.text:Fapi_issueFsmCommand)
                  00084268    00000010                                    : Utilities.obj (.text:Fapi_regReadback)
                  00084278    0000000d                                    : FlashStateMachine.obj (.text:Fapi_checkFsmForReady)
                  00084285    00000006                                    : FlashStateMachine.obj (.text:Fapi_setActiveFlashBank)
                  0008428b    00000004                                    : FlashStateMachine.obj (.text:Fapi_getFsmStatus)
                  0008428f    00000066     flash_module.obj (.TI.ramfunc:writeToFlash)
                  000842f5    0000003a     flash_module.obj (.TI.ramfunc:Example_EraseSector)
                  0008432f    00000036     driverlib.lib : flash.obj (.TI.ramfunc:Flash_initModule)
                  00084365    00000022                   : flash.obj (.TI.ramfunc:Flash_setWaitstates)
                  00084387    0000001f     flash_module.obj (.TI.ramfunc:FlashAPI_init)
                  000843a6    0000001c     flash_module.obj (.TI.ramfunc:ClearFSMStatus)
                  000843c2    00000018     driverlib.lib : flash.obj (.TI.ramfunc:Flash_disableCache)
                  000843da    00000017                   : flash.obj (.TI.ramfunc:Flash_disablePrefetch)
                  000843f1    00000016                   : flash.obj (.TI.ramfunc:Flash_enableCache)
                  00084407    00000016                   : flash.obj (.TI.ramfunc:Flash_enableECC)
                  0008441d    00000016                   : flash.obj (.TI.ramfunc:Flash_enablePrefetch)
                  00084433    00000004                   : sysctl.obj (.TI.ramfunc)

.text      0    00080008    00003426     
                  00080008    000001c2     driverlib.lib : mcan.obj (.text:MCAN_msgRAMConfig)
                  000801ca    0000017a     s_board_adc.obj (.text:adcA1ISR)
                  00080344    00000155     board.obj (.text:PinMux_init)
                  00080499    0000012c     can_module.obj (.text:MCANConfig)
                  000805c5    00000123     driverlib.lib : sysctl.obj (.text:SysCtl_setClock)
                  000806e8    00000122                   : mcan.obj (.text:MCAN_writeMsg)
                  0008080a    0000011e     board.obj (.text:myADC0_init)
                  00080928    00000107     driverlib.lib : mcan.obj (.text:MCAN_readMsg)
                  00080a2f    000000fe                   : sysctl.obj (.text:SysCtl_isPLLValid)
                  00080b2d    000000f8     can_module.obj (.text:MCANIntr1ISR)
                  00080c25    000000f0     driverlib.lib : mcan.obj (.text:MCAN_init)
                  00080d15    000000eb                   : gpio.obj (.text:GPIO_setAnalogMode)
                  00080e00    000000d8     device.obj (.text:Device_enableAllPeripherals)
                  00080ed8    000000c5     device.obj (.text:Device_init)
                  00080f9d    000000c2     adc_ex2_soc_epwm.obj (.text:main)
                  0008105f    000000b9     driverlib.lib : mcan.obj (.text:MCAN_setBitTime)
                  00081118    000000a5     can_module.obj (.text:handleMissingFrames)
                  000811bd    000000a4     bu_runtime.obj (.text:initBranchRuntime)
                  00081261    0000009e     can_module.obj (.text:processBUFrames)
                  000812ff    00000098     driverlib.lib : mcan.obj (.text:MCAN_readMsgRam)
                  00081397    00000094     s_board_adc.obj (.text:dww_max_min_Calc)
                  0008142b    0000008b     runtime.obj (.text:processVoltageFrame)
                  000814b6    00000089     s_board_adc.obj (.text:dww_demand_Calc)
                  0008153f    00000088     rts2800_fpu32_eabi.lib : fs_div28.asm.obj (.text)
                  000815c7    00000087     can_module.obj (.text:resetCANModule)
                  0008164e    0000007f     board_module.obj (.text:processBUBoardData)
                  000816cd    0000007e     can_module.obj (.text:transmitGainFrames)
                  0008174b    0000007d     board.obj (.text:myADC1_init)
                  000817c8    00000078     driverlib.lib : mcan.obj (.text:MCAN_getRxFIFOStatus)
                  00081840    00000075     s_board_adc.obj (.text:EPWM_setADCTriggerSource)
                  000818b5    00000073     driverlib.lib : sysctl.obj (.text:DCC_setCounterSeeds)
                  00081928    00000071     can_module.obj (.text:copyRxFIFO)
                  00081999    00000071     can_module.obj (.text:transmit)
                  00081a0a    0000006d     can_module.obj (.text:sendBUFrameAcknowledgment)
                  00081a77    0000006a     can_module.obj (.text:prepareFramesForTransmission)
                  00081ae1    0000006a     can_module.obj (.text:sendCalibrationDataFormatVersion)
                  00081b4b    00000068     utilities.obj (.text:calibDataUpdateFailAck)
                  00081bb3    00000068     utilities.obj (.text:calibDataUpdateSuccessAck)
                  00081c1b    00000068     utilities.obj (.text:erasedBank4Ack)
                  00081c83    00000068     can_module.obj (.text:maxRetriesExceeded)
                  00081ceb    00000068     utilities.obj (.text:writtenDefaultCalibrationValuesAck)
                  00081d53    00000065     driverlib.lib : sysctl.obj (.text:SysCtl_getClock)
                  00081db8    0000005e     runtime.obj (.text:copyVoltageRxFIFO)
                  00081e16    0000005d     can_module.obj (.text:sendDiscoveryMessage)
                  00081e73    0000005c     board_module.obj (.text:startupfunc)
                  00081ecf    0000005a     driverlib.lib : mcan.obj (.text:MCAN_writeRxFIFOAck)
                  00081f29    00000058     flash_module.obj (.text:writeDefaultCalibrationValues)
                  00081f81    00000057     driverlib.lib : mcan.obj (.text:MCAN_writeMsgRam)
                  00081fd8    00000052                   : gpio.obj (.text:GPIO_setPadConfig)
                  0008202a    00000051     flash_module.obj (.text:findReadAndWriteAddress)
                  0008207b    0000004f     driverlib.lib : mcan.obj (.text:MCAN_addStdMsgIDFilter)
                  000820ca    0000004f     timer_module.obj (.text:frameTrackingTimerISR)
                  00082119    0000004e     flash_module.obj (.text:eraseBank4)
                  00082167    0000004e     board_module.obj (.text:initDIPSwitchGPIO)
                  000821b5    0000004d     board_module.obj (.text:checkAddressChange)
                  00082202    00000047     driverlib.lib : sysctl.obj (.text:SysCtl_selectOscSource)
                  00082249    00000046     board.obj (.text:ADC_setupSOC)
                  0008228f    00000046     driverlib.lib : sysctl.obj (.text:SysCtl_selectXTAL)
                  000822d5    00000045                   : sysctl.obj (.text:SysCtl_pollX1Counter)
                  0008231a    00000044                   : pga.obj (.text:PGA_setOffsetTrimPMOS)
                  0008235e    00000041                   : pga.obj (.text:PGA_setOffsetTrimNMOS)
                  0008239f    0000003f     can_module.obj (.text:processBUSpecificMessage)
                  000823de    0000003e     driverlib.lib : adc.obj (.text:ADC_setVREF)
                  0008241c    0000003e     flash_module.obj (.text:eraseSectorOrFindEmptySector)
                  0008245a    0000003d     driverlib.lib : interrupt.obj (.text:Interrupt_initModule)
                  00082497    0000003b     s_board_adc.obj (.text:EPWM_isBaseValid)
                  000824d2    0000003a     s_board_adc.obj (.text:EPWM_setADCTriggerEventPrescale)
                  0008250c    00000039     driverlib.lib : gpio.obj (.text:GPIO_setQualificationPeriod)
                  00082545    00000037                   : gpio.obj (.text:GPIO_setPinConfig)
                  0008257c    00000037                   : gpio.obj (.text:GPIO_setQualificationMode)
                  000825b3    00000037                   : interrupt.obj (.text:Interrupt_enable)
                  000825ea    00000036     timer_module.obj (.text:configCPUTimer)
                  00082620    00000035     timer_module.obj (.text:configureTimer2)
                  00082655    00000034     s_board_adc.obj (.text:initEPWM)
                  00082689    00000033     driverlib.lib : mcan.obj (.text:MCAN_enableIntr)
                  000826bc    00000033                   : mcan.obj (.text:MCAN_selectIntrLine)
                  000826ef    00000032     timer_module.obj (.text:cpuTimer2ISR)
                  00082721    00000031     driverlib.lib : gpio.obj (.text:GPIO_setDirectionMode)
                  00082752    00000030     rts2800_fpu32_eabi.lib : copy_decompress_lzss.c.obj (.text:decompress:lzss)
                  00082782    0000002f     board.obj (.text:ADC_setInterruptSource)
                  000827b1    0000002e     board.obj (.text:ADC_setInterruptSOCTrigger)
                  000827df    0000002e     s_board_adc.obj (.text:adc_init)
                  0008280d    0000002e     timer_module.obj (.text:initCPUTimers)
                  0008283b    0000002c     driverlib.lib : mcan.obj (.text:MCAN_txBufAddReq)
                  00082867    0000002b     rts2800_fpu32_eabi.lib : autoinit.c.obj (.text:__TI_auto_init_nobinit_nopinit)
                  00082892    00000029     driverlib.lib : mcan.obj (.text:MCAN_enableIntrLine)
                  000828bb    00000029     board_module.obj (.text:SysCtl_setMCANClk)
                  000828e4    00000029     rts2800_fpu32_eabi.lib : exit.c.obj (.text)
                  0008290d    00000001                            : startup.c.obj (.text)
                  0008290e    00000027                            : e_sqrtf.c.obj (.text)
                  00082935    00000025     driverlib.lib : sysctl.obj (.text:SysCtl_selectXTALSingleEnded)
                  0008295a    00000025     s_board_adc.obj (.text:dww_Loadper_Calc)
                  0008297f    00000025     board_module.obj (.text:readCANAddress)
                  000829a4    00000024     driverlib.lib : sysctl.obj (.text:DCC_enableSingleShotMode)
                  000829c8    00000023     board_module.obj (.text:GPIO_isPinValid)
                  000829eb    00000023     driverlib.lib : gpio.obj (.text:GPIO_isPinValid)
                  00082a0e    00000023     board_module.obj (.text:GPIO_readPin)
                  00082a31    00000022     s_board_adc.obj (.text:ADC_readResult)
                  00082a53    00000022     s_board_adc.obj (.text:EPWM_setCounterCompareValue)
                  00082a75    00000022     rts2800_fpu32_eabi.lib : i_div28.asm.obj (.text)
                  00082a97    00000021     board.obj (.text:ADC_disableContinuousMode)
                  00082ab8    00000020     board.obj (.text:ADC_enableInterrupt)
                  00082ad8    0000001f     s_board_adc.obj (.text:ADC_getInterruptOverflowStatus)
                  00082af7    0000001f     board.obj (.text:ADC_isBaseValid)
                  00082b16    0000001f     driverlib.lib : adc.obj (.text:ADC_isBaseValid)
                  00082b35    0000001f     s_board_adc.obj (.text:ADC_isBaseValid)
                  00082b54    0000001f     driverlib.lib : mcan.obj (.text:MCAN_clearNewDataStatus)
                  00082b73    0000001f                   : mcan.obj (.text:MCAN_isMemInitDone)
                  00082b92    0000001f     timer_module.obj (.text:initFrameTracking)
                  00082bb1    0000001e     driverlib.lib : sysctl.obj (.text:DCC_setCounter0ClkSource)
                  00082bcf    0000001e                   : sysctl.obj (.text:DCC_setCounter1ClkSource)
                  00082bed    0000001e                   : interrupt.obj (.text:Interrupt_initVectorTable)
                  00082c0b    0000001d                   : asysctl.obj (.text:ASysCtl_setAnalogReferenceInternal)
                  00082c28    0000001d                   : mcan.obj (.text:MCAN_getNewDataStatus)
                  00082c45    0000001d     rts2800_fpu32_eabi.lib : memcpy.c.obj (.text)
                  00082c62    0000001c     board.obj (.text:ADC_setSOCPriority)
                  00082c7e    0000001c     s_board_adc.obj (.text:EPWM_disableADCTrigger)
                  00082c9a    0000001c     s_board_adc.obj (.text:EPWM_enableADCTrigger)
                  00082cb6    0000001c     s_board_adc.obj (.text:EPWM_setClockPrescaler)
                  00082cd2    0000001c     s_board_adc.obj (.text:dww_timer)
                  00082cee    0000001a     board_module.obj (.text:CPUTimer_startTimer)
                  00082d08    0000001a     timer_module.obj (.text:CPUTimer_startTimer)
                  00082d22    0000001a     device.obj (.text:Device_initGPIO)
                  00082d3c    0000001a     driverlib.lib : mcan.obj (.text:MCAN_clearInterrupt)
                  00082d56    0000001a                   : sysctl.obj (.text:SysCtl_getLowSpeedClock)
                  00082d70    0000001a     board_module.obj (.text:handleDiscoveryProcess)
                  00082d8a    0000001a     board_module.obj (.text:resetFrameTrackingVariables)
                  00082da4    00000019     board.obj (.text:ASysCtl_setAnalogReference1P65)
                  00082dbd    00000019     driverlib.lib : mcan.obj (.text:MCAN_setOpMode)
                  00082dd6    00000019                   : mcan.obj (.text:MCAN_writeProtectedRegAccessLock)
                  00082def    00000019                   : mcan.obj (.text:MCAN_writeProtectedRegAccessUnlock)
                  00082e08    00000019                   : sysctl.obj (.text:SysCtl_setPLLSysClk)
                  00082e21    00000019     board_module.obj (.text:handleGainRetransmission)
                  00082e3a    00000018     s_board_adc.obj (.text:EPWM_setPeriodLoadMode)
                  00082e52    00000017     s_board_adc.obj (.text:ADC_clearInterruptOverflowStatus)
                  00082e69    00000017     board.obj (.text:ADC_clearInterruptStatus)
                  00082e80    00000017     s_board_adc.obj (.text:ADC_clearInterruptStatus)
                  00082e97    00000017     board_module.obj (.text:CPUTimer_isBaseValid)
                  00082eae    00000017     can_module.obj (.text:CPUTimer_isBaseValid)
                  00082ec5    00000017     driverlib.lib : cputimer.obj (.text:CPUTimer_isBaseValid)
                  00082edc    00000017     timer_module.obj (.text:CPUTimer_isBaseValid)
                  00082ef3    00000017     timer_module.obj (.text:CPUTimer_setPreScaler)
                  00082f0a    00000017     driverlib.lib : mcan.obj (.text:HW_WR_FIELD32_RAW)
                  00082f21    00000017                   : mcan.obj (.text:MCAN_getOpMode)
                  00082f38    00000017                   : pga.obj (.text:PGA_isBaseValid)
                  00082f4f    00000017     device.obj (.text:SysCtl_enablePeripheral)
                  00082f66    00000017     driverlib.lib : sysctl.obj (.text:SysCtl_enablePeripheral)
                  00082f7d    00000017     rts2800_fpu32_eabi.lib : boot28.asm.obj (.text)
                  00082f94    00000016     board.obj (.text:ADC_setInterruptPulseMode)
                  00082faa    00000016     board.obj (.text:ADC_setPrescaler)
                  00082fc0    00000016     driverlib.lib : sysctl.obj (.text:DCC_disableDoneSignal)
                  00082fd6    00000016                   : interrupt.obj (.text:Interrupt_defaultHandler)
                  00082fec    00000015     board.obj (.text:ADC_disableBurstMode)
                  00083001    00000015     timer_module.obj (.text:CPUTimer_enableInterrupt)
                  00083016    00000015     driverlib.lib : sysctl.obj (.text:DCC_clearDoneFlag)
                  0008302b    00000015                   : sysctl.obj (.text:DCC_clearErrorFlag)
                  00083040    00000015                   : sysctl.obj (.text:DCC_disableErrorSignal)
                  00083055    00000015                   : sysctl.obj (.text:DCC_isBaseValid)
                  0008306a    00000015     device.obj (.text:GPIO_unlockPortConfig)
                  0008307f    00000015     driverlib.lib : mcan.obj (.text:MCAN_clearIntrStatus)
                  00083094    00000015                   : mcan.obj (.text:MCAN_isBaseValid)
                  000830a9    00000015     s_board_adc.obj (.text:configureGPIO28)
                  000830be    00000015     can_module.obj (.text:processDiscoveryAck)
                  000830d3    00000014     board_module.obj (.text:CPUTimer_reloadTimerCounter)
                  000830e7    00000014     timer_module.obj (.text:CPUTimer_reloadTimerCounter)
                  000830fb    00000014     board_module.obj (.text:CPUTimer_stopTimer)
                  0008310f    00000014     can_module.obj (.text:CPUTimer_stopTimer)
                  00083123    00000014     timer_module.obj (.text:CPUTimer_stopTimer)
                  00083137    00000014     driverlib.lib : sysctl.obj (.text:DCC_disableModule)
                  0008314b    00000014                   : sysctl.obj (.text:DCC_enableModule)
                  0008315f    00000014     s_board_adc.obj (.text:EPWM_setTimeBaseCounterMode)
                  00083173    00000014     s_board_adc.obj (.text:EPWM_setTimeBasePeriod)
                  00083187    00000014     driverlib.lib : mcan.obj (.text:MCAN_getDataSize)
                  0008319b    00000014                   : mcan.obj (.text:MCAN_getMsgObjSize)
                  000831af    00000014     timer_module.obj (.text:startDiscoveryTimer)
                  000831c3    00000013     board.obj (.text:ADC_enableAltDMATiming)
                  000831d6    00000013     board.obj (.text:ADC_enableConverter)
                  000831e9    00000013     driverlib.lib : cputimer.obj (.text:CPUTimer_setEmulationMode)
                  000831fc    00000013     can_module.obj (.text:MCANIntrConfig)
                  0008320f    00000013     driverlib.lib : mcan.obj (.text:MCAN_getIntrStatus)
                  00083222    00000013                   : mcan.obj (.text:MCAN_getTxBufReqPend)
                  00083235    00000013     runtime.obj (.text:isVoltageDataComplete)
                  00083248    00000012     s_board_adc.obj (.text:EPWM_setTimeBaseCounter)
                  0008325a    00000011     timer_module.obj (.text:CPUTimer_setPeriod)
                  0008326b    00000011     board_module.obj (.text:resetDiscoveryFlags)
                  0008327c    00000010     driverlib.lib : flash.obj (.text:Flash_isCtrlBaseValid)
                  0008328c    00000010                   : flash.obj (.text:Flash_isECCBaseValid)
                  0008329c    0000000f     board.obj (.text:Interrupt_register)
                  000832ab    0000000f     can_module.obj (.text:Interrupt_register)
                  000832ba    0000000f     timer_module.obj (.text:Interrupt_register)
                  000832c9    0000000f     board_module.obj (.text:readDIPSwitch)
                  000832d8    0000000d     driverlib.lib : mcan.obj (.text:HW_RD_FIELD32_RAW)
                  000832e5    0000000d     board.obj (.text:INTERRUPT_init)
                  000832f2    0000000d     driverlib.lib : interrupt.obj (.text:Interrupt_disableGlobal)
                  000832ff    0000000d     can_module.obj (.text:Interrupt_enableGlobal)
                  0008330c    0000000d     driverlib.lib : interrupt.obj (.text:Interrupt_enableGlobal)
                  00083319    0000000d     device.obj (.text:SysCtl_setLowSpeedClock)
                  00083326    0000000d     utilities.obj (.text:initializePDUManager)
                  00083333    0000000c     s_board_adc.obj (.text:adc_start_process)
                  0008333f    0000000c     can_module.obj (.text:processGainAcknowledgment)
                  0008334b    0000000c     rts2800_fpu32_eabi.lib : args_main.c.obj (.text)
                  00083357    0000000c     timer_module.obj (.text:startGainTransmissionRetry)
                  00083363    0000000b     board.obj (.text:Board_init)
                  0008336e    0000000b     device.obj (.text:SysCtl_disableWatchdog)
                  00083379    0000000b     driverlib.lib : sysctl.obj (.text:SysCtl_isMCDClockFailureDetected)
                  00083384    0000000b     utilities.obj (.text:syncReadWriteToWorking)
                  0008338f    0000000a     board.obj (.text:ASYSCTL_init)
                  00083399    0000000a     driverlib.lib : interrupt.obj (.text:Interrupt_illegalOperationHandler)
                  000833a3    0000000a                   : interrupt.obj (.text:Interrupt_nmiHandler)
                  000833ad    00000009     rts2800_fpu32_eabi.lib : _lock.c.obj (.text)
                  000833b6    00000009     runtime.obj (.text:syncVoltageData)
                  000833bf    00000008     flash_module.obj (.text:Example_Error)
                  000833c7    00000008     rts2800_fpu32_eabi.lib : copy_decompress_none.c.obj (.text:decompress:none)
                  000833cf    00000008     f28p55x_codestartbranch.obj (.text)
                  000833d7    00000007     board.obj (.text:ASysCtl_disableTemperatureSensor)
                  000833de    00000007     device.obj (.text:ASysCtl_lockVREG)
                  000833e5    00000007     driverlib.lib : mcan.obj (.text:HW_RD_REG32_RAW)
                  000833ec    00000007                   : mcan.obj (.text:HW_WR_REG32_RAW)
                  000833f3    00000007                   : sysctl.obj (.text:SysCtl_resetMCD)
                  000833fa    00000007     rts2800_fpu32_eabi.lib : memset.c.obj (.text)
                  00083401    00000006     can_module.obj (.text:Interrupt_clearACKGroup)
                  00083407    00000006     s_board_adc.obj (.text:Interrupt_clearACKGroup)
                  0008340d    00000006     timer_module.obj (.text:Interrupt_clearACKGroup)
                  00083413    00000006     rts2800_fpu32_eabi.lib : copy_zero_init.c.obj (.text:decompress:ZI)
                  00083419    00000005     board.obj (.text:ADC_init)
                  0008341e    00000005     flash_module.obj (.text:FMSTAT_Fail)
                  00083423    00000005     device.obj (.text:__error__)
                  00083428    00000004     flash_module.obj (.text:Example_Done)
                  0008342c    00000002     rts2800_fpu32_eabi.lib : pre_init.c.obj (.text)

MODULE SUMMARY

       Module                        code    ro data   rw data
       ------                        ----    -------   -------
    .\
       adc_ex2_soc_epwm.obj          194     0         5856   
       can_module.obj                2068    328       133    
       s_board_adc.obj               1441    136       290    
       runtime.obj                   261     0         1249   
       board_module.obj              720     140       2      
       flash_module.obj              764     38        0      
       utilities.obj                 440     256       0      
       timer_module.obj              516     72        4      
       bu_runtime.obj                164     0         270    
    +--+-----------------------------+-------+---------+---------+
       Total:                        6568    970       7804   
                                                              
    .\device\
       device.obj                    519     89        0      
       f28p55x_codestartbranch.obj   10      0         0      
    +--+-----------------------------+-------+---------+---------+
       Total:                        529     89        0      
                                                              
    .\syscfg\
       board.obj                     1251    139       0      
    +--+-----------------------------+-------+---------+---------+
       Total:                        1251    139       0      
                                                              
    ../driverlib.lib
       mcan.obj                      2528    76        48     
       sysctl.obj                    1350    154       0      
       gpio.obj                      568     152       0      
       flash.obj                     434     155       0      
       adc.obj                       93      151       0      
       pga.obj                       156     75        0      
       interrupt.obj                 214     0         0      
       cputimer.obj                  42      80        0      
       asysctl.obj                   29      79        0      
    +--+-----------------------------+-------+---------+---------+
       Total:                        5414    922       48     
                                                              
    C:/ti/c2000/C2000Ware_5_03_00_00/libraries/flash_api/f28p55x/lib/FAPI_F28P55x_EABI_v4.00.00.lib
       Program.obj                   786     0         0      
       Init.obj                      756     0         0      
       Read.obj                      340     0         0      
       FlashStateMachine.obj         322     0         0      
       Async.obj                     320     0         0      
       Utilities.obj                 310     0         0      
       BlankCheck.obj                156     0         0      
       Verify.obj                    112     0         0      
    +--+-----------------------------+-------+---------+---------+
       Total:                        3102    0         0      
                                                              
    C:\ti\ccs1281\ccs\tools\compiler\ti-cgt-c2000_22.6.1.LTS\lib\rts2800_fpu32_eabi.lib
       fs_div28.asm.obj              136     0         0      
       copy_decompress_lzss.c.obj    48      0         0      
       exit.c.obj                    41      0         6      
       autoinit.c.obj                43      0         0      
       e_sqrtf.c.obj                 39      0         0      
       i_div28.asm.obj               34      0         0      
       memcpy.c.obj                  29      0         0      
       boot28.asm.obj                23      0         0      
       _lock.c.obj                   9       0         4      
       args_main.c.obj               12      0         0      
       copy_decompress_none.c.obj    8       0         0      
       memset.c.obj                  7       0         0      
       copy_zero_init.c.obj          6       0         0      
       pre_init.c.obj                2       0         0      
       errno.c.obj                   0       0         1      
       startup.c.obj                 1       0         0      
    +--+-----------------------------+-------+---------+---------+
       Total:                        438     0         11     
                                                              
       Stack:                        0       0         512    
       Linker Generated:             0       80        0      
    +--+-----------------------------+-------+---------+---------+
       Grand Total:                  17302   2200      8375   


LINKER GENERATED COPY TABLES

__TI_cinit_table @ 00084480 records: 2, size/record: 4, table size: 8
	.data: load addr=00084438, load size=0000003e bytes, run addr=0000a800, run size=00000090 bytes, compression=lzss
	.bss: load addr=0008447c, load size=00000004 bytes, run addr=0000e000, run size=00001e32 bytes, compression=zero_init


LINKER GENERATED HANDLER TABLE

__TI_handler_table @ 00084476 records: 3, size/record: 2, table size: 6
	index: 0, handler: __TI_zero_init
	index: 1, handler: __TI_decompress_lzss
	index: 2, handler: __TI_decompress_none


GLOBAL DATA SYMBOLS: SORTED BY DATA PAGE

address     data page           name
--------    ----------------    ----
0000a800     2a0 (0000a800)     dwSumPhaseVolt

0000a844     2a1 (0000a840)     newestData
0000a845     2a1 (0000a840)     oldestData
0000a846     2a1 (0000a840)     emptySectorFound
0000a847     2a1 (0000a840)     flashWriteEnabled
0000a848     2a1 (0000a840)     CommandReceived
0000a849     2a1 (0000a840)     updateFailed
0000a84a     2a1 (0000a840)     bufferFull
0000a84b     2a1 (0000a840)     discoveryInProgress
0000a84c     2a1 (0000a840)     discoveryAckReceived
0000a84d     2a1 (0000a840)     timerExpired
0000a84e     2a1 (0000a840)     allFramesReceived
0000a84f     2a1 (0000a840)     requestRetransmission
0000a850     2a1 (0000a840)     receivedFramesMask
0000a851     2a1 (0000a840)     retryCounter
0000a852     2a1 (0000a840)     discoveryRetryCount
0000a854     2a1 (0000a840)     Buffer32
0000a856     2a1 (0000a840)     addressToWrite
0000a858     2a1 (0000a840)     writeAddress
0000a85a     2a1 (0000a840)     readAddress
0000a86c     2a1 (0000a840)     voltageDataReady
0000a86d     2a1 (0000a840)     voltageFrameReceived
0000a86e     2a1 (0000a840)     allVoltagesReceived
0000a875     2a1 (0000a840)     errno
0000a876     2a1 (0000a840)     __TI_enable_exit_profile_output
0000a878     2a1 (0000a840)     __TI_cleanup_ptr
0000a87a     2a1 (0000a840)     __TI_dtors_ptr
0000a87c     2a1 (0000a840)     firstBUFrameReceived
0000a87d     2a1 (0000a840)     secondBUFrameReceived
0000a87e     2a1 (0000a840)     sequenceStarted

0000a880     2a2 (0000a880)     sampleCount
0000a881     2a2 (0000a880)     count
0000a882     2a2 (0000a880)     syncSignalReceived
0000a883     2a2 (0000a880)     a
0000a884     2a2 (0000a880)     calib
0000a886     2a2 (0000a880)     timer2Expired
0000a887     2a2 (0000a880)     gainAckReceived
0000a888     2a2 (0000a880)     retryCount
0000a88a     2a2 (0000a880)     _lock
0000a88c     2a2 (0000a880)     _unlock

0000c7b8     31e (0000c780)     __stack

0000e000     380 (0000e000)     rxFIFO0Msg

0000e6e4     39b (0000e6c0)     myADC0Results
0000e6f6     39b (0000e6c0)     wDemandSumCntr
0000e6fa     39b (0000e6c0)     frameCounter
0000e6fb     39b (0000e6c0)     error
0000e6fc     39b (0000e6c0)     cpuTimer1IntCount

0000e700     39c (0000e700)     runtimeVoltageData

0000e980     3a6 (0000e980)     syncedVoltageData

0000ebd8     3af (0000ebc0)     Buffer

0000efd8     3bf (0000efc0)     receivedBuffer

0000f3d8     3cf (0000f3c0)     storedFrames

0000f7a8     3de (0000f780)     rxMsg

0000faf0     3eb (0000fac0)     branchData

0000fc00     3f0 (0000fc00)     k
0000fc01     3f0 (0000fc00)     struct_size
0000fc02     3f0 (0000fc00)     max_curr
0000fc04     3f0 (0000fc00)     demand_chk_1sec
0000fc05     3f0 (0000fc00)     demand_chk_1hr
0000fc06     3f0 (0000fc00)     demand_chk_24hr
0000fc07     3f0 (0000fc00)     dww_RMS_Current
0000fc08     3f0 (0000fc00)     root
0000fc09     3f0 (0000fc00)     pinstate
0000fc0a     3f0 (0000fc00)     pinState
0000fc0b     3f0 (0000fc00)     countSample
0000fc0c     3f0 (0000fc00)     dwwMathBuff
0000fc0e     3f0 (0000fc00)     sFlag

0000fc40     3f1 (0000fc40)     Branch

0000fcc0     3f3 (0000fcc0)     address
0000fcc2     3f3 (0000fcc0)     datasize

0000fd00     3f4 (0000fd00)     pduManager

0000fd4d     3f5 (0000fd40)     firstBUFrameData

0000fd8d     3f6 (0000fd80)     retransmissionData

0000fdcd     3f7 (0000fdc0)     secondBUFrameData

0000fe0e     3f8 (0000fe00)     dw_CurrDemandSum


GLOBAL SYMBOLS: SORTED ALPHABETICALLY BY Name 

page  address   name                              
----  -------   ----                              
0     00083419  ADC_init                          
0     000823de  ADC_setVREF                       
0     0008338f  ASYSCTL_init                      
0     00082c0b  ASysCtl_setAnalogReferenceInternal
0     00083363  Board_init                        
0     0000fc40  Branch                            
0     0000ebd8  Buffer                            
0     0000a854  Buffer32                          
0     000828e4  C$$EXIT                           
0     000831e9  CPUTimer_setEmulationMode         
0     0000c726  ClearFSMStatus                    
0     0000a848  CommandReceived                   
0     00080e00  Device_enableAllPeripherals       
0     00080ed8  Device_init                       
0     00082d22  Device_initGPIO                   
0     00083428  Example_Done                      
0     0000c675  Example_EraseSector               
0     000833bf  Example_Error                     
0     0008341e  FMSTAT_Fail                       
0     0000c5a6  Fapi_CheckLinkPointers            
0     0000c5f8  Fapi_checkFsmForReady             
0     0000c562  Fapi_checkRegionForValue          
0     0000c375  Fapi_doBlankCheck                 
0     0000c4b6  Fapi_doVerify                     
0     0000c5c2  Fapi_flushPipeline                
0     0000c60b  Fapi_getFsmStatus                 
0     0000c189  Fapi_initializeAPI                
0     0000c405  Fapi_isAddressEcc                 
0     0000c441  Fapi_isAddressValid               
0     0000c53e  Fapi_issueAsyncCommand            
0     0000c47c  Fapi_issueAsyncCommandWithAddress 
0     0000c3c3  Fapi_issueBankEraseCommand        
0     0000c5d7  Fapi_issueFsmCommand              
0     0000c000  Fapi_issueProgrammingCommand      
0     0000c303  Fapi_loopRegionForValue           
0     0000c5e8  Fapi_regReadback                  
0     0000c605  Fapi_setActiveFlashBank           
0     0000c585  Fapi_setupBankSectorEnable        
0     0000c707  FlashAPI_init                     
0     0000c6af  Flash_initModule                  
0     00080d15  GPIO_setAnalogMode                
0     00082721  GPIO_setDirectionMode             
0     00081fd8  GPIO_setPadConfig                 
0     00082545  GPIO_setPinConfig                 
0     0008257c  GPIO_setQualificationMode         
0     0008250c  GPIO_setQualificationPeriod       
0     000832e5  INTERRUPT_init                    
0     00082fd6  Interrupt_defaultHandler          
0     000825b3  Interrupt_enable                  
0     00083399  Interrupt_illegalOperationHandler 
0     0008245a  Interrupt_initModule              
0     00082bed  Interrupt_initVectorTable         
0     000833a3  Interrupt_nmiHandler              
0     00080499  MCANConfig                        
0     00080b2d  MCANIntr1ISR                      
0     000831fc  MCANIntrConfig                    
0     0008207b  MCAN_addStdMsgIDFilter            
0     00082d3c  MCAN_clearInterrupt               
0     0008307f  MCAN_clearIntrStatus              
0     00082b54  MCAN_clearNewDataStatus           
0     00082689  MCAN_enableIntr                   
0     00082892  MCAN_enableIntrLine               
0     0008320f  MCAN_getIntrStatus                
0     0008319b  MCAN_getMsgObjSize                
0     00082c28  MCAN_getNewDataStatus             
0     00082f21  MCAN_getOpMode                    
0     000817c8  MCAN_getRxFIFOStatus              
0     00083222  MCAN_getTxBufReqPend              
0     00080c25  MCAN_init                         
0     00082b73  MCAN_isMemInitDone                
0     00080008  MCAN_msgRAMConfig                 
0     000812ff  MCAN_readMsgRam                   
0     000826bc  MCAN_selectIntrLine               
0     0008105f  MCAN_setBitTime                   
0     00082dbd  MCAN_setOpMode                    
0     0008283b  MCAN_txBufAddReq                  
0     00081f81  MCAN_writeMsgRam                  
0     00081ecf  MCAN_writeRxFIFOAck               
0     0008235e  PGA_setOffsetTrimNMOS             
0     0008231a  PGA_setOffsetTrimPMOS             
0     00080344  PinMux_init                       
abs   00084437  RamfuncsLoadEnd                   
abs   000007b7  RamfuncsLoadSize                  
abs   00083c80  RamfuncsLoadStart                 
abs   0000c7b7  RamfuncsRunEnd                    
abs   000007b7  RamfuncsRunSize                   
abs   0000c000  RamfuncsRunStart                  
0     0000c7b3  SysCtl_delay                      
0     00081d53  SysCtl_getClock                   
0     00082d56  SysCtl_getLowSpeedClock           
0     00080a2f  SysCtl_isPLLValid                 
0     00082202  SysCtl_selectOscSource            
0     0008228f  SysCtl_selectXTAL                 
0     00082935  SysCtl_selectXTALSingleEnded      
0     000805c5  SysCtl_setClock                   
0     0000c518  Write_32                          
0     0000c4ee  Write_32bp                        
0     00084480  __TI_CINIT_Base                   
0     00084488  __TI_CINIT_Limit                  
0     00084488  __TI_CINIT_Warm                   
0     00084476  __TI_Handler_Table_Base           
0     0008447c  __TI_Handler_Table_Limit          
0     0000c9b8  __TI_STACK_END                    
abs   00000200  __TI_STACK_SIZE                   
0     00082867  __TI_auto_init_nobinit_nopinit    
0     0000a878  __TI_cleanup_ptr                  
0     00082752  __TI_decompress_lzss              
0     000833c7  __TI_decompress_none              
0     0000a87a  __TI_dtors_ptr                    
0     0000a876  __TI_enable_exit_profile_output   
abs   ffffffff  __TI_pprof_out_hndl               
abs   ffffffff  __TI_prof_data_size               
abs   ffffffff  __TI_prof_data_start              
0     00083413  __TI_zero_init                    
0     0008153f  __c28xabi_divf                    
0     00082a75  __c28xabi_divi                    
0     00082a86  __c28xabi_modi                    
n/a   UNDEFED   __c_args__                        
0     00083423  __error__                         
0     0000c7b8  __stack                           
0     0008334b  _args_main                        
0     00082f7d  _c_int00                          
0     0000a88a  _lock                             
0     000833b5  _nop                              
0     000833b1  _register_lock                    
0     000833ad  _register_unlock                  
0     0008290d  _system_post_cinit                
0     0008342c  _system_pre_init                  
0     0000a88c  _unlock                           
0     0000a883  a                                 
0     000828e4  abort                             
0     000801ca  adcA1ISR                          
0     000827df  adc_init                          
0     00083333  adc_start_process                 
0     0000fcc0  address                           
0     0000a856  addressToWrite                    
0     0000a84e  allFramesReceived                 
0     0000a86e  allVoltagesReceived               
0     0000faf0  branchData                        
0     0000a84a  bufferFull                        
0     0000a884  calib                             
0     00081b4b  calibDataUpdateFailAck            
0     00081bb3  calibDataUpdateSuccessAck         
0     000821b5  checkAddressChange                
0     00080000  code_start                        
0     000825ea  configCPUTimer                    
0     000830a9  configureGPIO28                   
0     00082620  configureTimer2                   
0     00081928  copyRxFIFO                        
0     00081db8  copyVoltageRxFIFO                 
0     0000a881  count                             
0     0000fc0b  countSample                       
0     0000e6fc  cpuTimer1IntCount                 
0     000826ef  cpuTimer2ISR                      
0     0000fcc2  datasize                          
0     0000fc05  demand_chk_1hr                    
0     0000fc04  demand_chk_1sec                   
0     0000fc06  demand_chk_24hr                   
0     0000a84c  discoveryAckReceived              
0     0000a84b  discoveryInProgress               
0     0000a852  discoveryRetryCount               
0     0000a800  dwSumPhaseVolt                    
0     0000fe0e  dw_CurrDemandSum                  
0     0000fc0c  dwwMathBuff                       
0     0008295a  dww_Loadper_Calc                  
0     0000fc07  dww_RMS_Current                   
0     000814b6  dww_demand_Calc                   
0     00081397  dww_max_min_Calc                  
0     00082cd2  dww_timer                         
0     0000a846  emptySectorFound                  
0     00082119  eraseBank4                        
0     0008241c  eraseSectorOrFindEmptySector      
0     00081c1b  erasedBank4Ack                    
0     0000a875  errno                             
0     0000e6fb  error                             
0     000828e6  exit                              
0     0008202a  findReadAndWriteAddress           
0     0000fd4d  firstBUFrameData                  
0     0000a87c  firstBUFrameReceived              
0     0000a847  flashWriteEnabled                 
0     0000e6fa  frameCounter                      
0     000820ca  frameTrackingTimerISR             
0     0000a887  gainAckReceived                   
0     00082d70  handleDiscoveryProcess            
0     00082e21  handleGainRetransmission          
0     00081118  handleMissingFrames               
0     000811bd  initBranchRuntime                 
0     0008280d  initCPUTimers                     
0     00082167  initDIPSwitchGPIO                 
0     00082655  initEPWM                          
0     00082b92  initFrameTracking                 
0     00083326  initializePDUManager              
0     00083235  isVoltageDataComplete             
0     0000fc00  k                                 
0     00080f9d  main                              
0     00081c83  maxRetriesExceeded                
0     0000fc02  max_curr                          
0     00082c45  memcpy                            
0     000833fa  memset                            
0     0000e6e4  myADC0Results                     
0     0008080a  myADC0_init                       
0     0008174b  myADC1_init                       
0     0000a844  newestData                        
0     0000a845  oldestData                        
0     0000fd00  pduManager                        
0     0000fc0a  pinState                          
0     0000fc09  pinstate                          
0     00081a77  prepareFramesForTransmission      
0     0008164e  processBUBoardData                
0     00081261  processBUFrames                   
0     0008239f  processBUSpecificMessage          
0     000830be  processDiscoveryAck               
0     0008333f  processGainAcknowledgment         
0     0008142b  processVoltageFrame               
0     0000a85a  readAddress                       
0     0008297f  readCANAddress                    
0     000832c9  readDIPSwitch                     
0     0000efd8  receivedBuffer                    
0     0000a850  receivedFramesMask                
0     0000a84f  requestRetransmission             
0     000815c7  resetCANModule                    
0     0008326b  resetDiscoveryFlags               
0     00082d8a  resetFrameTrackingVariables       
0     0000fd8d  retransmissionData                
0     0000a888  retryCount                        
0     0000a851  retryCounter                      
0     0000fc08  root                              
0     0000e700  runtimeVoltageData                
0     0000e000  rxFIFO0Msg                        
0     0000f7a8  rxMsg                             
0     0000fc0e  sFlag                             
0     0000a880  sampleCount                       
0     0000fdcd  secondBUFrameData                 
0     0000a87d  secondBUFrameReceived             
0     00081a0a  sendBUFrameAcknowledgment         
0     00081ae1  sendCalibrationDataFormatVersion  
0     00081e16  sendDiscoveryMessage              
0     0000a87e  sequenceStarted                   
0     0008290e  sqrtf                             
0     000831af  startDiscoveryTimer               
0     00083357  startGainTransmissionRetry        
0     00081e73  startupfunc                       
0     0000f3d8  storedFrames                      
0     0000fc01  struct_size                       
0     00083384  syncReadWriteToWorking            
0     0000a882  syncSignalReceived                
0     000833b6  syncVoltageData                   
0     0000e980  syncedVoltageData                 
0     0000a886  timer2Expired                     
0     0000a84d  timerExpired                      
0     00081999  transmit                          
0     000816cd  transmitGainFrames                
0     0000a849  updateFailed                      
0     0000a86c  voltageDataReady                  
0     0000a86d  voltageFrameReceived              
0     0000e6f6  wDemandSumCntr                    
0     0000a858  writeAddress                      
0     00081f29  writeDefaultCalibrationValues     
0     0000c60f  writeToFlash                      
0     00081ceb  writtenDefaultCalibrationValuesAck


GLOBAL SYMBOLS: SORTED BY Symbol Address 

page  address   name                              
----  -------   ----                              
0     0000a800  dwSumPhaseVolt                    
0     0000a844  newestData                        
0     0000a845  oldestData                        
0     0000a846  emptySectorFound                  
0     0000a847  flashWriteEnabled                 
0     0000a848  CommandReceived                   
0     0000a849  updateFailed                      
0     0000a84a  bufferFull                        
0     0000a84b  discoveryInProgress               
0     0000a84c  discoveryAckReceived              
0     0000a84d  timerExpired                      
0     0000a84e  allFramesReceived                 
0     0000a84f  requestRetransmission             
0     0000a850  receivedFramesMask                
0     0000a851  retryCounter                      
0     0000a852  discoveryRetryCount               
0     0000a854  Buffer32                          
0     0000a856  addressToWrite                    
0     0000a858  writeAddress                      
0     0000a85a  readAddress                       
0     0000a86c  voltageDataReady                  
0     0000a86d  voltageFrameReceived              
0     0000a86e  allVoltagesReceived               
0     0000a875  errno                             
0     0000a876  __TI_enable_exit_profile_output   
0     0000a878  __TI_cleanup_ptr                  
0     0000a87a  __TI_dtors_ptr                    
0     0000a87c  firstBUFrameReceived              
0     0000a87d  secondBUFrameReceived             
0     0000a87e  sequenceStarted                   
0     0000a880  sampleCount                       
0     0000a881  count                             
0     0000a882  syncSignalReceived                
0     0000a883  a                                 
0     0000a884  calib                             
0     0000a886  timer2Expired                     
0     0000a887  gainAckReceived                   
0     0000a888  retryCount                        
0     0000a88a  _lock                             
0     0000a88c  _unlock                           
0     0000c000  Fapi_issueProgrammingCommand      
0     0000c189  Fapi_initializeAPI                
0     0000c303  Fapi_loopRegionForValue           
0     0000c375  Fapi_doBlankCheck                 
0     0000c3c3  Fapi_issueBankEraseCommand        
0     0000c405  Fapi_isAddressEcc                 
0     0000c441  Fapi_isAddressValid               
0     0000c47c  Fapi_issueAsyncCommandWithAddress 
0     0000c4b6  Fapi_doVerify                     
0     0000c4ee  Write_32bp                        
0     0000c518  Write_32                          
0     0000c53e  Fapi_issueAsyncCommand            
0     0000c562  Fapi_checkRegionForValue          
0     0000c585  Fapi_setupBankSectorEnable        
0     0000c5a6  Fapi_CheckLinkPointers            
0     0000c5c2  Fapi_flushPipeline                
0     0000c5d7  Fapi_issueFsmCommand              
0     0000c5e8  Fapi_regReadback                  
0     0000c5f8  Fapi_checkFsmForReady             
0     0000c605  Fapi_setActiveFlashBank           
0     0000c60b  Fapi_getFsmStatus                 
0     0000c60f  writeToFlash                      
0     0000c675  Example_EraseSector               
0     0000c6af  Flash_initModule                  
0     0000c707  FlashAPI_init                     
0     0000c726  ClearFSMStatus                    
0     0000c7b3  SysCtl_delay                      
0     0000c7b8  __stack                           
0     0000c9b8  __TI_STACK_END                    
0     0000e000  rxFIFO0Msg                        
0     0000e6e4  myADC0Results                     
0     0000e6f6  wDemandSumCntr                    
0     0000e6fa  frameCounter                      
0     0000e6fb  error                             
0     0000e6fc  cpuTimer1IntCount                 
0     0000e700  runtimeVoltageData                
0     0000e980  syncedVoltageData                 
0     0000ebd8  Buffer                            
0     0000efd8  receivedBuffer                    
0     0000f3d8  storedFrames                      
0     0000f7a8  rxMsg                             
0     0000faf0  branchData                        
0     0000fc00  k                                 
0     0000fc01  struct_size                       
0     0000fc02  max_curr                          
0     0000fc04  demand_chk_1sec                   
0     0000fc05  demand_chk_1hr                    
0     0000fc06  demand_chk_24hr                   
0     0000fc07  dww_RMS_Current                   
0     0000fc08  root                              
0     0000fc09  pinstate                          
0     0000fc0a  pinState                          
0     0000fc0b  countSample                       
0     0000fc0c  dwwMathBuff                       
0     0000fc0e  sFlag                             
0     0000fc40  Branch                            
0     0000fcc0  address                           
0     0000fcc2  datasize                          
0     0000fd00  pduManager                        
0     0000fd4d  firstBUFrameData                  
0     0000fd8d  retransmissionData                
0     0000fdcd  secondBUFrameData                 
0     0000fe0e  dw_CurrDemandSum                  
0     00080000  code_start                        
0     00080008  MCAN_msgRAMConfig                 
0     000801ca  adcA1ISR                          
0     00080344  PinMux_init                       
0     00080499  MCANConfig                        
0     000805c5  SysCtl_setClock                   
0     0008080a  myADC0_init                       
0     00080a2f  SysCtl_isPLLValid                 
0     00080b2d  MCANIntr1ISR                      
0     00080c25  MCAN_init                         
0     00080d15  GPIO_setAnalogMode                
0     00080e00  Device_enableAllPeripherals       
0     00080ed8  Device_init                       
0     00080f9d  main                              
0     0008105f  MCAN_setBitTime                   
0     00081118  handleMissingFrames               
0     000811bd  initBranchRuntime                 
0     00081261  processBUFrames                   
0     000812ff  MCAN_readMsgRam                   
0     00081397  dww_max_min_Calc                  
0     0008142b  processVoltageFrame               
0     000814b6  dww_demand_Calc                   
0     0008153f  __c28xabi_divf                    
0     000815c7  resetCANModule                    
0     0008164e  processBUBoardData                
0     000816cd  transmitGainFrames                
0     0008174b  myADC1_init                       
0     000817c8  MCAN_getRxFIFOStatus              
0     00081928  copyRxFIFO                        
0     00081999  transmit                          
0     00081a0a  sendBUFrameAcknowledgment         
0     00081a77  prepareFramesForTransmission      
0     00081ae1  sendCalibrationDataFormatVersion  
0     00081b4b  calibDataUpdateFailAck            
0     00081bb3  calibDataUpdateSuccessAck         
0     00081c1b  erasedBank4Ack                    
0     00081c83  maxRetriesExceeded                
0     00081ceb  writtenDefaultCalibrationValuesAck
0     00081d53  SysCtl_getClock                   
0     00081db8  copyVoltageRxFIFO                 
0     00081e16  sendDiscoveryMessage              
0     00081e73  startupfunc                       
0     00081ecf  MCAN_writeRxFIFOAck               
0     00081f29  writeDefaultCalibrationValues     
0     00081f81  MCAN_writeMsgRam                  
0     00081fd8  GPIO_setPadConfig                 
0     0008202a  findReadAndWriteAddress           
0     0008207b  MCAN_addStdMsgIDFilter            
0     000820ca  frameTrackingTimerISR             
0     00082119  eraseBank4                        
0     00082167  initDIPSwitchGPIO                 
0     000821b5  checkAddressChange                
0     00082202  SysCtl_selectOscSource            
0     0008228f  SysCtl_selectXTAL                 
0     0008231a  PGA_setOffsetTrimPMOS             
0     0008235e  PGA_setOffsetTrimNMOS             
0     0008239f  processBUSpecificMessage          
0     000823de  ADC_setVREF                       
0     0008241c  eraseSectorOrFindEmptySector      
0     0008245a  Interrupt_initModule              
0     0008250c  GPIO_setQualificationPeriod       
0     00082545  GPIO_setPinConfig                 
0     0008257c  GPIO_setQualificationMode         
0     000825b3  Interrupt_enable                  
0     000825ea  configCPUTimer                    
0     00082620  configureTimer2                   
0     00082655  initEPWM                          
0     00082689  MCAN_enableIntr                   
0     000826bc  MCAN_selectIntrLine               
0     000826ef  cpuTimer2ISR                      
0     00082721  GPIO_setDirectionMode             
0     00082752  __TI_decompress_lzss              
0     000827df  adc_init                          
0     0008280d  initCPUTimers                     
0     0008283b  MCAN_txBufAddReq                  
0     00082867  __TI_auto_init_nobinit_nopinit    
0     00082892  MCAN_enableIntrLine               
0     000828e4  C$$EXIT                           
0     000828e4  abort                             
0     000828e6  exit                              
0     0008290d  _system_post_cinit                
0     0008290e  sqrtf                             
0     00082935  SysCtl_selectXTALSingleEnded      
0     0008295a  dww_Loadper_Calc                  
0     0008297f  readCANAddress                    
0     00082a75  __c28xabi_divi                    
0     00082a86  __c28xabi_modi                    
0     00082b54  MCAN_clearNewDataStatus           
0     00082b73  MCAN_isMemInitDone                
0     00082b92  initFrameTracking                 
0     00082bed  Interrupt_initVectorTable         
0     00082c0b  ASysCtl_setAnalogReferenceInternal
0     00082c28  MCAN_getNewDataStatus             
0     00082c45  memcpy                            
0     00082cd2  dww_timer                         
0     00082d22  Device_initGPIO                   
0     00082d3c  MCAN_clearInterrupt               
0     00082d56  SysCtl_getLowSpeedClock           
0     00082d70  handleDiscoveryProcess            
0     00082d8a  resetFrameTrackingVariables       
0     00082dbd  MCAN_setOpMode                    
0     00082e21  handleGainRetransmission          
0     00082f21  MCAN_getOpMode                    
0     00082f7d  _c_int00                          
0     00082fd6  Interrupt_defaultHandler          
0     0008307f  MCAN_clearIntrStatus              
0     000830a9  configureGPIO28                   
0     000830be  processDiscoveryAck               
0     0008319b  MCAN_getMsgObjSize                
0     000831af  startDiscoveryTimer               
0     000831e9  CPUTimer_setEmulationMode         
0     000831fc  MCANIntrConfig                    
0     0008320f  MCAN_getIntrStatus                
0     00083222  MCAN_getTxBufReqPend              
0     00083235  isVoltageDataComplete             
0     0008326b  resetDiscoveryFlags               
0     000832c9  readDIPSwitch                     
0     000832e5  INTERRUPT_init                    
0     00083326  initializePDUManager              
0     00083333  adc_start_process                 
0     0008333f  processGainAcknowledgment         
0     0008334b  _args_main                        
0     00083357  startGainTransmissionRetry        
0     00083363  Board_init                        
0     00083384  syncReadWriteToWorking            
0     0008338f  ASYSCTL_init                      
0     00083399  Interrupt_illegalOperationHandler 
0     000833a3  Interrupt_nmiHandler              
0     000833ad  _register_unlock                  
0     000833b1  _register_lock                    
0     000833b5  _nop                              
0     000833b6  syncVoltageData                   
0     000833bf  Example_Error                     
0     000833c7  __TI_decompress_none              
0     000833fa  memset                            
0     00083413  __TI_zero_init                    
0     00083419  ADC_init                          
0     0008341e  FMSTAT_Fail                       
0     00083423  __error__                         
0     00083428  Example_Done                      
0     0008342c  _system_pre_init                  
0     00084476  __TI_Handler_Table_Base           
0     0008447c  __TI_Handler_Table_Limit          
0     00084480  __TI_CINIT_Base                   
0     00084488  __TI_CINIT_Limit                  
0     00084488  __TI_CINIT_Warm                   
abs   00000200  __TI_STACK_SIZE                   
abs   000007b7  RamfuncsLoadSize                  
abs   000007b7  RamfuncsRunSize                   
abs   0000c000  RamfuncsRunStart                  
abs   0000c7b7  RamfuncsRunEnd                    
abs   00083c80  RamfuncsLoadStart                 
abs   00084437  RamfuncsLoadEnd                   
abs   ffffffff  __TI_pprof_out_hndl               
abs   ffffffff  __TI_prof_data_size               
abs   ffffffff  __TI_prof_data_start              
n/a   UNDEFED   __c_args__                        

[260 symbols]
