******************************************************************************
             TMS320C2000 Linker PC v22.6.1                     
******************************************************************************
>> Linked Thu Jun 26 17:08:03 2025

OUTPUT FILE NAME:   <adc_ex2_soc_epwm.out>
ENTRY POINT SYMBOL: "code_start"  address: 00080000


MEMORY CONFIGURATION

         name            origin    length      used     unused   attr    fill
----------------------  --------  ---------  --------  --------  ----  --------
  BOOT_RSVD             00000002   00000126  00000000  00000126  RWIX
  RAMM0                 00000128   000002d8  00000000  000002d8  RWIX
  RAMM1                 00000400   00000400  00000000  00000400  RWIX
  CLATOCPURAM           00001480   00000080  00000000  00000080  RWIX
  CPUTOCLARAM           00001500   00000080  00000000  00000080  RWIX
  CLATODMARAM           00001680   00000080  00000000  00000080  RWIX
  DMATOCLARAM           00001700   00000080  00000000  00000080  RWIX
  RAMLS0                00008000   00000800  00000000  00000800  RWIX
  RAMLS1                00008800   00000800  00000000  00000800  RWIX
  RAMLS2                00009000   00000800  00000000  00000800  RWIX
  RAMLS3                00009800   00000800  00000000  00000800  RWIX
  RAMLS4                0000a000   00000800  00000000  00000800  RWIX
  RAMLS5                0000a800   00000800  0000008d  00000773  RWIX
  RAMLS6                0000b000   00000800  00000000  00000800  RWIX
  RAMLS7                0000b800   00000800  00000000  00000800  RWIX
  RAMGS0                0000c000   00002000  000009b7  00001649  RWIX
  RAMGS1                0000e000   00002000  00001dfe  00000202  RWIX
  RAMGS2                00010000   00002000  00000000  00002000  RWIX
  RAMGS3                00012000   00002000  00000000  00002000  RWIX
  RAMLS8                00014000   00002000  00000000  00002000  RWIX
  RAMLS9                00016000   00002000  00000000  00002000  RWIX
  BEGIN                 00080000   00000002  00000002  00000000  RWIX
  FLASH_BANK0           00080002   0001fffe  00004464  0001bb9a  RWIX
  FLASH_BANK1           000a0000   00020000  00000000  00020000  RWIX
  FLASH_BANK2           000c0000   00020000  00000000  00020000  RWIX
  FLASH_BANK3           000e0000   00020000  00000000  00020000  RWIX
  FLASH_BANK4           00100000   00007fff  00000000  00007fff  RWIX
  RESET                 003fffc0   00000002  00000000  00000002  RWIX


SECTION ALLOCATION MAP

 output                                  attributes/
section   page    origin      length       input sections
--------  ----  ----------  ----------   ----------------
codestart 
*          0    00080000    00000002     
                  00080000    00000002     f28p55x_codestartbranch.obj (codestart)

.cinit     0    00084420    00000050     
                  00084420    0000003e     (.cinit..data.load) [load image, compression = lzss]
                  0008445e    00000006     (__TI_handler_table)
                  00084464    00000004     (.cinit..bss.load) [load image, compression = zero_init]
                  00084468    00000008     (__TI_cinit_table)

.reset     0    003fffc0    00000000     DSECT

.data      0    0000a800    0000008d     UNINITIALIZED
                  0000a800    00000024     bu_adc.obj (.data:dwSumPhaseVolt)
                  0000a824    00000020     driverlib.lib : mcan.obj (.data:dataSize)
                  0000a844    00000018     adc_ex2_soc_epwm.obj (.data)
                  0000a85c    00000010     driverlib.lib : mcan.obj (.data:objSize)
                  0000a86c    00000009     runtime.obj (.data)
                  0000a875    00000001     bu_runtime.obj (.data)
                  0000a876    00000006     rts2800_fpu32_eabi.lib : exit.c.obj (.data)
                  0000a87c    00000004     bu_adc.obj (.data)
                  0000a880    00000003     can_module.obj (.data)
                  0000a883    00000003     timer_module.obj (.data)
                  0000a886    00000002     rts2800_fpu32_eabi.lib : _lock.c.obj (.data:_lock)
                  0000a888    00000002                            : _lock.c.obj (.data:_unlock)
                  0000a88a    00000002     board_module.obj (.data)
                  0000a88c    00000001     rts2800_fpu32_eabi.lib : errno.c.obj (.data)

.stack     0    0000c7b8    00000200     UNINITIALIZED
                  0000c7b8    00000200     --HOLE--

.bss       0    0000e000    00001dfe     UNINITIALIZED
                  0000e000    000006e4     adc_ex2_soc_epwm.obj (.bss:rxFIFO0Msg)
                  0000e6e4    00000002     can_module.obj (.bss)
                  0000e6e6    00000001     timer_module.obj (.bss)
                  0000e6e7    00000019     --HOLE--
                  0000e700    000004d8     runtime.obj (.bss)
                  0000ebd8    00000400     adc_ex2_soc_epwm.obj (.bss:Buffer)
                  0000efd8    00000400     adc_ex2_soc_epwm.obj (.bss:receivedBuffer)
                  0000f3d8    000003cf     adc_ex2_soc_epwm.obj (.bss:storedFrames)
                  0000f7a7    00000001     --HOLE--
                  0000f7a8    00000348     adc_ex2_soc_epwm.obj (.bss:rxMsg)
                  0000faf0    0000010e     bu_runtime.obj (.bss:branchData)
                  0000fbfe    00000002     --HOLE--
                  0000fc00    0000008d     adc_ex2_soc_epwm.obj (.bss)
                  0000fc8d    00000001     --HOLE--
                  0000fc8e    00000024     bu_adc.obj (.bss:myADCResults)
                  0000fcb2    0000000e     --HOLE--
                  0000fcc0    0000007e     bu_adc.obj (.bss)
                  0000fd3e    00000040     can_module.obj (.bss:firstBUFrameData)
                  0000fd7e    00000040     adc_ex2_soc_epwm.obj (.bss:retransmissionData)
                  0000fdbe    00000040     can_module.obj (.bss:secondBUFrameData)

.init_array 
*          0    00080008    00000000     UNINITIALIZED

.const     0    00083408    0000085e     
                  00083408    0000009b     driverlib.lib : flash.obj (.const:.string)
                  000834a3    00000001     --HOLE-- [fill = 0]
                  000834a4    0000009a                   : sysctl.obj (.const:.string)
                  0008353e    00000098                   : gpio.obj (.const:.string)
                  000835d6    00000097                   : adc.obj (.const:.string)
                  0008366d    00000001     --HOLE-- [fill = 0]
                  0008366e    0000008c     board_module.obj (.const:.string)
                  000836fa    0000008b     board.obj (.const:.string)
                  00083785    00000001     --HOLE-- [fill = 0]
                  00083786    00000088     bu_adc.obj (.const:.string)
                  0008380e    00000059     device.obj (.const:.string)
                  00083867    00000001     --HOLE-- [fill = 0]
                  00083868    00000050     driverlib.lib : cputimer.obj (.const:.string)
                  000838b8    0000004f                   : asysctl.obj (.const:.string)
                  00083907    00000001     --HOLE-- [fill = 0]
                  00083908    0000004c                   : mcan.obj (.const:.string)
                  00083954    0000004b                   : pga.obj (.const:.string)
                  0008399f    00000001     --HOLE-- [fill = 0]
                  000839a0    00000048     can_module.obj (.const:.string)
                  000839e8    00000048     timer_module.obj (.const:.string)
                  00083a30    00000040     can_module.obj (.const:$P$T0$1)
                  00083a70    00000040     can_module.obj (.const:$P$T1$2)
                  00083ab0    00000040     can_module.obj (.const:$P$T2$3)
                  00083af0    00000040     utilities.obj (.const:$P$T2$3)
                  00083b30    00000040     can_module.obj (.const:$P$T3$4)
                  00083b70    00000040     utilities.obj (.const:$P$T3$4)
                  00083bb0    00000040     utilities.obj (.const:$P$T4$5)
                  00083bf0    00000040     utilities.obj (.const:$P$T5$6)
                  00083c30    00000010     --HOLE-- [fill = 0]
                  00083c40    00000026     flash_module.obj (.const)

.TI.ramfunc 
*          0    00083c68    000007b7     RUN ADDR = 0000c000
                  00083c68    00000189     FAPI_F28P55x_EABI_v4.00.00.lib : Program.obj (.text:Fapi_issueProgrammingCommand)
                  00083df1    0000017a                                    : Init.obj (.text:Fapi_initializeAPI)
                  00083f6b    00000072                                    : Read.obj (.text:Fapi_loopRegionForValue)
                  00083fdd    0000004e                                    : BlankCheck.obj (.text:Fapi_doBlankCheck)
                  0008402b    00000042                                    : Async.obj (.text:Fapi_issueBankEraseCommand)
                  0008406d    0000003c                                    : FlashStateMachine.obj (.text:Fapi_isAddressEcc)
                  000840a9    0000003b                                    : Utilities.obj (.text:Fapi_isAddressValid)
                  000840e4    0000003a                                    : Async.obj (.text:Fapi_issueAsyncCommandWithAddress)
                  0008411e    00000038                                    : Verify.obj (.text:Fapi_doVerify)
                  00084156    0000002a                                    : Utilities.obj (.text:Write_32bp)
                  00084180    00000026                                    : Utilities.obj (.text:Write_32)
                  000841a6    00000024                                    : Async.obj (.text:Fapi_issueAsyncCommand)
                  000841ca    00000023                                    : Read.obj (.text:Fapi_checkRegionForValue)
                  000841ed    00000021                                    : FlashStateMachine.obj (.text:Fapi_setupBankSectorEnable)
                  0008420e    0000001c                                    : FlashStateMachine.obj (.text:Fapi_CheckLinkPointers)
                  0008422a    00000015                                    : Read.obj (.text:Fapi_flushPipeline)
                  0008423f    00000011                                    : FlashStateMachine.obj (.text:Fapi_issueFsmCommand)
                  00084250    00000010                                    : Utilities.obj (.text:Fapi_regReadback)
                  00084260    0000000d                                    : FlashStateMachine.obj (.text:Fapi_checkFsmForReady)
                  0008426d    00000006                                    : FlashStateMachine.obj (.text:Fapi_setActiveFlashBank)
                  00084273    00000004                                    : FlashStateMachine.obj (.text:Fapi_getFsmStatus)
                  00084277    00000066     flash_module.obj (.TI.ramfunc:writeToFlash)
                  000842dd    0000003a     flash_module.obj (.TI.ramfunc:Example_EraseSector)
                  00084317    00000036     driverlib.lib : flash.obj (.TI.ramfunc:Flash_initModule)
                  0008434d    00000022                   : flash.obj (.TI.ramfunc:Flash_setWaitstates)
                  0008436f    0000001f     flash_module.obj (.TI.ramfunc:FlashAPI_init)
                  0008438e    0000001c     flash_module.obj (.TI.ramfunc:ClearFSMStatus)
                  000843aa    00000018     driverlib.lib : flash.obj (.TI.ramfunc:Flash_disableCache)
                  000843c2    00000017                   : flash.obj (.TI.ramfunc:Flash_disablePrefetch)
                  000843d9    00000016                   : flash.obj (.TI.ramfunc:Flash_enableCache)
                  000843ef    00000016                   : flash.obj (.TI.ramfunc:Flash_enableECC)
                  00084405    00000016                   : flash.obj (.TI.ramfunc:Flash_enablePrefetch)
                  0008441b    00000004                   : sysctl.obj (.TI.ramfunc)

.text      0    00080008    000033ff     
                  00080008    000001c2     driverlib.lib : mcan.obj (.text:MCAN_msgRAMConfig)
                  000801ca    0000016e     bu_adc.obj (.text:adcA1ISR)
                  00080338    00000155     board.obj (.text:PinMux_init)
                  0008048d    0000012f     bu_runtime.obj (.text:prepareBranchFrame)
                  000805bc    0000012c     can_module.obj (.text:MCANConfig)
                  000806e8    00000123     driverlib.lib : sysctl.obj (.text:SysCtl_setClock)
                  0008080b    00000122                   : mcan.obj (.text:MCAN_writeMsg)
                  0008092d    0000011e     board.obj (.text:myADC0_init)
                  00080a4b    00000107     driverlib.lib : mcan.obj (.text:MCAN_readMsg)
                  00080b52    000000fe                   : sysctl.obj (.text:SysCtl_isPLLValid)
                  00080c50    000000f8     can_module.obj (.text:MCANIntr1ISR)
                  00080d48    000000f0     driverlib.lib : mcan.obj (.text:MCAN_init)
                  00080e38    000000eb                   : gpio.obj (.text:GPIO_setAnalogMode)
                  00080f23    000000d8     device.obj (.text:Device_enableAllPeripherals)
                  00080ffb    000000c5     device.obj (.text:Device_init)
                  000810c0    000000c2     adc_ex2_soc_epwm.obj (.text:main)
                  00081182    000000b9     driverlib.lib : mcan.obj (.text:MCAN_setBitTime)
                  0008123b    000000a5     can_module.obj (.text:handleMissingFrames)
                  000812e0    000000a4     bu_runtime.obj (.text:initBranchRuntime)
                  00081384    0000009e     can_module.obj (.text:processBUFrames)
                  00081422    00000098     driverlib.lib : mcan.obj (.text:MCAN_readMsgRam)
                  000814ba    0000008b     runtime.obj (.text:processVoltageFrame)
                  00081545    00000088     rts2800_fpu32_eabi.lib : fs_div28.asm.obj (.text)
                  000815cd    00000087     can_module.obj (.text:resetCANModule)
                  00081654    0000007f     board_module.obj (.text:processBUBoardData)
                  000816d3    0000007e     can_module.obj (.text:transmitGainFrames)
                  00081751    0000007d     board.obj (.text:myADC1_init)
                  000817ce    00000078     driverlib.lib : mcan.obj (.text:MCAN_getRxFIFOStatus)
                  00081846    00000075     bu_adc.obj (.text:EPWM_setADCTriggerSource)
                  000818bb    00000073     driverlib.lib : sysctl.obj (.text:DCC_setCounterSeeds)
                  0008192e    00000071     can_module.obj (.text:copyRxFIFO)
                  0008199f    00000071     can_module.obj (.text:transmit)
                  00081a10    0000006d     can_module.obj (.text:sendBUFrameAcknowledgment)
                  00081a7d    0000006a     can_module.obj (.text:prepareFramesForTransmission)
                  00081ae7    0000006a     can_module.obj (.text:sendCalibrationDataFormatVersion)
                  00081b51    00000068     utilities.obj (.text:calibDataUpdateFailAck)
                  00081bb9    00000068     utilities.obj (.text:calibDataUpdateSuccessAck)
                  00081c21    00000068     utilities.obj (.text:erasedBank4Ack)
                  00081c89    00000068     can_module.obj (.text:maxRetriesExceeded)
                  00081cf1    00000068     utilities.obj (.text:writtenDefaultCalibrationValuesAck)
                  00081d59    00000065     driverlib.lib : sysctl.obj (.text:SysCtl_getClock)
                  00081dbe    00000065     bu_runtime.obj (.text:transmitBranchParameters)
                  00081e23    0000005e     runtime.obj (.text:copyVoltageRxFIFO)
                  00081e81    0000005e     board_module.obj (.text:startupfunc)
                  00081edf    0000005d     can_module.obj (.text:sendDiscoveryMessage)
                  00081f3c    0000005a     driverlib.lib : mcan.obj (.text:MCAN_writeRxFIFOAck)
                  00081f96    00000058     flash_module.obj (.text:writeDefaultCalibrationValues)
                  00081fee    00000057     driverlib.lib : mcan.obj (.text:MCAN_writeMsgRam)
                  00082045    00000052                   : gpio.obj (.text:GPIO_setPadConfig)
                  00082097    00000051     flash_module.obj (.text:findReadAndWriteAddress)
                  000820e8    0000004f     driverlib.lib : mcan.obj (.text:MCAN_addStdMsgIDFilter)
                  00082137    0000004f     timer_module.obj (.text:frameTrackingTimerISR)
                  00082186    0000004e     flash_module.obj (.text:eraseBank4)
                  000821d4    0000004e     board_module.obj (.text:initDIPSwitchGPIO)
                  00082222    0000004d     board_module.obj (.text:checkAddressChange)
                  0008226f    00000047     driverlib.lib : sysctl.obj (.text:SysCtl_selectOscSource)
                  000822b6    00000046     board.obj (.text:ADC_setupSOC)
                  000822fc    00000046     driverlib.lib : sysctl.obj (.text:SysCtl_selectXTAL)
                  00082342    00000045                   : sysctl.obj (.text:SysCtl_pollX1Counter)
                  00082387    00000044                   : pga.obj (.text:PGA_setOffsetTrimPMOS)
                  000823cb    00000041                   : pga.obj (.text:PGA_setOffsetTrimNMOS)
                  0008240c    0000003f     can_module.obj (.text:processBUSpecificMessage)
                  0008244b    0000003e     driverlib.lib : adc.obj (.text:ADC_setVREF)
                  00082489    0000003e     flash_module.obj (.text:eraseSectorOrFindEmptySector)
                  000824c7    0000003d     driverlib.lib : interrupt.obj (.text:Interrupt_initModule)
                  00082504    0000003b     bu_adc.obj (.text:EPWM_isBaseValid)
                  0008253f    0000003a     bu_adc.obj (.text:EPWM_setADCTriggerEventPrescale)
                  00082579    00000039     driverlib.lib : gpio.obj (.text:GPIO_setQualificationPeriod)
                  000825b2    00000039     bu_adc.obj (.text:initEPWM)
                  000825eb    00000037     driverlib.lib : gpio.obj (.text:GPIO_setPinConfig)
                  00082622    00000037                   : gpio.obj (.text:GPIO_setQualificationMode)
                  00082659    00000037                   : interrupt.obj (.text:Interrupt_enable)
                  00082690    00000036     timer_module.obj (.text:configCPUTimer)
                  000826c6    00000035     timer_module.obj (.text:configureTimer2)
                  000826fb    00000033     driverlib.lib : mcan.obj (.text:MCAN_enableIntr)
                  0008272e    00000033                   : mcan.obj (.text:MCAN_selectIntrLine)
                  00082761    00000032     timer_module.obj (.text:cpuTimer2ISR)
                  00082793    00000031     driverlib.lib : gpio.obj (.text:GPIO_setDirectionMode)
                  000827c4    00000030     rts2800_fpu32_eabi.lib : copy_decompress_lzss.c.obj (.text:decompress:lzss)
                  000827f4    0000002f     board.obj (.text:ADC_setInterruptSource)
                  00082823    0000002e     board.obj (.text:ADC_setInterruptSOCTrigger)
                  00082851    0000002e     timer_module.obj (.text:initCPUTimers)
                  0008287f    0000002c     driverlib.lib : mcan.obj (.text:MCAN_txBufAddReq)
                  000828ab    0000002b     rts2800_fpu32_eabi.lib : autoinit.c.obj (.text:__TI_auto_init_nobinit_nopinit)
                  000828d6    00000029     driverlib.lib : mcan.obj (.text:MCAN_enableIntrLine)
                  000828ff    00000029     board_module.obj (.text:SysCtl_setMCANClk)
                  00082928    00000029     rts2800_fpu32_eabi.lib : exit.c.obj (.text)
                  00082951    00000001                            : startup.c.obj (.text)
                  00082952    00000027                            : e_sqrtf.c.obj (.text)
                  00082979    00000026     bu_runtime.obj (.text:startBranchTransmission)
                  0008299f    00000025     driverlib.lib : sysctl.obj (.text:SysCtl_selectXTALSingleEnded)
                  000829c4    00000025     board_module.obj (.text:readCANAddress)
                  000829e9    00000024     driverlib.lib : sysctl.obj (.text:DCC_enableSingleShotMode)
                  00082a0d    00000023     board_module.obj (.text:GPIO_isPinValid)
                  00082a30    00000023     driverlib.lib : gpio.obj (.text:GPIO_isPinValid)
                  00082a53    00000023     board_module.obj (.text:GPIO_readPin)
                  00082a76    00000022     bu_adc.obj (.text:ADC_readResult)
                  00082a98    00000022     bu_adc.obj (.text:EPWM_setCounterCompareValue)
                  00082aba    00000021     board.obj (.text:ADC_disableContinuousMode)
                  00082adb    00000020     board.obj (.text:ADC_enableInterrupt)
                  00082afb    0000001f     bu_adc.obj (.text:ADC_getInterruptOverflowStatus)
                  00082b1a    0000001f     board.obj (.text:ADC_isBaseValid)
                  00082b39    0000001f     bu_adc.obj (.text:ADC_isBaseValid)
                  00082b58    0000001f     driverlib.lib : adc.obj (.text:ADC_isBaseValid)
                  00082b77    0000001f                   : mcan.obj (.text:MCAN_clearNewDataStatus)
                  00082b96    0000001f                   : mcan.obj (.text:MCAN_isMemInitDone)
                  00082bb5    0000001f     timer_module.obj (.text:initFrameTracking)
                  00082bd4    0000001e     driverlib.lib : sysctl.obj (.text:DCC_setCounter0ClkSource)
                  00082bf2    0000001e                   : sysctl.obj (.text:DCC_setCounter1ClkSource)
                  00082c10    0000001e                   : interrupt.obj (.text:Interrupt_initVectorTable)
                  00082c2e    0000001d                   : asysctl.obj (.text:ASysCtl_setAnalogReferenceInternal)
                  00082c4b    0000001d                   : mcan.obj (.text:MCAN_getNewDataStatus)
                  00082c68    0000001d     rts2800_fpu32_eabi.lib : memcpy.c.obj (.text)
                  00082c85    0000001c     board.obj (.text:ADC_setSOCPriority)
                  00082ca1    0000001c     bu_adc.obj (.text:EPWM_disableADCTrigger)
                  00082cbd    0000001c     bu_adc.obj (.text:EPWM_enableADCTrigger)
                  00082cd9    0000001c     bu_adc.obj (.text:EPWM_setClockPrescaler)
                  00082cf5    0000001a     board_module.obj (.text:CPUTimer_startTimer)
                  00082d0f    0000001a     timer_module.obj (.text:CPUTimer_startTimer)
                  00082d29    0000001a     device.obj (.text:Device_initGPIO)
                  00082d43    0000001a     driverlib.lib : mcan.obj (.text:MCAN_clearInterrupt)
                  00082d5d    0000001a                   : sysctl.obj (.text:SysCtl_getLowSpeedClock)
                  00082d77    0000001a     board_module.obj (.text:handleDiscoveryProcess)
                  00082d91    0000001a     board_module.obj (.text:resetFrameTrackingVariables)
                  00082dab    00000019     board.obj (.text:ASysCtl_setAnalogReference1P65)
                  00082dc4    00000019     driverlib.lib : mcan.obj (.text:MCAN_setOpMode)
                  00082ddd    00000019                   : mcan.obj (.text:MCAN_writeProtectedRegAccessLock)
                  00082df6    00000019                   : mcan.obj (.text:MCAN_writeProtectedRegAccessUnlock)
                  00082e0f    00000019                   : sysctl.obj (.text:SysCtl_setPLLSysClk)
                  00082e28    00000019     board_module.obj (.text:handleGainRetransmission)
                  00082e41    00000017     bu_adc.obj (.text:ADC_clearInterruptOverflowStatus)
                  00082e58    00000017     board.obj (.text:ADC_clearInterruptStatus)
                  00082e6f    00000017     bu_adc.obj (.text:ADC_clearInterruptStatus)
                  00082e86    00000017     board_module.obj (.text:CPUTimer_isBaseValid)
                  00082e9d    00000017     can_module.obj (.text:CPUTimer_isBaseValid)
                  00082eb4    00000017     driverlib.lib : cputimer.obj (.text:CPUTimer_isBaseValid)
                  00082ecb    00000017     timer_module.obj (.text:CPUTimer_isBaseValid)
                  00082ee2    00000017     timer_module.obj (.text:CPUTimer_setPreScaler)
                  00082ef9    00000017     driverlib.lib : mcan.obj (.text:HW_WR_FIELD32_RAW)
                  00082f10    00000017                   : mcan.obj (.text:MCAN_getOpMode)
                  00082f27    00000017                   : pga.obj (.text:PGA_isBaseValid)
                  00082f3e    00000017     device.obj (.text:SysCtl_enablePeripheral)
                  00082f55    00000017     driverlib.lib : sysctl.obj (.text:SysCtl_enablePeripheral)
                  00082f6c    00000017     rts2800_fpu32_eabi.lib : boot28.asm.obj (.text)
                  00082f83    00000016     board.obj (.text:ADC_setInterruptPulseMode)
                  00082f99    00000016     board.obj (.text:ADC_setPrescaler)
                  00082faf    00000016     driverlib.lib : sysctl.obj (.text:DCC_disableDoneSignal)
                  00082fc5    00000016                   : interrupt.obj (.text:Interrupt_defaultHandler)
                  00082fdb    00000015     board.obj (.text:ADC_disableBurstMode)
                  00082ff0    00000015     timer_module.obj (.text:CPUTimer_enableInterrupt)
                  00083005    00000015     driverlib.lib : sysctl.obj (.text:DCC_clearDoneFlag)
                  0008301a    00000015                   : sysctl.obj (.text:DCC_clearErrorFlag)
                  0008302f    00000015                   : sysctl.obj (.text:DCC_disableErrorSignal)
                  00083044    00000015                   : sysctl.obj (.text:DCC_isBaseValid)
                  00083059    00000015     device.obj (.text:GPIO_unlockPortConfig)
                  0008306e    00000015     driverlib.lib : mcan.obj (.text:MCAN_clearIntrStatus)
                  00083083    00000015                   : mcan.obj (.text:MCAN_isBaseValid)
                  00083098    00000015     can_module.obj (.text:processDiscoveryAck)
                  000830ad    00000014     board_module.obj (.text:CPUTimer_reloadTimerCounter)
                  000830c1    00000014     timer_module.obj (.text:CPUTimer_reloadTimerCounter)
                  000830d5    00000014     board_module.obj (.text:CPUTimer_stopTimer)
                  000830e9    00000014     can_module.obj (.text:CPUTimer_stopTimer)
                  000830fd    00000014     timer_module.obj (.text:CPUTimer_stopTimer)
                  00083111    00000014     driverlib.lib : sysctl.obj (.text:DCC_disableModule)
                  00083125    00000014                   : sysctl.obj (.text:DCC_enableModule)
                  00083139    00000014     bu_adc.obj (.text:EPWM_setTimeBaseCounterMode)
                  0008314d    00000014     bu_adc.obj (.text:EPWM_setTimeBasePeriod)
                  00083161    00000014     driverlib.lib : mcan.obj (.text:MCAN_getDataSize)
                  00083175    00000014                   : mcan.obj (.text:MCAN_getMsgObjSize)
                  00083189    00000014     timer_module.obj (.text:startDiscoveryTimer)
                  0008319d    00000013     board.obj (.text:ADC_enableAltDMATiming)
                  000831b0    00000013     board.obj (.text:ADC_enableConverter)
                  000831c3    00000013     driverlib.lib : cputimer.obj (.text:CPUTimer_setEmulationMode)
                  000831d6    00000013     can_module.obj (.text:MCANIntrConfig)
                  000831e9    00000013     driverlib.lib : mcan.obj (.text:MCAN_getIntrStatus)
                  000831fc    00000013                   : mcan.obj (.text:MCAN_getTxBufReqPend)
                  0008320f    00000013     runtime.obj (.text:isVoltageDataComplete)
                  00083222    00000012     bu_adc.obj (.text:EPWM_setTimeBaseCounter)
                  00083234    00000011     timer_module.obj (.text:CPUTimer_setPeriod)
                  00083245    00000011     board_module.obj (.text:resetDiscoveryFlags)
                  00083256    00000010     driverlib.lib : flash.obj (.text:Flash_isCtrlBaseValid)
                  00083266    00000010                   : flash.obj (.text:Flash_isECCBaseValid)
                  00083276    0000000f     board.obj (.text:Interrupt_register)
                  00083285    0000000f     can_module.obj (.text:Interrupt_register)
                  00083294    0000000f     timer_module.obj (.text:Interrupt_register)
                  000832a3    0000000f     board_module.obj (.text:readDIPSwitch)
                  000832b2    0000000d     driverlib.lib : mcan.obj (.text:HW_RD_FIELD32_RAW)
                  000832bf    0000000d     board.obj (.text:INTERRUPT_init)
                  000832cc    0000000d     driverlib.lib : interrupt.obj (.text:Interrupt_disableGlobal)
                  000832d9    0000000d     can_module.obj (.text:Interrupt_enableGlobal)
                  000832e6    0000000d     driverlib.lib : interrupt.obj (.text:Interrupt_enableGlobal)
                  000832f3    0000000d     device.obj (.text:SysCtl_setLowSpeedClock)
                  00083300    0000000d     utilities.obj (.text:initializePDUManager)
                  0008330d    0000000c     can_module.obj (.text:processGainAcknowledgment)
                  00083319    0000000c     rts2800_fpu32_eabi.lib : args_main.c.obj (.text)
                  00083325    0000000c     timer_module.obj (.text:startGainTransmissionRetry)
                  00083331    0000000b     board.obj (.text:Board_init)
                  0008333c    0000000b     device.obj (.text:SysCtl_disableWatchdog)
                  00083347    0000000b     driverlib.lib : sysctl.obj (.text:SysCtl_isMCDClockFailureDetected)
                  00083352    0000000b     rts2800_fpu32_eabi.lib : u_div28.asm.obj (.text)
                  0008335d    0000000b     utilities.obj (.text:syncReadWriteToWorking)
                  00083368    0000000a     board.obj (.text:ASYSCTL_init)
                  00083372    0000000a     driverlib.lib : interrupt.obj (.text:Interrupt_illegalOperationHandler)
                  0008337c    0000000a                   : interrupt.obj (.text:Interrupt_nmiHandler)
                  00083386    00000009     rts2800_fpu32_eabi.lib : _lock.c.obj (.text)
                  0008338f    00000009     runtime.obj (.text:syncVoltageData)
                  00083398    00000008     flash_module.obj (.text:Example_Error)
                  000833a0    00000008     rts2800_fpu32_eabi.lib : copy_decompress_none.c.obj (.text:decompress:none)
                  000833a8    00000008     f28p55x_codestartbranch.obj (.text)
                  000833b0    00000007     board.obj (.text:ASysCtl_disableTemperatureSensor)
                  000833b7    00000007     device.obj (.text:ASysCtl_lockVREG)
                  000833be    00000007     driverlib.lib : mcan.obj (.text:HW_RD_REG32_RAW)
                  000833c5    00000007                   : mcan.obj (.text:HW_WR_REG32_RAW)
                  000833cc    00000007                   : sysctl.obj (.text:SysCtl_resetMCD)
                  000833d3    00000007     rts2800_fpu32_eabi.lib : memset.c.obj (.text)
                  000833da    00000006     bu_adc.obj (.text:Interrupt_clearACKGroup)
                  000833e0    00000006     can_module.obj (.text:Interrupt_clearACKGroup)
                  000833e6    00000006     timer_module.obj (.text:Interrupt_clearACKGroup)
                  000833ec    00000006     rts2800_fpu32_eabi.lib : copy_zero_init.c.obj (.text:decompress:ZI)
                  000833f2    00000005     board.obj (.text:ADC_init)
                  000833f7    00000005     flash_module.obj (.text:FMSTAT_Fail)
                  000833fc    00000005     device.obj (.text:__error__)
                  00083401    00000004     flash_module.obj (.text:Example_Done)
                  00083405    00000002     rts2800_fpu32_eabi.lib : pre_init.c.obj (.text)

MODULE SUMMARY

       Module                        code    ro data   rw data
       ------                        ----    -------   -------
    .\
       adc_ex2_soc_epwm.obj          194     0         5856   
       can_module.obj                2068    328       133    
       runtime.obj                   261     0         1249   
       bu_adc.obj                    981     136       202    
       bu_runtime.obj                606     0         271    
       board_module.obj              722     140       2      
       flash_module.obj              764     38        0      
       utilities.obj                 440     256       0      
       timer_module.obj              516     72        4      
    +--+-----------------------------+-------+---------+---------+
       Total:                        6552    970       7717   
                                                              
    .\device\
       device.obj                    519     89        0      
       f28p55x_codestartbranch.obj   10      0         0      
    +--+-----------------------------+-------+---------+---------+
       Total:                        529     89        0      
                                                              
    .\syscfg\
       board.obj                     1251    139       0      
    +--+-----------------------------+-------+---------+---------+
       Total:                        1251    139       0      
                                                              
    ../driverlib.lib
       mcan.obj                      2528    76        48     
       sysctl.obj                    1350    154       0      
       gpio.obj                      568     152       0      
       flash.obj                     434     155       0      
       adc.obj                       93      151       0      
       pga.obj                       156     75        0      
       interrupt.obj                 214     0         0      
       cputimer.obj                  42      80        0      
       asysctl.obj                   29      79        0      
    +--+-----------------------------+-------+---------+---------+
       Total:                        5414    922       48     
                                                              
    C:/ti/c2000/C2000Ware_5_03_00_00/libraries/flash_api/f28p55x/lib/FAPI_F28P55x_EABI_v4.00.00.lib
       Program.obj                   786     0         0      
       Init.obj                      756     0         0      
       Read.obj                      340     0         0      
       FlashStateMachine.obj         322     0         0      
       Async.obj                     320     0         0      
       Utilities.obj                 310     0         0      
       BlankCheck.obj                156     0         0      
       Verify.obj                    112     0         0      
    +--+-----------------------------+-------+---------+---------+
       Total:                        3102    0         0      
                                                              
    C:\ti\ccs1281\ccs\tools\compiler\ti-cgt-c2000_22.6.1.LTS\lib\rts2800_fpu32_eabi.lib
       fs_div28.asm.obj              136     0         0      
       copy_decompress_lzss.c.obj    48      0         0      
       exit.c.obj                    41      0         6      
       autoinit.c.obj                43      0         0      
       e_sqrtf.c.obj                 39      0         0      
       memcpy.c.obj                  29      0         0      
       boot28.asm.obj                23      0         0      
       _lock.c.obj                   9       0         4      
       args_main.c.obj               12      0         0      
       u_div28.asm.obj               11      0         0      
       copy_decompress_none.c.obj    8       0         0      
       memset.c.obj                  7       0         0      
       copy_zero_init.c.obj          6       0         0      
       pre_init.c.obj                2       0         0      
       errno.c.obj                   0       0         1      
       startup.c.obj                 1       0         0      
    +--+-----------------------------+-------+---------+---------+
       Total:                        415     0         11     
                                                              
       Stack:                        0       0         512    
       Linker Generated:             0       80        0      
    +--+-----------------------------+-------+---------+---------+
       Grand Total:                  17263   2200      8288   


LINKER GENERATED COPY TABLES

__TI_cinit_table @ 00084468 records: 2, size/record: 4, table size: 8
	.data: load addr=00084420, load size=0000003e bytes, run addr=0000a800, run size=0000008d bytes, compression=lzss
	.bss: load addr=00084464, load size=00000004 bytes, run addr=0000e000, run size=00001dfe bytes, compression=zero_init


LINKER GENERATED HANDLER TABLE

__TI_handler_table @ 0008445e records: 3, size/record: 2, table size: 6
	index: 0, handler: __TI_zero_init
	index: 1, handler: __TI_decompress_lzss
	index: 2, handler: __TI_decompress_none


GLOBAL DATA SYMBOLS: SORTED BY DATA PAGE

address     data page           name
--------    ----------------    ----
0000a844     2a1 (0000a840)     newestData
0000a845     2a1 (0000a840)     oldestData
0000a846     2a1 (0000a840)     emptySectorFound
0000a847     2a1 (0000a840)     flashWriteEnabled
0000a848     2a1 (0000a840)     CommandReceived
0000a849     2a1 (0000a840)     updateFailed
0000a84a     2a1 (0000a840)     bufferFull
0000a84b     2a1 (0000a840)     discoveryInProgress
0000a84c     2a1 (0000a840)     discoveryAckReceived
0000a84d     2a1 (0000a840)     timerExpired
0000a84e     2a1 (0000a840)     allFramesReceived
0000a84f     2a1 (0000a840)     requestRetransmission
0000a850     2a1 (0000a840)     receivedFramesMask
0000a851     2a1 (0000a840)     retryCounter
0000a852     2a1 (0000a840)     discoveryRetryCount
0000a854     2a1 (0000a840)     Buffer32
0000a856     2a1 (0000a840)     addressToWrite
0000a858     2a1 (0000a840)     writeAddress
0000a85a     2a1 (0000a840)     readAddress
0000a86c     2a1 (0000a840)     voltageDataReady
0000a86d     2a1 (0000a840)     voltageFrameReceived
0000a86e     2a1 (0000a840)     allVoltagesReceived
0000a876     2a1 (0000a840)     __TI_enable_exit_profile_output
0000a878     2a1 (0000a840)     __TI_cleanup_ptr
0000a87a     2a1 (0000a840)     __TI_dtors_ptr
0000a87c     2a1 (0000a840)     m

0000a880     2a2 (0000a880)     firstBUFrameReceived
0000a881     2a2 (0000a880)     secondBUFrameReceived
0000a882     2a2 (0000a880)     sequenceStarted
0000a883     2a2 (0000a880)     timer2Expired
0000a884     2a2 (0000a880)     gainAckReceived
0000a885     2a2 (0000a880)     retryCount
0000a886     2a2 (0000a880)     _lock
0000a888     2a2 (0000a880)     _unlock
0000a88c     2a2 (0000a880)     errno

0000c7b8     31e (0000c780)     __stack

0000e000     380 (0000e000)     rxFIFO0Msg

0000e6e4     39b (0000e6c0)     frameCounter
0000e6e5     39b (0000e6c0)     error
0000e6e6     39b (0000e6c0)     cpuTimer1IntCount

0000e700     39c (0000e700)     runtimeVoltageData

0000e980     3a6 (0000e980)     syncedVoltageData

0000ebd8     3af (0000ebc0)     Buffer

0000efd8     3bf (0000efc0)     receivedBuffer

0000f3d8     3cf (0000f3c0)     storedFrames

0000f7a8     3de (0000f780)     rxMsg

0000faf0     3eb (0000fac0)     branchData

0000fc00     3f0 (0000fc00)     address
0000fc02     3f0 (0000fc00)     datasize

0000fc40     3f1 (0000fc40)     pduManager

0000fcc0     3f3 (0000fcc0)     Branch

0000fd3e     3f4 (0000fd00)     firstBUFrameData

0000fd7e     3f5 (0000fd40)     retransmissionData

0000fdbe     3f6 (0000fd80)     secondBUFrameData


GLOBAL SYMBOLS: SORTED ALPHABETICALLY BY Name 

page  address   name                              
----  -------   ----                              
0     000833f2  ADC_init                          
0     0008244b  ADC_setVREF                       
0     00083368  ASYSCTL_init                      
0     00082c2e  ASysCtl_setAnalogReferenceInternal
0     00083331  Board_init                        
0     0000fcc0  Branch                            
0     0000ebd8  Buffer                            
0     0000a854  Buffer32                          
0     00082928  C$$EXIT                           
0     000831c3  CPUTimer_setEmulationMode         
0     0000c726  ClearFSMStatus                    
0     0000a848  CommandReceived                   
0     00080f23  Device_enableAllPeripherals       
0     00080ffb  Device_init                       
0     00082d29  Device_initGPIO                   
0     00083401  Example_Done                      
0     0000c675  Example_EraseSector               
0     00083398  Example_Error                     
0     000833f7  FMSTAT_Fail                       
0     0000c5a6  Fapi_CheckLinkPointers            
0     0000c5f8  Fapi_checkFsmForReady             
0     0000c562  Fapi_checkRegionForValue          
0     0000c375  Fapi_doBlankCheck                 
0     0000c4b6  Fapi_doVerify                     
0     0000c5c2  Fapi_flushPipeline                
0     0000c60b  Fapi_getFsmStatus                 
0     0000c189  Fapi_initializeAPI                
0     0000c405  Fapi_isAddressEcc                 
0     0000c441  Fapi_isAddressValid               
0     0000c53e  Fapi_issueAsyncCommand            
0     0000c47c  Fapi_issueAsyncCommandWithAddress 
0     0000c3c3  Fapi_issueBankEraseCommand        
0     0000c5d7  Fapi_issueFsmCommand              
0     0000c000  Fapi_issueProgrammingCommand      
0     0000c303  Fapi_loopRegionForValue           
0     0000c5e8  Fapi_regReadback                  
0     0000c605  Fapi_setActiveFlashBank           
0     0000c585  Fapi_setupBankSectorEnable        
0     0000c707  FlashAPI_init                     
0     0000c6af  Flash_initModule                  
0     00080e38  GPIO_setAnalogMode                
0     00082793  GPIO_setDirectionMode             
0     00082045  GPIO_setPadConfig                 
0     000825eb  GPIO_setPinConfig                 
0     00082622  GPIO_setQualificationMode         
0     00082579  GPIO_setQualificationPeriod       
0     000832bf  INTERRUPT_init                    
0     00082fc5  Interrupt_defaultHandler          
0     00082659  Interrupt_enable                  
0     00083372  Interrupt_illegalOperationHandler 
0     000824c7  Interrupt_initModule              
0     00082c10  Interrupt_initVectorTable         
0     0008337c  Interrupt_nmiHandler              
0     000805bc  MCANConfig                        
0     00080c50  MCANIntr1ISR                      
0     000831d6  MCANIntrConfig                    
0     000820e8  MCAN_addStdMsgIDFilter            
0     00082d43  MCAN_clearInterrupt               
0     0008306e  MCAN_clearIntrStatus              
0     00082b77  MCAN_clearNewDataStatus           
0     000826fb  MCAN_enableIntr                   
0     000828d6  MCAN_enableIntrLine               
0     000831e9  MCAN_getIntrStatus                
0     00083175  MCAN_getMsgObjSize                
0     00082c4b  MCAN_getNewDataStatus             
0     00082f10  MCAN_getOpMode                    
0     000817ce  MCAN_getRxFIFOStatus              
0     000831fc  MCAN_getTxBufReqPend              
0     00080d48  MCAN_init                         
0     00082b96  MCAN_isMemInitDone                
0     00080008  MCAN_msgRAMConfig                 
0     00081422  MCAN_readMsgRam                   
0     0008272e  MCAN_selectIntrLine               
0     00081182  MCAN_setBitTime                   
0     00082dc4  MCAN_setOpMode                    
0     0008287f  MCAN_txBufAddReq                  
0     00081fee  MCAN_writeMsgRam                  
0     00081f3c  MCAN_writeRxFIFOAck               
0     000823cb  PGA_setOffsetTrimNMOS             
0     00082387  PGA_setOffsetTrimPMOS             
0     00080338  PinMux_init                       
abs   0008441f  RamfuncsLoadEnd                   
abs   000007b7  RamfuncsLoadSize                  
abs   00083c68  RamfuncsLoadStart                 
abs   0000c7b7  RamfuncsRunEnd                    
abs   000007b7  RamfuncsRunSize                   
abs   0000c000  RamfuncsRunStart                  
0     0000c7b3  SysCtl_delay                      
0     00081d59  SysCtl_getClock                   
0     00082d5d  SysCtl_getLowSpeedClock           
0     00080b52  SysCtl_isPLLValid                 
0     0008226f  SysCtl_selectOscSource            
0     000822fc  SysCtl_selectXTAL                 
0     0008299f  SysCtl_selectXTALSingleEnded      
0     000806e8  SysCtl_setClock                   
0     0000c518  Write_32                          
0     0000c4ee  Write_32bp                        
0     00084468  __TI_CINIT_Base                   
0     00084470  __TI_CINIT_Limit                  
0     00084470  __TI_CINIT_Warm                   
0     0008445e  __TI_Handler_Table_Base           
0     00084464  __TI_Handler_Table_Limit          
0     0000c9b8  __TI_STACK_END                    
abs   00000200  __TI_STACK_SIZE                   
0     000828ab  __TI_auto_init_nobinit_nopinit    
0     0000a878  __TI_cleanup_ptr                  
0     000827c4  __TI_decompress_lzss              
0     000833a0  __TI_decompress_none              
0     0000a87a  __TI_dtors_ptr                    
0     0000a876  __TI_enable_exit_profile_output   
abs   ffffffff  __TI_pprof_out_hndl               
abs   ffffffff  __TI_prof_data_size               
abs   ffffffff  __TI_prof_data_start              
0     000833ec  __TI_zero_init                    
0     00081545  __c28xabi_divf                    
0     00083352  __c28xabi_divu                    
0     00083357  __c28xabi_modu                    
n/a   UNDEFED   __c_args__                        
0     000833fc  __error__                         
0     0000c7b8  __stack                           
0     00083319  _args_main                        
0     00082f6c  _c_int00                          
0     0000a886  _lock                             
0     0008338e  _nop                              
0     0008338a  _register_lock                    
0     00083386  _register_unlock                  
0     00082951  _system_post_cinit                
0     00083405  _system_pre_init                  
0     0000a888  _unlock                           
0     00082928  abort                             
0     000801ca  adcA1ISR                          
0     0000fc00  address                           
0     0000a856  addressToWrite                    
0     0000a84e  allFramesReceived                 
0     0000a86e  allVoltagesReceived               
0     0000faf0  branchData                        
0     0000a84a  bufferFull                        
0     00081b51  calibDataUpdateFailAck            
0     00081bb9  calibDataUpdateSuccessAck         
0     00082222  checkAddressChange                
0     00080000  code_start                        
0     00082690  configCPUTimer                    
0     000826c6  configureTimer2                   
0     0008192e  copyRxFIFO                        
0     00081e23  copyVoltageRxFIFO                 
0     0000e6e6  cpuTimer1IntCount                 
0     00082761  cpuTimer2ISR                      
0     0000fc02  datasize                          
0     0000a84c  discoveryAckReceived              
0     0000a84b  discoveryInProgress               
0     0000a852  discoveryRetryCount               
0     0000a846  emptySectorFound                  
0     00082186  eraseBank4                        
0     00082489  eraseSectorOrFindEmptySector      
0     00081c21  erasedBank4Ack                    
0     0000a88c  errno                             
0     0000e6e5  error                             
0     0008292a  exit                              
0     00082097  findReadAndWriteAddress           
0     0000fd3e  firstBUFrameData                  
0     0000a880  firstBUFrameReceived              
0     0000a847  flashWriteEnabled                 
0     0000e6e4  frameCounter                      
0     00082137  frameTrackingTimerISR             
0     0000a884  gainAckReceived                   
0     00082d77  handleDiscoveryProcess            
0     00082e28  handleGainRetransmission          
0     0008123b  handleMissingFrames               
0     000812e0  initBranchRuntime                 
0     00082851  initCPUTimers                     
0     000821d4  initDIPSwitchGPIO                 
0     000825b2  initEPWM                          
0     00082bb5  initFrameTracking                 
0     00083300  initializePDUManager              
0     0008320f  isVoltageDataComplete             
0     0000a87c  m                                 
0     000810c0  main                              
0     00081c89  maxRetriesExceeded                
0     00082c68  memcpy                            
0     000833d3  memset                            
0     0008092d  myADC0_init                       
0     00081751  myADC1_init                       
0     0000a844  newestData                        
0     0000a845  oldestData                        
0     0000fc40  pduManager                        
0     0008048d  prepareBranchFrame                
0     00081a7d  prepareFramesForTransmission      
0     00081654  processBUBoardData                
0     00081384  processBUFrames                   
0     0008240c  processBUSpecificMessage          
0     00083098  processDiscoveryAck               
0     0008330d  processGainAcknowledgment         
0     000814ba  processVoltageFrame               
0     0000a85a  readAddress                       
0     000829c4  readCANAddress                    
0     000832a3  readDIPSwitch                     
0     0000efd8  receivedBuffer                    
0     0000a850  receivedFramesMask                
0     0000a84f  requestRetransmission             
0     000815cd  resetCANModule                    
0     00083245  resetDiscoveryFlags               
0     00082d91  resetFrameTrackingVariables       
0     0000fd7e  retransmissionData                
0     0000a885  retryCount                        
0     0000a851  retryCounter                      
0     0000e700  runtimeVoltageData                
0     0000e000  rxFIFO0Msg                        
0     0000f7a8  rxMsg                             
0     0000fdbe  secondBUFrameData                 
0     0000a881  secondBUFrameReceived             
0     00081a10  sendBUFrameAcknowledgment         
0     00081ae7  sendCalibrationDataFormatVersion  
0     00081edf  sendDiscoveryMessage              
0     0000a882  sequenceStarted                   
0     00082952  sqrtf                             
0     00082979  startBranchTransmission           
0     00083189  startDiscoveryTimer               
0     00083325  startGainTransmissionRetry        
0     00081e81  startupfunc                       
0     0000f3d8  storedFrames                      
0     0008335d  syncReadWriteToWorking            
0     0008338f  syncVoltageData                   
0     0000e980  syncedVoltageData                 
0     0000a883  timer2Expired                     
0     0000a84d  timerExpired                      
0     0008199f  transmit                          
0     00081dbe  transmitBranchParameters          
0     000816d3  transmitGainFrames                
0     0000a849  updateFailed                      
0     0000a86c  voltageDataReady                  
0     0000a86d  voltageFrameReceived              
0     0000a858  writeAddress                      
0     00081f96  writeDefaultCalibrationValues     
0     0000c60f  writeToFlash                      
0     00081cf1  writtenDefaultCalibrationValuesAck


GLOBAL SYMBOLS: SORTED BY Symbol Address 

page  address   name                              
----  -------   ----                              
0     0000a844  newestData                        
0     0000a845  oldestData                        
0     0000a846  emptySectorFound                  
0     0000a847  flashWriteEnabled                 
0     0000a848  CommandReceived                   
0     0000a849  updateFailed                      
0     0000a84a  bufferFull                        
0     0000a84b  discoveryInProgress               
0     0000a84c  discoveryAckReceived              
0     0000a84d  timerExpired                      
0     0000a84e  allFramesReceived                 
0     0000a84f  requestRetransmission             
0     0000a850  receivedFramesMask                
0     0000a851  retryCounter                      
0     0000a852  discoveryRetryCount               
0     0000a854  Buffer32                          
0     0000a856  addressToWrite                    
0     0000a858  writeAddress                      
0     0000a85a  readAddress                       
0     0000a86c  voltageDataReady                  
0     0000a86d  voltageFrameReceived              
0     0000a86e  allVoltagesReceived               
0     0000a876  __TI_enable_exit_profile_output   
0     0000a878  __TI_cleanup_ptr                  
0     0000a87a  __TI_dtors_ptr                    
0     0000a87c  m                                 
0     0000a880  firstBUFrameReceived              
0     0000a881  secondBUFrameReceived             
0     0000a882  sequenceStarted                   
0     0000a883  timer2Expired                     
0     0000a884  gainAckReceived                   
0     0000a885  retryCount                        
0     0000a886  _lock                             
0     0000a888  _unlock                           
0     0000a88c  errno                             
0     0000c000  Fapi_issueProgrammingCommand      
0     0000c189  Fapi_initializeAPI                
0     0000c303  Fapi_loopRegionForValue           
0     0000c375  Fapi_doBlankCheck                 
0     0000c3c3  Fapi_issueBankEraseCommand        
0     0000c405  Fapi_isAddressEcc                 
0     0000c441  Fapi_isAddressValid               
0     0000c47c  Fapi_issueAsyncCommandWithAddress 
0     0000c4b6  Fapi_doVerify                     
0     0000c4ee  Write_32bp                        
0     0000c518  Write_32                          
0     0000c53e  Fapi_issueAsyncCommand            
0     0000c562  Fapi_checkRegionForValue          
0     0000c585  Fapi_setupBankSectorEnable        
0     0000c5a6  Fapi_CheckLinkPointers            
0     0000c5c2  Fapi_flushPipeline                
0     0000c5d7  Fapi_issueFsmCommand              
0     0000c5e8  Fapi_regReadback                  
0     0000c5f8  Fapi_checkFsmForReady             
0     0000c605  Fapi_setActiveFlashBank           
0     0000c60b  Fapi_getFsmStatus                 
0     0000c60f  writeToFlash                      
0     0000c675  Example_EraseSector               
0     0000c6af  Flash_initModule                  
0     0000c707  FlashAPI_init                     
0     0000c726  ClearFSMStatus                    
0     0000c7b3  SysCtl_delay                      
0     0000c7b8  __stack                           
0     0000c9b8  __TI_STACK_END                    
0     0000e000  rxFIFO0Msg                        
0     0000e6e4  frameCounter                      
0     0000e6e5  error                             
0     0000e6e6  cpuTimer1IntCount                 
0     0000e700  runtimeVoltageData                
0     0000e980  syncedVoltageData                 
0     0000ebd8  Buffer                            
0     0000efd8  receivedBuffer                    
0     0000f3d8  storedFrames                      
0     0000f7a8  rxMsg                             
0     0000faf0  branchData                        
0     0000fc00  address                           
0     0000fc02  datasize                          
0     0000fc40  pduManager                        
0     0000fcc0  Branch                            
0     0000fd3e  firstBUFrameData                  
0     0000fd7e  retransmissionData                
0     0000fdbe  secondBUFrameData                 
0     00080000  code_start                        
0     00080008  MCAN_msgRAMConfig                 
0     000801ca  adcA1ISR                          
0     00080338  PinMux_init                       
0     0008048d  prepareBranchFrame                
0     000805bc  MCANConfig                        
0     000806e8  SysCtl_setClock                   
0     0008092d  myADC0_init                       
0     00080b52  SysCtl_isPLLValid                 
0     00080c50  MCANIntr1ISR                      
0     00080d48  MCAN_init                         
0     00080e38  GPIO_setAnalogMode                
0     00080f23  Device_enableAllPeripherals       
0     00080ffb  Device_init                       
0     000810c0  main                              
0     00081182  MCAN_setBitTime                   
0     0008123b  handleMissingFrames               
0     000812e0  initBranchRuntime                 
0     00081384  processBUFrames                   
0     00081422  MCAN_readMsgRam                   
0     000814ba  processVoltageFrame               
0     00081545  __c28xabi_divf                    
0     000815cd  resetCANModule                    
0     00081654  processBUBoardData                
0     000816d3  transmitGainFrames                
0     00081751  myADC1_init                       
0     000817ce  MCAN_getRxFIFOStatus              
0     0008192e  copyRxFIFO                        
0     0008199f  transmit                          
0     00081a10  sendBUFrameAcknowledgment         
0     00081a7d  prepareFramesForTransmission      
0     00081ae7  sendCalibrationDataFormatVersion  
0     00081b51  calibDataUpdateFailAck            
0     00081bb9  calibDataUpdateSuccessAck         
0     00081c21  erasedBank4Ack                    
0     00081c89  maxRetriesExceeded                
0     00081cf1  writtenDefaultCalibrationValuesAck
0     00081d59  SysCtl_getClock                   
0     00081dbe  transmitBranchParameters          
0     00081e23  copyVoltageRxFIFO                 
0     00081e81  startupfunc                       
0     00081edf  sendDiscoveryMessage              
0     00081f3c  MCAN_writeRxFIFOAck               
0     00081f96  writeDefaultCalibrationValues     
0     00081fee  MCAN_writeMsgRam                  
0     00082045  GPIO_setPadConfig                 
0     00082097  findReadAndWriteAddress           
0     000820e8  MCAN_addStdMsgIDFilter            
0     00082137  frameTrackingTimerISR             
0     00082186  eraseBank4                        
0     000821d4  initDIPSwitchGPIO                 
0     00082222  checkAddressChange                
0     0008226f  SysCtl_selectOscSource            
0     000822fc  SysCtl_selectXTAL                 
0     00082387  PGA_setOffsetTrimPMOS             
0     000823cb  PGA_setOffsetTrimNMOS             
0     0008240c  processBUSpecificMessage          
0     0008244b  ADC_setVREF                       
0     00082489  eraseSectorOrFindEmptySector      
0     000824c7  Interrupt_initModule              
0     00082579  GPIO_setQualificationPeriod       
0     000825b2  initEPWM                          
0     000825eb  GPIO_setPinConfig                 
0     00082622  GPIO_setQualificationMode         
0     00082659  Interrupt_enable                  
0     00082690  configCPUTimer                    
0     000826c6  configureTimer2                   
0     000826fb  MCAN_enableIntr                   
0     0008272e  MCAN_selectIntrLine               
0     00082761  cpuTimer2ISR                      
0     00082793  GPIO_setDirectionMode             
0     000827c4  __TI_decompress_lzss              
0     00082851  initCPUTimers                     
0     0008287f  MCAN_txBufAddReq                  
0     000828ab  __TI_auto_init_nobinit_nopinit    
0     000828d6  MCAN_enableIntrLine               
0     00082928  C$$EXIT                           
0     00082928  abort                             
0     0008292a  exit                              
0     00082951  _system_post_cinit                
0     00082952  sqrtf                             
0     00082979  startBranchTransmission           
0     0008299f  SysCtl_selectXTALSingleEnded      
0     000829c4  readCANAddress                    
0     00082b77  MCAN_clearNewDataStatus           
0     00082b96  MCAN_isMemInitDone                
0     00082bb5  initFrameTracking                 
0     00082c10  Interrupt_initVectorTable         
0     00082c2e  ASysCtl_setAnalogReferenceInternal
0     00082c4b  MCAN_getNewDataStatus             
0     00082c68  memcpy                            
0     00082d29  Device_initGPIO                   
0     00082d43  MCAN_clearInterrupt               
0     00082d5d  SysCtl_getLowSpeedClock           
0     00082d77  handleDiscoveryProcess            
0     00082d91  resetFrameTrackingVariables       
0     00082dc4  MCAN_setOpMode                    
0     00082e28  handleGainRetransmission          
0     00082f10  MCAN_getOpMode                    
0     00082f6c  _c_int00                          
0     00082fc5  Interrupt_defaultHandler          
0     0008306e  MCAN_clearIntrStatus              
0     00083098  processDiscoveryAck               
0     00083175  MCAN_getMsgObjSize                
0     00083189  startDiscoveryTimer               
0     000831c3  CPUTimer_setEmulationMode         
0     000831d6  MCANIntrConfig                    
0     000831e9  MCAN_getIntrStatus                
0     000831fc  MCAN_getTxBufReqPend              
0     0008320f  isVoltageDataComplete             
0     00083245  resetDiscoveryFlags               
0     000832a3  readDIPSwitch                     
0     000832bf  INTERRUPT_init                    
0     00083300  initializePDUManager              
0     0008330d  processGainAcknowledgment         
0     00083319  _args_main                        
0     00083325  startGainTransmissionRetry        
0     00083331  Board_init                        
0     00083352  __c28xabi_divu                    
0     00083357  __c28xabi_modu                    
0     0008335d  syncReadWriteToWorking            
0     00083368  ASYSCTL_init                      
0     00083372  Interrupt_illegalOperationHandler 
0     0008337c  Interrupt_nmiHandler              
0     00083386  _register_unlock                  
0     0008338a  _register_lock                    
0     0008338e  _nop                              
0     0008338f  syncVoltageData                   
0     00083398  Example_Error                     
0     000833a0  __TI_decompress_none              
0     000833d3  memset                            
0     000833ec  __TI_zero_init                    
0     000833f2  ADC_init                          
0     000833f7  FMSTAT_Fail                       
0     000833fc  __error__                         
0     00083401  Example_Done                      
0     00083405  _system_pre_init                  
0     0008445e  __TI_Handler_Table_Base           
0     00084464  __TI_Handler_Table_Limit          
0     00084468  __TI_CINIT_Base                   
0     00084470  __TI_CINIT_Limit                  
0     00084470  __TI_CINIT_Warm                   
abs   00000200  __TI_STACK_SIZE                   
abs   000007b7  RamfuncsLoadSize                  
abs   000007b7  RamfuncsRunSize                   
abs   0000c000  RamfuncsRunStart                  
abs   0000c7b7  RamfuncsRunEnd                    
abs   00083c68  RamfuncsLoadStart                 
abs   0008441f  RamfuncsLoadEnd                   
abs   ffffffff  __TI_pprof_out_hndl               
abs   ffffffff  __TI_prof_data_size               
abs   ffffffff  __TI_prof_data_start              
n/a   UNDEFED   __c_args__                        

[235 symbols]
